<?xml version="1.0" encoding="ISO-8859-1" ?>
<link_info>
   <banner>TI ARM Linker PC v20.2.7.LTS</banner>
   <copyright>Copyright (c) 1996-2018 Texas Instruments Incorporated</copyright>
   <link_time>0x652b7ce1</link_time>
   <link_errors>0x0</link_errors>
   <output_file>gpiointerrupt_CC3220S_LAUNCHXL_nortos_ccs.out</output_file>
   <entry_point>
      <name>resetISR</name>
      <address>0x20012201</address>
   </entry_point>
   <input_file_list>
      <input_file id="fl-2">
         <path>.\</path>
         <kind>object</kind>
         <file>gpiointerrupt.obj</file>
         <name>gpiointerrupt.obj</name>
      </input_file>
      <input_file id="fl-3">
         <path>.\syscfg\</path>
         <kind>object</kind>
         <file>ti_drivers_config.obj</file>
         <name>ti_drivers_config.obj</name>
      </input_file>
      <input_file id="fl-4">
         <path>.\</path>
         <kind>object</kind>
         <file>main_nortos.obj</file>
         <name>main_nortos.obj</name>
      </input_file>
      <input_file id="fl-d">
         <kind>object</kind>
         <file>&lt;internal&gt;</file>
         <name>&lt;internal&gt;</name>
      </input_file>
      <input_file id="fl-e">
         <path>C:\ti\simplelink_cc32xx_sdk_4_30_00_06\source\ti\drivers\lib\ccs\m4\</path>
         <kind>archive</kind>
         <file>drivers_cc32xx.a</file>
         <name>I2C.oem4</name>
      </input_file>
      <input_file id="fl-f">
         <path>C:\ti\simplelink_cc32xx_sdk_4_30_00_06\source\ti\drivers\lib\ccs\m4\</path>
         <kind>archive</kind>
         <file>drivers_cc32xx.a</file>
         <name>Timer.oem4</name>
      </input_file>
      <input_file id="fl-10">
         <path>C:\ti\simplelink_cc32xx_sdk_4_30_00_06\source\ti\drivers\lib\ccs\m4\</path>
         <kind>archive</kind>
         <file>drivers_cc32xx.a</file>
         <name>UART.oem4</name>
      </input_file>
      <input_file id="fl-11">
         <path>C:\ti\simplelink_cc32xx_sdk_4_30_00_06\source\ti\drivers\lib\ccs\m4\</path>
         <kind>archive</kind>
         <file>drivers_cc32xx.a</file>
         <name>GPIOCC32XX.oem4</name>
      </input_file>
      <input_file id="fl-12">
         <path>C:\ti\simplelink_cc32xx_sdk_4_30_00_06\source\ti\drivers\lib\ccs\m4\</path>
         <kind>archive</kind>
         <file>drivers_cc32xx.a</file>
         <name>I2CCC32XX.oem4</name>
      </input_file>
      <input_file id="fl-13">
         <path>C:\ti\simplelink_cc32xx_sdk_4_30_00_06\source\ti\drivers\lib\ccs\m4\</path>
         <kind>archive</kind>
         <file>drivers_cc32xx.a</file>
         <name>PowerCC32XX.oem4</name>
      </input_file>
      <input_file id="fl-14">
         <path>C:\ti\simplelink_cc32xx_sdk_4_30_00_06\source\ti\drivers\lib\ccs\m4\</path>
         <kind>archive</kind>
         <file>drivers_cc32xx.a</file>
         <name>PowerCC32XX_asm.oem4</name>
      </input_file>
      <input_file id="fl-15">
         <path>C:\ti\simplelink_cc32xx_sdk_4_30_00_06\source\ti\drivers\lib\ccs\m4\</path>
         <kind>archive</kind>
         <file>drivers_cc32xx.a</file>
         <name>TimerCC32XX.oem4</name>
      </input_file>
      <input_file id="fl-16">
         <path>C:\ti\simplelink_cc32xx_sdk_4_30_00_06\source\ti\drivers\lib\ccs\m4\</path>
         <kind>archive</kind>
         <file>drivers_cc32xx.a</file>
         <name>UARTCC32XX.oem4</name>
      </input_file>
      <input_file id="fl-17">
         <path>C:\ti\simplelink_cc32xx_sdk_4_30_00_06\source\ti\drivers\lib\ccs\m4\</path>
         <kind>archive</kind>
         <file>drivers_cc32xx.a</file>
         <name>List.oem4</name>
      </input_file>
      <input_file id="fl-18">
         <path>C:\ti\simplelink_cc32xx_sdk_4_30_00_06\source\ti\drivers\lib\ccs\m4\</path>
         <kind>archive</kind>
         <file>drivers_cc32xx.a</file>
         <name>RingBuf.oem4</name>
      </input_file>
      <input_file id="fl-19">
         <path>C:\ti\simplelink_cc32xx_sdk_4_30_00_06\kernel\nortos\lib\ccs\m4\</path>
         <kind>archive</kind>
         <file>nortos_cc32xx.a</file>
         <name>NoRTOS.oem4</name>
      </input_file>
      <input_file id="fl-1a">
         <path>C:\ti\simplelink_cc32xx_sdk_4_30_00_06\kernel\nortos\lib\ccs\m4\</path>
         <kind>archive</kind>
         <file>nortos_cc32xx.a</file>
         <name>SemaphoreP_nortos.oem4</name>
      </input_file>
      <input_file id="fl-1b">
         <path>C:\ti\simplelink_cc32xx_sdk_4_30_00_06\kernel\nortos\lib\ccs\m4\</path>
         <kind>archive</kind>
         <file>nortos_cc32xx.a</file>
         <name>ClockPSysTick_nortos.oem4</name>
      </input_file>
      <input_file id="fl-1c">
         <path>C:\ti\simplelink_cc32xx_sdk_4_30_00_06\kernel\nortos\lib\ccs\m4\</path>
         <kind>archive</kind>
         <file>nortos_cc32xx.a</file>
         <name>HwiPCC32XX_nortos.oem4</name>
      </input_file>
      <input_file id="fl-1d">
         <path>C:\ti\simplelink_cc32xx_sdk_4_30_00_06\kernel\nortos\lib\ccs\m4\</path>
         <kind>archive</kind>
         <file>nortos_cc32xx.a</file>
         <name>PowerCC32XX_nortos.oem4</name>
      </input_file>
      <input_file id="fl-1e">
         <path>C:\ti\simplelink_cc32xx_sdk_4_30_00_06\kernel\nortos\lib\ccs\m4\</path>
         <kind>archive</kind>
         <file>nortos_cc32xx.a</file>
         <name>startup_cc32xx_ccs.oem4</name>
      </input_file>
      <input_file id="fl-1f">
         <path>C:\ti\simplelink_cc32xx_sdk_4_30_00_06\kernel\nortos\lib\ccs\m4\</path>
         <kind>archive</kind>
         <file>nortos_cc32xx.a</file>
         <name>SwiP_nortos.oem4</name>
      </input_file>
      <input_file id="fl-20">
         <path>C:\ti\simplelink_cc32xx_sdk_4_30_00_06\kernel\nortos\lib\ccs\m4\</path>
         <kind>archive</kind>
         <file>nortos_cc32xx.a</file>
         <name>QueueP_nortos.oem4</name>
      </input_file>
      <input_file id="fl-21">
         <path>C:\ti\simplelink_cc32xx_sdk_4_30_00_06\source\ti\devices\cc32xx\driverlib\ccs\Release\</path>
         <kind>archive</kind>
         <file>driverlib.a</file>
         <name>cpu.obj</name>
      </input_file>
      <input_file id="fl-22">
         <path>C:\ti\simplelink_cc32xx_sdk_4_30_00_06\source\ti\devices\cc32xx\driverlib\ccs\Release\</path>
         <kind>archive</kind>
         <file>driverlib.a</file>
         <name>i2c.obj</name>
      </input_file>
      <input_file id="fl-23">
         <path>C:\ti\simplelink_cc32xx_sdk_4_30_00_06\source\ti\devices\cc32xx\driverlib\ccs\Release\</path>
         <kind>archive</kind>
         <file>driverlib.a</file>
         <name>interrupt.obj</name>
      </input_file>
      <input_file id="fl-24">
         <path>C:\ti\simplelink_cc32xx_sdk_4_30_00_06\source\ti\devices\cc32xx\driverlib\ccs\Release\</path>
         <kind>archive</kind>
         <file>driverlib.a</file>
         <name>pin.obj</name>
      </input_file>
      <input_file id="fl-25">
         <path>C:\ti\simplelink_cc32xx_sdk_4_30_00_06\source\ti\devices\cc32xx\driverlib\ccs\Release\</path>
         <kind>archive</kind>
         <file>driverlib.a</file>
         <name>prcm.obj</name>
      </input_file>
      <input_file id="fl-26">
         <path>C:\ti\simplelink_cc32xx_sdk_4_30_00_06\source\ti\devices\cc32xx\driverlib\ccs\Release\</path>
         <kind>archive</kind>
         <file>driverlib.a</file>
         <name>timer.obj</name>
      </input_file>
      <input_file id="fl-27">
         <path>C:\ti\simplelink_cc32xx_sdk_4_30_00_06\source\ti\devices\cc32xx\driverlib\ccs\Release\</path>
         <kind>archive</kind>
         <file>driverlib.a</file>
         <name>uart.obj</name>
      </input_file>
      <input_file id="fl-28">
         <path>C:\ti\simplelink_cc32xx_sdk_4_30_00_06\source\ti\devices\cc32xx\driverlib\ccs\Release\</path>
         <kind>archive</kind>
         <file>driverlib.a</file>
         <name>utils.obj</name>
      </input_file>
      <input_file id="fl-29">
         <path>C:\ti\simplelink_cc32xx_sdk_4_30_00_06\source\ti\devices\cc32xx\driverlib\ccs\Release\</path>
         <kind>archive</kind>
         <file>driverlib.a</file>
         <name>flash.obj</name>
      </input_file>
      <input_file id="fl-df">
         <path>C:\ti\ccs1250\ccs\tools\compiler\ti-cgt-arm_20.2.7.LTS\lib\</path>
         <kind>archive</kind>
         <file>rtsv7M4_T_le_eabi.lib</file>
         <name>snprintf.c.obj</name>
      </input_file>
      <input_file id="fl-e0">
         <path>C:\ti\ccs1250\ccs\tools\compiler\ti-cgt-arm_20.2.7.LTS\lib\</path>
         <kind>archive</kind>
         <file>rtsv7M4_T_le_eabi.lib</file>
         <name>fd_toi_t2.asm.obj</name>
      </input_file>
      <input_file id="fl-e1">
         <path>C:\ti\ccs1250\ccs\tools\compiler\ti-cgt-arm_20.2.7.LTS\lib\</path>
         <kind>archive</kind>
         <file>rtsv7M4_T_le_eabi.lib</file>
         <name>fs_cmp_t2.asm.obj</name>
      </input_file>
      <input_file id="fl-e2">
         <path>C:\ti\ccs1250\ccs\tools\compiler\ti-cgt-arm_20.2.7.LTS\lib\</path>
         <kind>archive</kind>
         <file>rtsv7M4_T_le_eabi.lib</file>
         <name>fs_mul_t2.asm.obj</name>
      </input_file>
      <input_file id="fl-e3">
         <path>C:\ti\ccs1250\ccs\tools\compiler\ti-cgt-arm_20.2.7.LTS\lib\</path>
         <kind>archive</kind>
         <file>rtsv7M4_T_le_eabi.lib</file>
         <name>fs_toi_t2.asm.obj</name>
      </input_file>
      <input_file id="fl-e4">
         <path>C:\ti\ccs1250\ccs\tools\compiler\ti-cgt-arm_20.2.7.LTS\lib\</path>
         <kind>archive</kind>
         <file>rtsv7M4_T_le_eabi.lib</file>
         <name>i_tofs_t2.asm.obj</name>
      </input_file>
      <input_file id="fl-e5">
         <path>C:\ti\ccs1250\ccs\tools\compiler\ti-cgt-arm_20.2.7.LTS\lib\</path>
         <kind>archive</kind>
         <file>rtsv7M4_T_le_eabi.lib</file>
         <name>ll_mul_t2.asm.obj</name>
      </input_file>
      <input_file id="fl-e6">
         <path>C:\ti\ccs1250\ccs\tools\compiler\ti-cgt-arm_20.2.7.LTS\lib\</path>
         <kind>archive</kind>
         <file>rtsv7M4_T_le_eabi.lib</file>
         <name>memcpy_t2.asm.obj</name>
      </input_file>
      <input_file id="fl-e7">
         <path>C:\ti\ccs1250\ccs\tools\compiler\ti-cgt-arm_20.2.7.LTS\lib\</path>
         <kind>archive</kind>
         <file>rtsv7M4_T_le_eabi.lib</file>
         <name>ull_div_t2.asm.obj</name>
      </input_file>
      <input_file id="fl-e8">
         <path>C:\ti\ccs1250\ccs\tools\compiler\ti-cgt-arm_20.2.7.LTS\lib\</path>
         <kind>archive</kind>
         <file>rtsv7M4_T_le_eabi.lib</file>
         <name>copy_zero_init.c.obj</name>
      </input_file>
      <input_file id="fl-e9">
         <path>C:\ti\ccs1250\ccs\tools\compiler\ti-cgt-arm_20.2.7.LTS\lib\</path>
         <kind>archive</kind>
         <file>rtsv7M4_T_le_eabi.lib</file>
         <name>copy_decompress_none.c.obj</name>
      </input_file>
      <input_file id="fl-ea">
         <path>C:\ti\ccs1250\ccs\tools\compiler\ti-cgt-arm_20.2.7.LTS\lib\</path>
         <kind>archive</kind>
         <file>rtsv7M4_T_le_eabi.lib</file>
         <name>copy_decompress_lzss.c.obj</name>
      </input_file>
      <input_file id="fl-eb">
         <path>C:\ti\ccs1250\ccs\tools\compiler\ti-cgt-arm_20.2.7.LTS\lib\</path>
         <kind>archive</kind>
         <file>rtsv7M4_T_le_eabi.lib</file>
         <name>difftime.c.obj</name>
      </input_file>
      <input_file id="fl-ec">
         <path>C:\ti\ccs1250\ccs\tools\compiler\ti-cgt-arm_20.2.7.LTS\lib\</path>
         <kind>archive</kind>
         <file>rtsv7M4_T_le_eabi.lib</file>
         <name>memory.c.obj</name>
      </input_file>
      <input_file id="fl-ed">
         <path>C:\ti\ccs1250\ccs\tools\compiler\ti-cgt-arm_20.2.7.LTS\lib\</path>
         <kind>archive</kind>
         <file>rtsv7M4_T_le_eabi.lib</file>
         <name>boot_cortex_m.c.obj</name>
      </input_file>
      <input_file id="fl-ee">
         <path>C:\ti\ccs1250\ccs\tools\compiler\ti-cgt-arm_20.2.7.LTS\lib\</path>
         <kind>archive</kind>
         <file>rtsv7M4_T_le_eabi.lib</file>
         <name>time.c.obj</name>
      </input_file>
      <input_file id="fl-ef">
         <path>C:\ti\ccs1250\ccs\tools\compiler\ti-cgt-arm_20.2.7.LTS\lib\</path>
         <kind>archive</kind>
         <file>rtsv7M4_T_le_eabi.lib</file>
         <name>_printfi.c.obj</name>
      </input_file>
      <input_file id="fl-f0">
         <path>C:\ti\ccs1250\ccs\tools\compiler\ti-cgt-arm_20.2.7.LTS\lib\</path>
         <kind>archive</kind>
         <file>rtsv7M4_T_le_eabi.lib</file>
         <name>div0.asm.obj</name>
      </input_file>
      <input_file id="fl-f1">
         <path>C:\ti\ccs1250\ccs\tools\compiler\ti-cgt-arm_20.2.7.LTS\lib\</path>
         <kind>archive</kind>
         <file>rtsv7M4_T_le_eabi.lib</file>
         <name>fd_add_t2.asm.obj</name>
      </input_file>
      <input_file id="fl-f2">
         <path>C:\ti\ccs1250\ccs\tools\compiler\ti-cgt-arm_20.2.7.LTS\lib\</path>
         <kind>archive</kind>
         <file>rtsv7M4_T_le_eabi.lib</file>
         <name>fd_cmp_t2.asm.obj</name>
      </input_file>
      <input_file id="fl-f3">
         <path>C:\ti\ccs1250\ccs\tools\compiler\ti-cgt-arm_20.2.7.LTS\lib\</path>
         <kind>archive</kind>
         <file>rtsv7M4_T_le_eabi.lib</file>
         <name>fd_div_t2.asm.obj</name>
      </input_file>
      <input_file id="fl-f4">
         <path>C:\ti\ccs1250\ccs\tools\compiler\ti-cgt-arm_20.2.7.LTS\lib\</path>
         <kind>archive</kind>
         <file>rtsv7M4_T_le_eabi.lib</file>
         <name>fd_mul_t2.asm.obj</name>
      </input_file>
      <input_file id="fl-f5">
         <path>C:\ti\ccs1250\ccs\tools\compiler\ti-cgt-arm_20.2.7.LTS\lib\</path>
         <kind>archive</kind>
         <file>rtsv7M4_T_le_eabi.lib</file>
         <name>i_tofd_t2.asm.obj</name>
      </input_file>
      <input_file id="fl-f6">
         <path>C:\ti\ccs1250\ccs\tools\compiler\ti-cgt-arm_20.2.7.LTS\lib\</path>
         <kind>archive</kind>
         <file>rtsv7M4_T_le_eabi.lib</file>
         <name>u_tofd_t2.asm.obj</name>
      </input_file>
      <input_file id="fl-f7">
         <path>C:\ti\ccs1250\ccs\tools\compiler\ti-cgt-arm_20.2.7.LTS\lib\</path>
         <kind>archive</kind>
         <file>rtsv7M4_T_le_eabi.lib</file>
         <name>memset_t2.asm.obj</name>
      </input_file>
      <input_file id="fl-f8">
         <path>C:\ti\ccs1250\ccs\tools\compiler\ti-cgt-arm_20.2.7.LTS\lib\</path>
         <kind>archive</kind>
         <file>rtsv7M4_T_le_eabi.lib</file>
         <name>autoinit.c.obj</name>
      </input_file>
      <input_file id="fl-f9">
         <path>C:\ti\ccs1250\ccs\tools\compiler\ti-cgt-arm_20.2.7.LTS\lib\</path>
         <kind>archive</kind>
         <file>rtsv7M4_T_le_eabi.lib</file>
         <name>pre_init.c.obj</name>
      </input_file>
      <input_file id="fl-fa">
         <path>C:\ti\ccs1250\ccs\tools\compiler\ti-cgt-arm_20.2.7.LTS\lib\</path>
         <kind>archive</kind>
         <file>rtsv7M4_T_le_eabi.lib</file>
         <name>cpy_tbl.c.obj</name>
      </input_file>
      <input_file id="fl-fb">
         <path>C:\ti\ccs1250\ccs\tools\compiler\ti-cgt-arm_20.2.7.LTS\lib\</path>
         <kind>archive</kind>
         <file>rtsv7M4_T_le_eabi.lib</file>
         <name>exit.c.obj</name>
      </input_file>
      <input_file id="fl-fc">
         <path>C:\ti\ccs1250\ccs\tools\compiler\ti-cgt-arm_20.2.7.LTS\lib\</path>
         <kind>archive</kind>
         <file>rtsv7M4_T_le_eabi.lib</file>
         <name>_lock.c.obj</name>
      </input_file>
      <input_file id="fl-fd">
         <path>C:\ti\ccs1250\ccs\tools\compiler\ti-cgt-arm_20.2.7.LTS\lib\</path>
         <kind>archive</kind>
         <file>rtsv7M4_T_le_eabi.lib</file>
         <name>_ltoa.c.obj</name>
      </input_file>
      <input_file id="fl-fe">
         <path>C:\ti\ccs1250\ccs\tools\compiler\ti-cgt-arm_20.2.7.LTS\lib\</path>
         <kind>archive</kind>
         <file>rtsv7M4_T_le_eabi.lib</file>
         <name>args_main.c.obj</name>
      </input_file>
      <input_file id="fl-ff">
         <path>C:\ti\ccs1250\ccs\tools\compiler\ti-cgt-arm_20.2.7.LTS\lib\</path>
         <kind>archive</kind>
         <file>rtsv7M4_T_le_eabi.lib</file>
         <name>atoi.c.obj</name>
      </input_file>
      <input_file id="fl-100">
         <path>C:\ti\ccs1250\ccs\tools\compiler\ti-cgt-arm_20.2.7.LTS\lib\</path>
         <kind>archive</kind>
         <file>rtsv7M4_T_le_eabi.lib</file>
         <name>ctype.c.obj</name>
      </input_file>
      <input_file id="fl-101">
         <path>C:\ti\ccs1250\ccs\tools\compiler\ti-cgt-arm_20.2.7.LTS\lib\</path>
         <kind>archive</kind>
         <file>rtsv7M4_T_le_eabi.lib</file>
         <name>memccpy.c.obj</name>
      </input_file>
      <input_file id="fl-102">
         <path>C:\ti\ccs1250\ccs\tools\compiler\ti-cgt-arm_20.2.7.LTS\lib\</path>
         <kind>archive</kind>
         <file>rtsv7M4_T_le_eabi.lib</file>
         <name>strchr.c.obj</name>
      </input_file>
      <input_file id="fl-103">
         <path>C:\ti\ccs1250\ccs\tools\compiler\ti-cgt-arm_20.2.7.LTS\lib\</path>
         <kind>archive</kind>
         <file>rtsv7M4_T_le_eabi.lib</file>
         <name>strlen.c.obj</name>
      </input_file>
      <input_file id="fl-104">
         <path>C:\ti\ccs1250\ccs\tools\compiler\ti-cgt-arm_20.2.7.LTS\lib\</path>
         <kind>archive</kind>
         <file>rtsv7M4_T_le_eabi.lib</file>
         <name>hosttime.c.obj</name>
      </input_file>
      <input_file id="fl-105">
         <path>C:\ti\ccs1250\ccs\tools\compiler\ti-cgt-arm_20.2.7.LTS\lib\</path>
         <kind>archive</kind>
         <file>rtsv7M4_T_le_eabi.lib</file>
         <name>trgmsg.c.obj</name>
      </input_file>
      <input_file id="fl-106">
         <path>C:\ti\ccs1250\ccs\tools\compiler\ti-cgt-arm_20.2.7.LTS\lib\</path>
         <kind>archive</kind>
         <file>rtsv7M4_T_le_eabi.lib</file>
         <name>errno.c.obj</name>
      </input_file>
      <input_file id="fl-107">
         <path>C:\ti\ccs1250\ccs\tools\compiler\ti-cgt-arm_20.2.7.LTS\lib\</path>
         <kind>archive</kind>
         <file>rtsv7M4_T_le_eabi.lib</file>
         <name>wcslen.c.obj</name>
      </input_file>
      <input_file id="fl-108">
         <path>C:\ti\ccs1250\ccs\tools\compiler\ti-cgt-arm_20.2.7.LTS\lib\</path>
         <kind>archive</kind>
         <file>rtsv7M4_T_le_eabi.lib</file>
         <name>s_frexp.c.obj</name>
      </input_file>
      <input_file id="fl-109">
         <path>C:\ti\ccs1250\ccs\tools\compiler\ti-cgt-arm_20.2.7.LTS\lib\</path>
         <kind>archive</kind>
         <file>rtsv7M4_T_le_eabi.lib</file>
         <name>s_scalbn.c.obj</name>
      </input_file>
      <input_file id="fl-10a">
         <path>C:\ti\ccs1250\ccs\tools\compiler\ti-cgt-arm_20.2.7.LTS\lib\</path>
         <kind>archive</kind>
         <file>rtsv7M4_T_le_eabi.lib</file>
         <name>hostopen.c.obj</name>
      </input_file>
      <input_file id="fl-10b">
         <path>C:\ti\ccs1250\ccs\tools\compiler\ti-cgt-arm_20.2.7.LTS\lib\</path>
         <kind>archive</kind>
         <file>rtsv7M4_T_le_eabi.lib</file>
         <name>s_copysign.c.obj</name>
      </input_file>
   </input_file_list>
   <object_component_list>
      <object_component id="oc-4d4">
         <name>.text:__TI_printfi</name>
         <load_address>0x2000c040</load_address>
         <run_address>0x2000c040</run_address>
         <size>0xa4e</size>
         <input_file_ref idref="fl-ef"/>
      </object_component>
      <object_component id="oc-1e8">
         <name>.text:Board_initHook</name>
         <load_address>0x2000ca8e</load_address>
         <run_address>0x2000ca8e</run_address>
         <size>0x2</size>
         <input_file_ref idref="fl-3"/>
      </object_component>
      <object_component id="oc-1dc">
         <name>.text:PRCMCC3200MCUInit</name>
         <load_address>0x2000ca90</load_address>
         <run_address>0x2000ca90</run_address>
         <size>0x42c</size>
         <input_file_ref idref="fl-25"/>
      </object_component>
      <object_component id="oc-7bc">
         <name>.text:UARTCC32XX_open</name>
         <load_address>0x2000cebc</load_address>
         <run_address>0x2000cebc</run_address>
         <size>0x288</size>
         <input_file_ref idref="fl-16"/>
      </object_component>
      <object_component id="oc-669">
         <name>.text:_pconv_a</name>
         <load_address>0x2000d144</load_address>
         <run_address>0x2000d144</run_address>
         <size>0x268</size>
         <input_file_ref idref="fl-ef"/>
      </object_component>
      <object_component id="oc-214">
         <name>.text:initI2C</name>
         <load_address>0x2000d3ac</load_address>
         <run_address>0x2000d3ac</run_address>
         <size>0x24c</size>
         <input_file_ref idref="fl-2"/>
      </object_component>
      <object_component id="oc-1f6">
         <name>.text:GPIO_setConfig</name>
         <load_address>0x2000d5f8</load_address>
         <run_address>0x2000d5f8</run_address>
         <size>0x1e4</size>
         <input_file_ref idref="fl-11"/>
      </object_component>
      <object_component id="oc-657">
         <name>.text:_pconv_g</name>
         <load_address>0x2000d7dc</load_address>
         <run_address>0x2000d7dc</run_address>
         <size>0x1cc</size>
         <input_file_ref idref="fl-ef"/>
      </object_component>
      <object_component id="oc-811">
         <name>.text</name>
         <load_address>0x2000d9a8</load_address>
         <run_address>0x2000d9a8</run_address>
         <size>0x1b6</size>
         <input_file_ref idref="fl-f1"/>
      </object_component>
      <object_component id="oc-377">
         <name>.text:I2C_init</name>
         <load_address>0x2000db5e</load_address>
         <run_address>0x2000db5e</run_address>
         <size>0x2</size>
         <input_file_ref idref="fl-e"/>
      </object_component>
      <object_component id="oc-428">
         <name>.text:PowerCC32XX_sleepPolicy</name>
         <load_address>0x2000db60</load_address>
         <run_address>0x2000db60</run_address>
         <size>0x19c</size>
         <input_file_ref idref="fl-1d"/>
      </object_component>
      <object_component id="oc-51b">
         <name>.text:I2CCC32XX_hwiFxn</name>
         <load_address>0x2000dcfc</load_address>
         <run_address>0x2000dcfc</run_address>
         <size>0x148</size>
         <input_file_ref idref="fl-12"/>
      </object_component>
      <object_component id="oc-751">
         <name>.text:parkPins</name>
         <load_address>0x2000de44</load_address>
         <run_address>0x2000de44</run_address>
         <size>0x148</size>
         <input_file_ref idref="fl-13"/>
      </object_component>
      <object_component id="oc-663">
         <name>.text:_pconv_e</name>
         <load_address>0x2000df8c</load_address>
         <run_address>0x2000df8c</run_address>
         <size>0x13c</size>
         <input_file_ref idref="fl-ef"/>
      </object_component>
      <object_component id="oc-5c1">
         <name>.text:Power_sleep</name>
         <load_address>0x2000e0c8</load_address>
         <run_address>0x2000e0c8</run_address>
         <size>0x138</size>
         <input_file_ref idref="fl-13"/>
      </object_component>
      <object_component id="oc-7fc">
         <name>.text</name>
         <load_address>0x2000e200</load_address>
         <run_address>0x2000e200</run_address>
         <size>0x136</size>
         <input_file_ref idref="fl-f3"/>
      </object_component>
      <object_component id="oc-422">
         <name>.text:PowerCC32XX_initPolicy</name>
         <load_address>0x2000e336</load_address>
         <run_address>0x2000e336</run_address>
         <size>0x2</size>
         <input_file_ref idref="fl-1d"/>
      </object_component>
      <object_component id="oc-8c9">
         <name>.text:TimerCC32XX_open</name>
         <load_address>0x2000e338</load_address>
         <run_address>0x2000e338</run_address>
         <size>0x128</size>
         <input_file_ref idref="fl-15"/>
      </object_component>
      <object_component id="oc-529">
         <name>.text:I2C_transferTimeout</name>
         <load_address>0x2000e460</load_address>
         <run_address>0x2000e460</run_address>
         <size>0x122</size>
         <input_file_ref idref="fl-e"/>
      </object_component>
      <object_component id="oc-8c3">
         <name>.text:TimerCC32XX_init</name>
         <load_address>0x2000e582</load_address>
         <run_address>0x2000e582</run_address>
         <size>0x2</size>
         <input_file_ref idref="fl-15"/>
      </object_component>
      <object_component id="oc-7aa">
         <name>.text:UARTCC32XX_close</name>
         <load_address>0x2000e584</load_address>
         <run_address>0x2000e584</run_address>
         <size>0x120</size>
         <input_file_ref idref="fl-16"/>
      </object_component>
      <object_component id="oc-823">
         <name>.text:fcvt</name>
         <load_address>0x2000e6a4</load_address>
         <run_address>0x2000e6a4</run_address>
         <size>0x120</size>
         <input_file_ref idref="fl-ef"/>
      </object_component>
      <object_component id="oc-568">
         <name>.text:readTemp</name>
         <load_address>0x2000e7c4</load_address>
         <run_address>0x2000e7c4</run_address>
         <size>0x120</size>
         <input_file_ref idref="fl-2"/>
      </object_component>
      <object_component id="oc-61b">
         <name>.text:aligned_alloc</name>
         <load_address>0x2000e8e4</load_address>
         <run_address>0x2000e8e4</run_address>
         <size>0x100</size>
         <input_file_ref idref="fl-ec"/>
      </object_component>
      <object_component id="oc-383">
         <name>.text:I2C_open</name>
         <load_address>0x2000e9e4</load_address>
         <run_address>0x2000e9e4</run_address>
         <size>0xfc</size>
         <input_file_ref idref="fl-12"/>
      </object_component>
      <object_component id="oc-7f7">
         <name>.text</name>
         <load_address>0x2000eae0</load_address>
         <run_address>0x2000eae0</run_address>
         <size>0xfc</size>
         <input_file_ref idref="fl-f4"/>
      </object_component>
      <object_component id="oc-7b0">
         <name>.text:UARTCC32XX_control</name>
         <load_address>0x2000ebdc</load_address>
         <run_address>0x2000ebdc</run_address>
         <size>0xf2</size>
         <input_file_ref idref="fl-16"/>
      </object_component>
      <object_component id="oc-7b6">
         <name>.text:UARTCC32XX_init</name>
         <load_address>0x2000ecce</load_address>
         <run_address>0x2000ecce</run_address>
         <size>0x2</size>
         <input_file_ref idref="fl-16"/>
      </object_component>
      <object_component id="oc-444">
         <name>.text:free</name>
         <load_address>0x2000ecd0</load_address>
         <run_address>0x2000ecd0</run_address>
         <size>0xe4</size>
         <input_file_ref idref="fl-ec"/>
      </object_component>
      <object_component id="oc-22c">
         <name>.text:task2</name>
         <load_address>0x2000edb4</load_address>
         <run_address>0x2000edb4</run_address>
         <size>0xd4</size>
         <input_file_ref idref="fl-2"/>
      </object_component>
      <object_component id="oc-837">
         <name>.text:scalbn</name>
         <load_address>0x2000ee88</load_address>
         <run_address>0x2000ee88</run_address>
         <size>0xd0</size>
         <input_file_ref idref="fl-109"/>
      </object_component>
      <object_component id="oc-7d4">
         <name>.text:UARTCC32XX_write</name>
         <load_address>0x2000ef58</load_address>
         <run_address>0x2000ef58</run_address>
         <size>0xca</size>
         <input_file_ref idref="fl-16"/>
      </object_component>
      <object_component id="oc-3ea">
         <name>.text:_nop</name>
         <load_address>0x2000f022</load_address>
         <run_address>0x2000f022</run_address>
         <size>0x2</size>
         <input_file_ref idref="fl-fc"/>
      </object_component>
      <object_component id="oc-1f0">
         <name>.text:GPIO_init</name>
         <load_address>0x2000f024</load_address>
         <run_address>0x2000f024</run_address>
         <size>0xc4</size>
         <input_file_ref idref="fl-11"/>
      </object_component>
      <object_component id="oc-76e">
         <name>.text:restoreParkedPins</name>
         <load_address>0x2000f0e8</load_address>
         <run_address>0x2000f0e8</run_address>
         <size>0xc0</size>
         <input_file_ref idref="fl-13"/>
      </object_component>
      <object_component id="oc-7c8">
         <name>.text:UARTCC32XX_readPolling</name>
         <load_address>0x2000f1a8</load_address>
         <run_address>0x2000f1a8</run_address>
         <size>0xba</size>
         <input_file_ref idref="fl-16"/>
      </object_component>
      <object_component id="oc-73">
         <name>.text:busFaultHandler</name>
         <load_address>0x2000f262</load_address>
         <run_address>0x2000f262</run_address>
         <size>0x2</size>
         <input_file_ref idref="fl-1e"/>
      </object_component>
      <object_component id="oc-990">
         <name>.text:initHw</name>
         <load_address>0x2000f264</load_address>
         <run_address>0x2000f264</run_address>
         <size>0xb8</size>
         <input_file_ref idref="fl-16"/>
      </object_component>
      <object_component id="oc-ab6">
         <name>.text:readTaskCallback</name>
         <load_address>0x2000f31c</load_address>
         <run_address>0x2000f31c</run_address>
         <size>0xb6</size>
         <input_file_ref idref="fl-16"/>
      </object_component>
      <object_component id="oc-6cf">
         <name>.text:I2CCC32XX_completeTransfer</name>
         <load_address>0x2000f3d2</load_address>
         <run_address>0x2000f3d2</run_address>
         <size>0xb2</size>
         <input_file_ref idref="fl-12"/>
      </object_component>
      <object_component id="oc-64c">
         <name>.text:_ltostr</name>
         <load_address>0x2000f484</load_address>
         <run_address>0x2000f484</run_address>
         <size>0xb1</size>
         <input_file_ref idref="fl-ef"/>
      </object_component>
      <object_component id="oc-aa4">
         <name>.text:readTaskBlocking</name>
         <load_address>0x2000f536</load_address>
         <run_address>0x2000f536</run_address>
         <size>0xb0</size>
         <input_file_ref idref="fl-16"/>
      </object_component>
      <object_component id="oc-aaa">
         <name>.text:readIsrTextBlocking</name>
         <load_address>0x2000f5e6</load_address>
         <run_address>0x2000f5e6</run_address>
         <size>0xae</size>
         <input_file_ref idref="fl-16"/>
      </object_component>
      <object_component id="oc-6bd">
         <name>.text:I2CCC32XX_primeWriteBurst</name>
         <load_address>0x2000f694</load_address>
         <run_address>0x2000f694</run_address>
         <size>0xa8</size>
         <input_file_ref idref="fl-12"/>
      </object_component>
      <object_component id="oc-b5">
         <name>.text:IntEnable</name>
         <load_address>0x2000f73c</load_address>
         <run_address>0x2000f73c</run_address>
         <size>0xa8</size>
         <input_file_ref idref="fl-23"/>
      </object_component>
      <object_component id="oc-2d0">
         <name>.text:PowerCC32XX_configureWakeup</name>
         <load_address>0x2000f7e4</load_address>
         <run_address>0x2000f7e4</run_address>
         <size>0xa8</size>
         <input_file_ref idref="fl-13"/>
      </object_component>
      <object_component id="oc-abc">
         <name>.text:readIsrTextCallback</name>
         <load_address>0x2000f88c</load_address>
         <run_address>0x2000f88c</run_address>
         <size>0xa2</size>
         <input_file_ref idref="fl-16"/>
      </object_component>
      <object_component id="oc-9c7">
         <name>.text:writeData</name>
         <load_address>0x2000f92e</load_address>
         <run_address>0x2000f92e</run_address>
         <size>0xa2</size>
         <input_file_ref idref="fl-16"/>
      </object_component>
      <object_component id="oc-2f6">
         <name>.text:SemaphoreP_pend</name>
         <load_address>0x2000f9d0</load_address>
         <run_address>0x2000f9d0</run_address>
         <size>0xa0</size>
         <input_file_ref idref="fl-1a"/>
      </object_component>
      <object_component id="oc-509">
         <name>.text:I2CCC32XX_initHw</name>
         <load_address>0x2000fa70</load_address>
         <run_address>0x2000fa70</run_address>
         <size>0x9c</size>
         <input_file_ref idref="fl-12"/>
      </object_component>
      <object_component id="oc-3b">
         <name>.text</name>
         <load_address>0x2000fb0c</load_address>
         <run_address>0x2000fb0c</run_address>
         <size>0x9c</size>
         <input_file_ref idref="fl-e6"/>
      </object_component>
      <object_component id="oc-312">
         <name>.text:powerNotifyFxn</name>
         <load_address>0x2000fba8</load_address>
         <run_address>0x2000fba8</run_address>
         <size>0x98</size>
         <input_file_ref idref="fl-11"/>
      </object_component>
      <object_component id="oc-5bc">
         <name>.text</name>
         <load_address>0x2000fc40</load_address>
         <run_address>0x2000fc40</run_address>
         <size>0x96</size>
         <input_file_ref idref="fl-e7"/>
      </object_component>
      <object_component id="oc-469">
         <name>.text:clkFxn</name>
         <load_address>0x2000fcd6</load_address>
         <run_address>0x2000fcd6</run_address>
         <size>0x2</size>
         <input_file_ref idref="fl-1a"/>
      </object_component>
      <object_component id="oc-762">
         <name>.text:restoreNVICRegs</name>
         <load_address>0x2000fcd8</load_address>
         <run_address>0x2000fcd8</run_address>
         <size>0x90</size>
         <input_file_ref idref="fl-13"/>
      </object_component>
      <object_component id="oc-4a5">
         <name>.text:HwiP_construct</name>
         <load_address>0x2000fd68</load_address>
         <run_address>0x2000fd68</run_address>
         <size>0x8c</size>
         <input_file_ref idref="fl-1c"/>
      </object_component>
      <object_component id="oc-938">
         <name>.text:IntPendSet</name>
         <load_address>0x2000fdf4</load_address>
         <run_address>0x2000fdf4</run_address>
         <size>0x88</size>
         <input_file_ref idref="fl-23"/>
      </object_component>
      <object_component id="oc-31c">
         <name>.text:PinConfigSet</name>
         <load_address>0x2000fe7c</load_address>
         <run_address>0x2000fe7c</run_address>
         <size>0x88</size>
         <input_file_ref idref="fl-24"/>
      </object_component>
      <object_component id="oc-8cf">
         <name>.text:TimerCC32XX_setPeriod</name>
         <load_address>0x2000ff04</load_address>
         <run_address>0x2000ff04</run_address>
         <size>0x88</size>
         <input_file_ref idref="fl-15"/>
      </object_component>
      <object_component id="oc-15f">
         <name>.text:mainThread</name>
         <load_address>0x2000ff8c</load_address>
         <run_address>0x2000ff8c</run_address>
         <size>0x88</size>
         <input_file_ref idref="fl-2"/>
      </object_component>
      <object_component id="oc-652">
         <name>.text:__aeabi_cdcmple</name>
         <load_address>0x20010014</load_address>
         <run_address>0x20010014</run_address>
         <size>0x86</size>
         <input_file_ref idref="fl-f2"/>
      </object_component>
      <object_component id="oc-801">
         <name>.text:__aeabi_cdrcmple</name>
         <load_address>0x2001009a</load_address>
         <run_address>0x2001009a</run_address>
         <size>0x86</size>
         <input_file_ref idref="fl-f2"/>
      </object_component>
      <object_component id="oc-1e2">
         <name>.text:Power_init</name>
         <load_address>0x20010120</load_address>
         <run_address>0x20010120</run_address>
         <size>0x84</size>
         <input_file_ref idref="fl-13"/>
      </object_component>
      <object_component id="oc-757">
         <name>.text:saveNVICRegs</name>
         <load_address>0x200101a4</load_address>
         <run_address>0x200101a4</run_address>
         <size>0x84</size>
         <input_file_ref idref="fl-13"/>
      </object_component>
      <object_component id="oc-322">
         <name>.text:Power_setDependency</name>
         <load_address>0x20010228</load_address>
         <run_address>0x20010228</run_address>
         <size>0x80</size>
         <input_file_ref idref="fl-13"/>
      </object_component>
      <object_component id="oc-a9e">
         <name>.text:readIsrBinaryBlocking</name>
         <load_address>0x200102a8</load_address>
         <run_address>0x200102a8</run_address>
         <size>0x7c</size>
         <input_file_ref idref="fl-16"/>
      </object_component>
      <object_component id="oc-6b7">
         <name>.text:I2CCC32XX_primeReadBurst</name>
         <load_address>0x20010324</load_address>
         <run_address>0x20010324</run_address>
         <size>0x7a</size>
         <input_file_ref idref="fl-12"/>
      </object_component>
      <object_component id="oc-722">
         <name>.text</name>
         <load_address>0x2001039e</load_address>
         <run_address>0x2001039e</run_address>
         <size>0x7a</size>
         <input_file_ref idref="fl-e2"/>
      </object_component>
      <object_component id="oc-9d">
         <name>.text</name>
         <load_address>0x20010418</load_address>
         <run_address>0x20010418</run_address>
         <size>0x7a</size>
         <input_file_ref idref="fl-f7"/>
      </object_component>
      <object_component id="oc-6d">
         <name>.text:defaultHandler</name>
         <load_address>0x20010492</load_address>
         <run_address>0x20010492</run_address>
         <size>0x2</size>
         <input_file_ref idref="fl-1e"/>
      </object_component>
      <object_component id="oc-346">
         <name>.text:GPIO_hwiIntFxn</name>
         <load_address>0x20010494</load_address>
         <run_address>0x20010494</run_address>
         <size>0x78</size>
         <input_file_ref idref="fl-11"/>
      </object_component>
      <object_component id="oc-8d5">
         <name>.text:TimerCC32XX_start</name>
         <load_address>0x2001050c</load_address>
         <run_address>0x2001050c</run_address>
         <size>0x78</size>
         <input_file_ref idref="fl-15"/>
      </object_component>
      <object_component id="oc-ab0">
         <name>.text:readIsrBinaryCallback</name>
         <load_address>0x20010584</load_address>
         <run_address>0x20010584</run_address>
         <size>0x78</size>
         <input_file_ref idref="fl-16"/>
      </object_component>
      <object_component id="oc-99f">
         <name>.text:UARTCC32XX_hwiIntFxn</name>
         <load_address>0x200105fc</load_address>
         <run_address>0x200105fc</run_address>
         <size>0x74</size>
         <input_file_ref idref="fl-16"/>
      </object_component>
      <object_component id="oc-79e">
         <name>.text:split</name>
         <load_address>0x20010670</load_address>
         <run_address>0x20010670</run_address>
         <size>0x70</size>
         <input_file_ref idref="fl-ec"/>
      </object_component>
      <object_component id="oc-81c">
         <name>.text:_mcpy</name>
         <load_address>0x200106e0</load_address>
         <run_address>0x200106e0</run_address>
         <size>0x6e</size>
         <input_file_ref idref="fl-ef"/>
      </object_component>
      <object_component id="oc-6ea">
         <name>.text:I2CSupport_primeTransfer</name>
         <load_address>0x2001074e</load_address>
         <run_address>0x2001074e</run_address>
         <size>0x6a</size>
         <input_file_ref idref="fl-12"/>
      </object_component>
      <object_component id="oc-14">
         <name>.text:decompress:lzss:__TI_decompress_lzss</name>
         <load_address>0x200107b8</load_address>
         <run_address>0x200107b8</run_address>
         <size>0x68</size>
         <input_file_ref idref="fl-ea"/>
      </object_component>
      <object_component id="oc-7e0">
         <name>.text:UARTCC32XX_writeCancel</name>
         <load_address>0x20010820</load_address>
         <run_address>0x20010820</run_address>
         <size>0x66</size>
         <input_file_ref idref="fl-16"/>
      </object_component>
      <object_component id="oc-67">
         <name>.text:faultISR</name>
         <load_address>0x20010886</load_address>
         <run_address>0x20010886</run_address>
         <size>0x2</size>
         <input_file_ref idref="fl-1e"/>
      </object_component>
      <object_component id="oc-493">
         <name>.text:PowerCC32XX_setParkState</name>
         <load_address>0x20010888</load_address>
         <run_address>0x20010888</run_address>
         <size>0x64</size>
         <input_file_ref idref="fl-13"/>
      </object_component>
      <object_component id="oc-7da">
         <name>.text:UARTCC32XX_writePolling</name>
         <load_address>0x200108ec</load_address>
         <run_address>0x200108ec</run_address>
         <size>0x62</size>
         <input_file_ref idref="fl-16"/>
      </object_component>
      <object_component id="oc-61">
         <name>.text:nmiISR</name>
         <load_address>0x2001094e</load_address>
         <run_address>0x2001094e</run_address>
         <size>0x2</size>
         <input_file_ref idref="fl-1e"/>
      </object_component>
      <object_component id="oc-29e">
         <name>.text:PRCMSysResetCauseGet</name>
         <load_address>0x20010950</load_address>
         <run_address>0x20010950</run_address>
         <size>0x60</size>
         <input_file_ref idref="fl-25"/>
      </object_component>
      <object_component id="oc-3d5">
         <name>.text:__aeabi_cfrcmple</name>
         <load_address>0x200109b0</load_address>
         <run_address>0x200109b0</run_address>
         <size>0x60</size>
         <input_file_ref idref="fl-e1"/>
      </object_component>
      <object_component id="oc-202">
         <name>.text:GPIO_setCallback</name>
         <load_address>0x20010a10</load_address>
         <run_address>0x20010a10</run_address>
         <size>0x5c</size>
         <input_file_ref idref="fl-11"/>
      </object_component>
      <object_component id="oc-831">
         <name>.text:frexp</name>
         <load_address>0x20010a6c</load_address>
         <run_address>0x20010a6c</run_address>
         <size>0x5c</size>
         <input_file_ref idref="fl-108"/>
      </object_component>
      <object_component id="oc-8f8">
         <name>.text:sysTickInit</name>
         <load_address>0x20010ac8</load_address>
         <run_address>0x20010ac8</run_address>
         <size>0x5c</size>
         <input_file_ref idref="fl-1b"/>
      </object_component>
      <object_component id="oc-1fc">
         <name>.text:GPIO_write</name>
         <load_address>0x20010b24</load_address>
         <run_address>0x20010b24</run_address>
         <size>0x58</size>
         <input_file_ref idref="fl-11"/>
      </object_component>
      <object_component id="oc-2b7">
         <name>.text:PRCMPeripheralReset</name>
         <load_address>0x20010b7c</load_address>
         <run_address>0x20010b7c</run_address>
         <size>0x58</size>
         <input_file_ref idref="fl-25"/>
      </object_component>
      <object_component id="oc-957">
         <name>.text:Power_releaseDependency</name>
         <load_address>0x20010bd4</load_address>
         <run_address>0x20010bd4</run_address>
         <size>0x58</size>
         <input_file_ref idref="fl-13"/>
      </object_component>
      <object_component id="oc-8db">
         <name>.text:TimerCC32XX_stop</name>
         <load_address>0x20010c2c</load_address>
         <run_address>0x20010c2c</run_address>
         <size>0x56</size>
         <input_file_ref idref="fl-15"/>
      </object_component>
      <object_component id="oc-65d">
         <name>.text:_pconv_f</name>
         <load_address>0x20010c82</load_address>
         <run_address>0x20010c82</run_address>
         <size>0x56</size>
         <input_file_ref idref="fl-ef"/>
      </object_component>
      <object_component id="oc-806">
         <name>.text:__TI_ltoa</name>
         <load_address>0x20010cd8</load_address>
         <run_address>0x20010cd8</run_address>
         <size>0x54</size>
         <input_file_ref idref="fl-fd"/>
      </object_component>
      <object_component id="oc-21a">
         <name>.text:initTimer</name>
         <load_address>0x20010d2c</load_address>
         <run_address>0x20010d2c</run_address>
         <size>0x54</size>
         <input_file_ref idref="fl-2"/>
      </object_component>
      <object_component id="oc-b2b">
         <name>.text:ringBufGet</name>
         <load_address>0x20010d80</load_address>
         <run_address>0x20010d80</run_address>
         <size>0x54</size>
         <input_file_ref idref="fl-16"/>
      </object_component>
      <object_component id="oc-915">
         <name>.text:PowerCC32XX_resumeLPDS</name>
         <load_address>0x20010dd4</load_address>
         <run_address>0x20010dd4</run_address>
         <size>0x52</size>
         <input_file_ref idref="fl-14"/>
      </object_component>
      <object_component id="oc-816">
         <name>.text:_ecpy</name>
         <load_address>0x20010e26</load_address>
         <run_address>0x20010e26</run_address>
         <size>0x52</size>
         <input_file_ref idref="fl-ef"/>
      </object_component>
      <object_component id="oc-a2b">
         <name>.text:initHw</name>
         <load_address>0x20010e78</load_address>
         <run_address>0x20010e78</run_address>
         <size>0x52</size>
         <input_file_ref idref="fl-15"/>
      </object_component>
      <object_component id="oc-745">
         <name>.text</name>
         <load_address>0x20010eca</load_address>
         <run_address>0x20010eca</run_address>
         <size>0x2</size>
         <input_file_ref idref="fl-f0"/>
      </object_component>
      <object_component id="oc-79">
         <name>.text:ClockP_sysTickHandler</name>
         <load_address>0x20010ecc</load_address>
         <run_address>0x20010ecc</run_address>
         <size>0x50</size>
         <input_file_ref idref="fl-1b"/>
      </object_component>
      <object_component id="oc-5e2">
         <name>.text:SemaphoreP_construct</name>
         <load_address>0x20010f1c</load_address>
         <run_address>0x20010f1c</run_address>
         <size>0x50</size>
         <input_file_ref idref="fl-1a"/>
      </object_component>
      <object_component id="oc-a1f">
         <name>.text:TimerCC32XX_allocateTimerResource</name>
         <load_address>0x20010f6c</load_address>
         <run_address>0x20010f6c</run_address>
         <size>0x50</size>
         <input_file_ref idref="fl-15"/>
      </object_component>
      <object_component id="oc-208">
         <name>.text:GPIO_enableInt</name>
         <load_address>0x20010fbc</load_address>
         <run_address>0x20010fbc</run_address>
         <size>0x4c</size>
         <input_file_ref idref="fl-11"/>
      </object_component>
      <object_component id="oc-6ab">
         <name>.text:I2CCC32XX_readRecieveFifo</name>
         <load_address>0x20011008</load_address>
         <run_address>0x20011008</run_address>
         <size>0x4c</size>
         <input_file_ref idref="fl-12"/>
      </object_component>
      <object_component id="oc-90c">
         <name>.text:PowerCC32XX_parkPin</name>
         <load_address>0x20011054</load_address>
         <run_address>0x20011054</run_address>
         <size>0x4c</size>
         <input_file_ref idref="fl-13"/>
      </object_component>
      <object_component id="oc-646">
         <name>.text:atoi</name>
         <load_address>0x200110a0</load_address>
         <run_address>0x200110a0</run_address>
         <size>0x4c</size>
         <input_file_ref idref="fl-ff"/>
      </object_component>
      <object_component id="oc-768">
         <name>.text:restorePeriphClocks</name>
         <load_address>0x200110ec</load_address>
         <run_address>0x200110ec</run_address>
         <size>0x4c</size>
         <input_file_ref idref="fl-13"/>
      </object_component>
      <object_component id="oc-36b">
         <name>.text:snprintf</name>
         <load_address>0x20011138</load_address>
         <run_address>0x20011138</run_address>
         <size>0x4c</size>
         <input_file_ref idref="fl-df"/>
      </object_component>
      <object_component id="oc-930">
         <name>.text:FlashDisable</name>
         <load_address>0x20011184</load_address>
         <run_address>0x20011184</run_address>
         <size>0x48</size>
         <input_file_ref idref="fl-29"/>
      </object_component>
      <object_component id="oc-3b8">
         <name>.text:HOSTtime</name>
         <load_address>0x200111cc</load_address>
         <run_address>0x200111cc</run_address>
         <size>0x48</size>
         <input_file_ref idref="fl-104"/>
      </object_component>
      <object_component id="oc-774">
         <name>.text:PRCMLPDSEnter</name>
         <load_address>0x20011214</load_address>
         <run_address>0x20011214</run_address>
         <size>0x48</size>
         <input_file_ref idref="fl-25"/>
      </object_component>
      <object_component id="oc-2b1">
         <name>.text:PRCMPeripheralClkEnable</name>
         <load_address>0x2001125c</load_address>
         <run_address>0x2001125c</run_address>
         <size>0x48</size>
         <input_file_ref idref="fl-25"/>
      </object_component>
      <object_component id="oc-886">
         <name>.text:Power_releaseConstraint</name>
         <load_address>0x200112a4</load_address>
         <run_address>0x200112a4</run_address>
         <size>0x48</size>
         <input_file_ref idref="fl-13"/>
      </object_component>
      <object_component id="oc-3cb">
         <name>.text</name>
         <load_address>0x200112ec</load_address>
         <run_address>0x200112ec</run_address>
         <size>0x48</size>
         <input_file_ref idref="fl-e0"/>
      </object_component>
      <object_component id="oc-3b0">
         <name>.text:timerCallback</name>
         <load_address>0x20011334</load_address>
         <run_address>0x20011334</run_address>
         <size>0x48</size>
         <input_file_ref idref="fl-2"/>
      </object_component>
      <object_component id="oc-b18">
         <name>.text:RingBuf_put</name>
         <load_address>0x2001137c</load_address>
         <run_address>0x2001137c</run_address>
         <size>0x46</size>
         <input_file_ref idref="fl-18"/>
      </object_component>
      <object_component id="oc-a25">
         <name>.text:getPrescaler</name>
         <load_address>0x200113c2</load_address>
         <run_address>0x200113c2</run_address>
         <size>0x46</size>
         <input_file_ref idref="fl-15"/>
      </object_component>
      <object_component id="oc-605">
         <name>.text:ClockP_stop</name>
         <load_address>0x20011408</load_address>
         <run_address>0x20011408</run_address>
         <size>0x44</size>
         <input_file_ref idref="fl-1b"/>
      </object_component>
      <object_component id="oc-91a">
         <name>.text:PRCMLPDSRestoreInfoSet</name>
         <load_address>0x2001144c</load_address>
         <run_address>0x2001144c</run_address>
         <size>0x44</size>
         <input_file_ref idref="fl-25"/>
      </object_component>
      <object_component id="oc-75d">
         <name>.text:PowerCC32XX_enterLPDS</name>
         <load_address>0x20011490</load_address>
         <run_address>0x20011490</run_address>
         <size>0x44</size>
         <input_file_ref idref="fl-14"/>
      </object_component>
      <object_component id="oc-302">
         <name>.text:SemaphoreP_post</name>
         <load_address>0x200114d4</load_address>
         <run_address>0x200114d4</run_address>
         <size>0x44</size>
         <input_file_ref idref="fl-1a"/>
      </object_component>
      <object_component id="oc-5d2">
         <name>.text:SwiP_restore</name>
         <load_address>0x20011518</load_address>
         <run_address>0x20011518</run_address>
         <size>0x44</size>
         <input_file_ref idref="fl-1f"/>
      </object_component>
      <object_component id="oc-398">
         <name>.text:Timer_init</name>
         <load_address>0x2001155c</load_address>
         <run_address>0x2001155c</run_address>
         <size>0x44</size>
         <input_file_ref idref="fl-f"/>
      </object_component>
      <object_component id="oc-357">
         <name>.text:UART_init</name>
         <load_address>0x200115a0</load_address>
         <run_address>0x200115a0</run_address>
         <size>0x44</size>
         <input_file_ref idref="fl-10"/>
      </object_component>
      <object_component id="oc-172">
         <name>.text:__TI_auto_init_nobinit_nopinit:__TI_auto_init_nobinit_nopinit</name>
         <load_address>0x200115e4</load_address>
         <run_address>0x200115e4</run_address>
         <size>0x44</size>
         <input_file_ref idref="fl-f8"/>
      </object_component>
      <object_component id="oc-20e">
         <name>.text:initUART</name>
         <load_address>0x20011628</load_address>
         <run_address>0x20011628</run_address>
         <size>0x44</size>
         <input_file_ref idref="fl-2"/>
      </object_component>
      <object_component id="oc-a8d">
         <name>.text:ClockP_construct</name>
         <load_address>0x2001166c</load_address>
         <run_address>0x2001166c</run_address>
         <size>0x40</size>
         <input_file_ref idref="fl-1b"/>
      </object_component>
      <object_component id="oc-2c9">
         <name>.text:PinModeSet</name>
         <load_address>0x200116ac</load_address>
         <run_address>0x200116ac</run_address>
         <size>0x40</size>
         <input_file_ref idref="fl-24"/>
      </object_component>
      <object_component id="oc-9b9">
         <name>.text:RingBuf_get</name>
         <load_address>0x200116ec</load_address>
         <run_address>0x200116ec</run_address>
         <size>0x40</size>
         <input_file_ref idref="fl-18"/>
      </object_component>
      <object_component id="oc-3a4">
         <name>.text:Timer_open</name>
         <load_address>0x2001172c</load_address>
         <run_address>0x2001172c</run_address>
         <size>0x40</size>
         <input_file_ref idref="fl-f"/>
      </object_component>
      <object_component id="oc-7c2">
         <name>.text:UARTCC32XX_read</name>
         <load_address>0x2001176c</load_address>
         <run_address>0x2001176c</run_address>
         <size>0x40</size>
         <input_file_ref idref="fl-16"/>
      </object_component>
      <object_component id="oc-363">
         <name>.text:UART_open</name>
         <load_address>0x200117ac</load_address>
         <run_address>0x200117ac</run_address>
         <size>0x40</size>
         <input_file_ref idref="fl-10"/>
      </object_component>
      <object_component id="oc-226">
         <name>.text:task1</name>
         <load_address>0x200117ec</load_address>
         <run_address>0x200117ec</run_address>
         <size>0x40</size>
         <input_file_ref idref="fl-2"/>
      </object_component>
      <object_component id="oc-829">
         <name>.text:_fcpy</name>
         <load_address>0x2001182c</load_address>
         <run_address>0x2001182c</run_address>
         <size>0x3e</size>
         <input_file_ref idref="fl-ef"/>
      </object_component>
      <object_component id="oc-463">
         <name>.text:ClockP_destruct</name>
         <load_address>0x2001186c</load_address>
         <run_address>0x2001186c</run_address>
         <size>0x3c</size>
         <input_file_ref idref="fl-1b"/>
      </object_component>
      <object_component id="oc-88d">
         <name>.text:Power_setConstraint</name>
         <load_address>0x200118a8</load_address>
         <run_address>0x200118a8</run_address>
         <size>0x3c</size>
         <input_file_ref idref="fl-13"/>
      </object_component>
      <object_component id="oc-8b1">
         <name>.text:TimerCC32XX_close</name>
         <load_address>0x200118e4</load_address>
         <run_address>0x200118e4</run_address>
         <size>0x3a</size>
         <input_file_ref idref="fl-15"/>
      </object_component>
      <object_component id="oc-5b6">
         <name>.text:getCountsRTC</name>
         <load_address>0x2001191e</load_address>
         <run_address>0x2001191e</run_address>
         <size>0x3a</size>
         <input_file_ref idref="fl-1d"/>
      </object_component>
      <object_component id="oc-77a">
         <name>.text:PRCMLPDSEnterKeepDebugIf</name>
         <load_address>0x20011958</load_address>
         <run_address>0x20011958</run_address>
         <size>0x38</size>
         <input_file_ref idref="fl-25"/>
      </object_component>
      <object_component id="oc-a37">
         <name>.text:TimerCC32XX_hwiIntFunction</name>
         <load_address>0x20011990</load_address>
         <run_address>0x20011990</run_address>
         <size>0x38</size>
         <input_file_ref idref="fl-15"/>
      </object_component>
      <object_component id="oc-542">
         <name>.text:__TI_writemsg</name>
         <load_address>0x200119c8</load_address>
         <run_address>0x200119c8</run_address>
         <size>0x38</size>
         <input_file_ref idref="fl-105"/>
      </object_component>
      <object_component id="oc-db">
         <name>.text:addToList</name>
         <load_address>0x20011a00</load_address>
         <run_address>0x20011a00</run_address>
         <size>0x38</size>
         <input_file_ref idref="fl-1b"/>
      </object_component>
      <object_component id="oc-59">
         <name>.text:initVectors</name>
         <load_address>0x20011a38</load_address>
         <run_address>0x20011a38</run_address>
         <size>0x38</size>
         <input_file_ref idref="fl-1e"/>
      </object_component>
      <object_component id="oc-74b">
         <name>.text:notify</name>
         <load_address>0x20011a70</load_address>
         <run_address>0x20011a70</run_address>
         <size>0x38</size>
         <input_file_ref idref="fl-13"/>
      </object_component>
      <object_component id="oc-727">
         <name>.text</name>
         <load_address>0x20011aa8</load_address>
         <run_address>0x20011aa8</run_address>
         <size>0x38</size>
         <input_file_ref idref="fl-e3"/>
      </object_component>
      <object_component id="oc-3d0">
         <name>.text</name>
         <load_address>0x20011ae0</load_address>
         <run_address>0x20011ae0</run_address>
         <size>0x38</size>
         <input_file_ref idref="fl-e4"/>
      </object_component>
      <object_component id="oc-af6">
         <name>.text:TimerControlStall</name>
         <load_address>0x20011b18</load_address>
         <run_address>0x20011b18</run_address>
         <size>0x36</size>
         <input_file_ref idref="fl-26"/>
      </object_component>
      <object_component id="oc-7ce">
         <name>.text:UARTCC32XX_readCancel</name>
         <load_address>0x20011b4e</load_address>
         <run_address>0x20011b4e</run_address>
         <size>0x36</size>
         <input_file_ref idref="fl-16"/>
      </object_component>
      <object_component id="oc-5a4">
         <name>.text:ClockP_getTicksUntilInterrupt</name>
         <load_address>0x20011b84</load_address>
         <run_address>0x20011b84</run_address>
         <size>0x34</size>
         <input_file_ref idref="fl-1b"/>
      </object_component>
      <object_component id="oc-73c">
         <name>.text:ClockP_startup</name>
         <load_address>0x20011bb8</load_address>
         <run_address>0x20011bb8</run_address>
         <size>0x34</size>
         <input_file_ref idref="fl-1b"/>
      </object_component>
      <object_component id="oc-2c3">
         <name>.text:PinModeGet</name>
         <load_address>0x20011bec</load_address>
         <run_address>0x20011bec</run_address>
         <size>0x34</size>
         <input_file_ref idref="fl-24"/>
      </object_component>
      <object_component id="oc-95d">
         <name>.text:PowerCC32XX_restoreParkState</name>
         <load_address>0x20011c20</load_address>
         <run_address>0x20011c20</run_address>
         <size>0x34</size>
         <input_file_ref idref="fl-13"/>
      </object_component>
      <object_component id="oc-a15">
         <name>.text:TimerCC32XX_freeTimerResource</name>
         <load_address>0x20011c54</load_address>
         <run_address>0x20011c54</run_address>
         <size>0x34</size>
         <input_file_ref idref="fl-15"/>
      </object_component>
      <object_component id="oc-548">
         <name>.text:__TI_readmsg</name>
         <load_address>0x20011c88</load_address>
         <run_address>0x20011c88</run_address>
         <size>0x34</size>
         <input_file_ref idref="fl-105"/>
      </object_component>
      <object_component id="oc-aea">
         <name>.text:getPowerMgrId</name>
         <load_address>0x20011cbc</load_address>
         <run_address>0x20011cbc</run_address>
         <size>0x34</size>
         <input_file_ref idref="fl-15"/>
      </object_component>
      <object_component id="oc-451">
         <name>.text:ClockP_start</name>
         <load_address>0x20011cf0</load_address>
         <run_address>0x20011cf0</run_address>
         <size>0x30</size>
         <input_file_ref idref="fl-1b"/>
      </object_component>
      <object_component id="oc-929">
         <name>.text:PowerCC32XX_restoreParkedPin</name>
         <load_address>0x20011d20</load_address>
         <run_address>0x20011d20</run_address>
         <size>0x30</size>
         <input_file_ref idref="fl-13"/>
      </object_component>
      <object_component id="oc-4da">
         <name>.text:_outs</name>
         <load_address>0x20011d50</load_address>
         <run_address>0x20011d50</run_address>
         <size>0x30</size>
         <input_file_ref idref="fl-df"/>
      </object_component>
      <object_component id="oc-80c">
         <name>.text</name>
         <load_address>0x20011d80</load_address>
         <run_address>0x20011d80</run_address>
         <size>0x2e</size>
         <input_file_ref idref="fl-f5"/>
      </object_component>
      <object_component id="oc-97e">
         <name>.text:PowerCC32XX_getParkState</name>
         <load_address>0x20011db0</load_address>
         <run_address>0x20011db0</run_address>
         <size>0x2c</size>
         <input_file_ref idref="fl-13"/>
      </object_component>
      <object_component id="oc-32e">
         <name>.text:HwiP_create</name>
         <load_address>0x20011ddc</load_address>
         <run_address>0x20011ddc</run_address>
         <size>0x2a</size>
         <input_file_ref idref="fl-1c"/>
      </object_component>
      <object_component id="oc-a44">
         <name>.text:TimerLoadSet</name>
         <load_address>0x20011e06</load_address>
         <run_address>0x20011e06</run_address>
         <size>0x2a</size>
         <input_file_ref idref="fl-26"/>
      </object_component>
      <object_component id="oc-a3e">
         <name>.text:TimerPrescaleSet</name>
         <load_address>0x20011e30</load_address>
         <run_address>0x20011e30</run_address>
         <size>0x2a</size>
         <input_file_ref idref="fl-26"/>
      </object_component>
      <object_component id="oc-6c3">
         <name>.text:I2CFIFODataPutNonBlocking</name>
         <load_address>0x20011e5a</load_address>
         <run_address>0x20011e5a</run_address>
         <size>0x28</size>
         <input_file_ref idref="fl-22"/>
      </object_component>
      <object_component id="oc-2bd">
         <name>.text:PRCMPeripheralClkDisable</name>
         <load_address>0x20011e84</load_address>
         <run_address>0x20011e84</run_address>
         <size>0x28</size>
         <input_file_ref idref="fl-25"/>
      </object_component>
      <object_component id="oc-2fc">
         <name>.text:Power_registerNotify</name>
         <load_address>0x20011eac</load_address>
         <run_address>0x20011eac</run_address>
         <size>0x28</size>
         <input_file_ref idref="fl-13"/>
      </object_component>
      <object_component id="oc-5fd">
         <name>.text:free_list_insert</name>
         <load_address>0x20011ed4</load_address>
         <run_address>0x20011ed4</run_address>
         <size>0x28</size>
         <input_file_ref idref="fl-ec"/>
      </object_component>
      <object_component id="oc-862">
         <name>.text:I2CFIFODataGetNonBlocking</name>
         <load_address>0x20011efc</load_address>
         <run_address>0x20011efc</run_address>
         <size>0x26</size>
         <input_file_ref idref="fl-22"/>
      </object_component>
      <object_component id="oc-6f6">
         <name>.text:I2C_cancel</name>
         <load_address>0x20011f22</load_address>
         <run_address>0x20011f22</run_address>
         <size>0x26</size>
         <input_file_ref idref="fl-e"/>
      </object_component>
      <object_component id="oc-473">
         <name>.text:List_put</name>
         <load_address>0x20011f48</load_address>
         <run_address>0x20011f48</run_address>
         <size>0x26</size>
         <input_file_ref idref="fl-17"/>
      </object_component>
      <object_component id="oc-a7d">
         <name>.text:List_remove</name>
         <load_address>0x20011f6e</load_address>
         <run_address>0x20011f6e</run_address>
         <size>0x26</size>
         <input_file_ref idref="fl-17"/>
      </object_component>
      <object_component id="oc-625">
         <name>.text:HwiP_dispatch</name>
         <load_address>0x20011f94</load_address>
         <run_address>0x20011f94</run_address>
         <size>0x24</size>
         <input_file_ref idref="fl-1c"/>
      </object_component>
      <object_component id="oc-978">
         <name>.text:PowerCC32XX_reset</name>
         <load_address>0x20011fb8</load_address>
         <run_address>0x20011fb8</run_address>
         <size>0x24</size>
         <input_file_ref idref="fl-13"/>
      </object_component>
      <object_component id="oc-c5">
         <name>.text:_c_int00_noargs:_c_int00_noargs</name>
         <load_address>0x20011fdc</load_address>
         <run_address>0x20011fdc</run_address>
         <size>0x24</size>
         <input_file_ref idref="fl-ed"/>
      </object_component>
      <object_component id="oc-86a">
         <name>.text:I2CMasterSlaveAddrSet</name>
         <load_address>0x20012000</load_address>
         <run_address>0x20012000</run_address>
         <size>0x22</size>
         <input_file_ref idref="fl-22"/>
      </object_component>
      <object_component id="oc-a75">
         <name>.text:HwiP_destruct</name>
         <load_address>0x20012022</load_address>
         <run_address>0x20012022</run_address>
         <size>0x20</size>
         <input_file_ref idref="fl-1c"/>
      </object_component>
      <object_component id="oc-951">
         <name>.text:Power_unregisterNotify</name>
         <load_address>0x20012044</load_address>
         <run_address>0x20012044</run_address>
         <size>0x20</size>
         <input_file_ref idref="fl-13"/>
      </object_component>
      <object_component id="oc-964">
         <name>.text:RingBuf_peek</name>
         <load_address>0x20012064</load_address>
         <run_address>0x20012064</run_address>
         <size>0x20</size>
         <input_file_ref idref="fl-18"/>
      </object_component>
      <object_component id="oc-3c5">
         <name>.text:__difftime32</name>
         <load_address>0x20012084</load_address>
         <run_address>0x20012084</run_address>
         <size>0x20</size>
         <input_file_ref idref="fl-eb"/>
      </object_component>
      <object_component id="oc-972">
         <name>.text:getPowerMgrId</name>
         <load_address>0x200120a4</load_address>
         <run_address>0x200120a4</run_address>
         <size>0x20</size>
         <input_file_ref idref="fl-16"/>
      </object_component>
      <object_component id="oc-55e">
         <name>.text</name>
         <load_address>0x200120c4</load_address>
         <run_address>0x200120c4</run_address>
         <size>0x20</size>
         <input_file_ref idref="fl-f6"/>
      </object_component>
      <object_component id="oc-69f">
         <name>.text:I2CMasterIntStatusEx</name>
         <load_address>0x200120e4</load_address>
         <run_address>0x200120e4</run_address>
         <size>0x1e</size>
         <input_file_ref idref="fl-22"/>
      </object_component>
      <object_component id="oc-503">
         <name>.text:SemaphoreP_constructBinary</name>
         <load_address>0x20012102</load_address>
         <run_address>0x20012102</run_address>
         <size>0x1e</size>
         <input_file_ref idref="fl-1a"/>
      </object_component>
      <object_component id="oc-a58">
         <name>.text:TimerDisable</name>
         <load_address>0x20012120</load_address>
         <run_address>0x20012120</run_address>
         <size>0x1e</size>
         <input_file_ref idref="fl-26"/>
      </object_component>
      <object_component id="oc-a51">
         <name>.text:TimerEnable</name>
         <load_address>0x2001213e</load_address>
         <run_address>0x2001213e</run_address>
         <size>0x1e</size>
         <input_file_ref idref="fl-26"/>
      </object_component>
      <object_component id="oc-906">
         <name>.text:PinToPadGet</name>
         <load_address>0x2001215c</load_address>
         <run_address>0x2001215c</run_address>
         <size>0x1c</size>
         <input_file_ref idref="fl-24"/>
      </object_component>
      <object_component id="oc-598">
         <name>.text:SwiP_disable</name>
         <load_address>0x20012178</load_address>
         <run_address>0x20012178</run_address>
         <size>0x1c</size>
         <input_file_ref idref="fl-1f"/>
      </object_component>
      <object_component id="oc-5f7">
         <name>.text:free_list_remove</name>
         <load_address>0x20012194</load_address>
         <run_address>0x20012194</run_address>
         <size>0x1c</size>
         <input_file_ref idref="fl-ec"/>
      </object_component>
      <object_component id="oc-66f">
         <name>.text:memccpy</name>
         <load_address>0x200121b0</load_address>
         <run_address>0x200121b0</run_address>
         <size>0x1c</size>
         <input_file_ref idref="fl-101"/>
      </object_component>
      <object_component id="oc-98a">
         <name>.text:ClockP_create</name>
         <load_address>0x200121cc</load_address>
         <run_address>0x200121cc</run_address>
         <size>0x1a</size>
         <input_file_ref idref="fl-1b"/>
      </object_component>
      <object_component id="oc-2de">
         <name>.text:SemaphoreP_createBinary</name>
         <load_address>0x200121e6</load_address>
         <run_address>0x200121e6</run_address>
         <size>0x1a</size>
         <input_file_ref idref="fl-1a"/>
      </object_component>
      <object_component id="oc-21">
         <name>.text:resetISR</name>
         <load_address>0x20012200</load_address>
         <run_address>0x20012200</run_address>
         <size>0x1a</size>
         <input_file_ref idref="fl-1e"/>
      </object_component>
      <object_component id="oc-8a1">
         <name>.text:I2CMasterBusBusy</name>
         <load_address>0x2001221a</load_address>
         <run_address>0x2001221a</run_address>
         <size>0x18</size>
         <input_file_ref idref="fl-22"/>
      </object_component>
      <object_component id="oc-6b1">
         <name>.text:I2CMasterIntDisableEx</name>
         <load_address>0x20012232</load_address>
         <run_address>0x20012232</run_address>
         <size>0x18</size>
         <input_file_ref idref="fl-22"/>
      </object_component>
      <object_component id="oc-87c">
         <name>.text:I2CMasterIntEnableEx</name>
         <load_address>0x2001224a</load_address>
         <run_address>0x2001224a</run_address>
         <size>0x18</size>
         <input_file_ref idref="fl-22"/>
      </object_component>
      <object_component id="oc-89b">
         <name>.text:I2CRxFIFOFlush</name>
         <load_address>0x20012262</load_address>
         <run_address>0x20012262</run_address>
         <size>0x18</size>
         <input_file_ref idref="fl-22"/>
      </object_component>
      <object_component id="oc-895">
         <name>.text:I2CTxFIFOFlush</name>
         <load_address>0x2001227a</load_address>
         <run_address>0x2001227a</run_address>
         <size>0x18</size>
         <input_file_ref idref="fl-22"/>
      </object_component>
      <object_component id="oc-5aa">
         <name>.text:Power_getTransitionLatency</name>
         <load_address>0x20012294</load_address>
         <run_address>0x20012294</run_address>
         <size>0x18</size>
         <input_file_ref idref="fl-13"/>
      </object_component>
      <object_component id="oc-78d">
         <name>.text:Power_idleFunc</name>
         <load_address>0x200122ac</load_address>
         <run_address>0x200122ac</run_address>
         <size>0x18</size>
         <input_file_ref idref="fl-13"/>
      </object_component>
      <object_component id="oc-8bd">
         <name>.text:TimerCC32XX_getCount</name>
         <load_address>0x200122c4</load_address>
         <run_address>0x200122c4</run_address>
         <size>0x18</size>
         <input_file_ref idref="fl-15"/>
      </object_component>
      <object_component id="oc-a5e">
         <name>.text:TimerIntDisable</name>
         <load_address>0x200122dc</load_address>
         <run_address>0x200122dc</run_address>
         <size>0x18</size>
         <input_file_ref idref="fl-26"/>
      </object_component>
      <object_component id="oc-a4b">
         <name>.text:TimerIntEnable</name>
         <load_address>0x200122f4</load_address>
         <run_address>0x200122f4</run_address>
         <size>0x18</size>
         <input_file_ref idref="fl-26"/>
      </object_component>
      <object_component id="oc-9c1">
         <name>.text:UARTBusy</name>
         <load_address>0x2001230c</load_address>
         <run_address>0x2001230c</run_address>
         <size>0x18</size>
         <input_file_ref idref="fl-27"/>
      </object_component>
      <object_component id="oc-ad1">
         <name>.text:UARTIntEnable</name>
         <load_address>0x20012324</load_address>
         <run_address>0x20012324</run_address>
         <size>0x18</size>
         <input_file_ref idref="fl-27"/>
      </object_component>
      <object_component id="oc-35d">
         <name>.text:UART_Params_init</name>
         <load_address>0x2001233c</load_address>
         <run_address>0x2001233c</run_address>
         <size>0x18</size>
         <input_file_ref idref="fl-10"/>
      </object_component>
      <object_component id="oc-4e0">
         <name>.text:_outc</name>
         <load_address>0x20012354</load_address>
         <run_address>0x20012354</run_address>
         <size>0x18</size>
         <input_file_ref idref="fl-df"/>
      </object_component>
      <object_component id="oc-232">
         <name>.text:gpioButtonFxn0</name>
         <load_address>0x2001236c</load_address>
         <run_address>0x2001236c</run_address>
         <size>0x18</size>
         <input_file_ref idref="fl-2"/>
      </object_component>
      <object_component id="oc-238">
         <name>.text:gpioButtonFxn1</name>
         <load_address>0x20012384</load_address>
         <run_address>0x20012384</run_address>
         <size>0x18</size>
         <input_file_ref idref="fl-2"/>
      </object_component>
      <object_component id="oc-5c7">
         <name>.text</name>
         <load_address>0x2001239c</load_address>
         <run_address>0x2001239c</run_address>
         <size>0x18</size>
         <input_file_ref idref="fl-e5"/>
      </object_component>
      <object_component id="oc-876">
         <name>.text:I2CMasterBurstLengthSet</name>
         <load_address>0x200123b4</load_address>
         <run_address>0x200123b4</run_address>
         <size>0x16</size>
         <input_file_ref idref="fl-22"/>
      </object_component>
      <object_component id="oc-2ab">
         <name>.text:PRCMHIBRegRead</name>
         <load_address>0x200123ca</load_address>
         <run_address>0x200123ca</run_address>
         <size>0x16</size>
         <input_file_ref idref="fl-25"/>
      </object_component>
      <object_component id="oc-2a5">
         <name>.text:PRCMHIBRegWrite</name>
         <load_address>0x200123e0</load_address>
         <run_address>0x200123e0</run_address>
         <size>0x16</size>
         <input_file_ref idref="fl-25"/>
      </object_component>
      <object_component id="oc-439">
         <name>.text:SemaphoreP_create</name>
         <load_address>0x200123f6</load_address>
         <run_address>0x200123f6</run_address>
         <size>0x16</size>
         <input_file_ref idref="fl-1a"/>
      </object_component>
      <object_component id="oc-83d">
         <name>.text:strchr</name>
         <load_address>0x2001240c</load_address>
         <run_address>0x2001240c</run_address>
         <size>0x16</size>
         <input_file_ref idref="fl-102"/>
      </object_component>
      <object_component id="oc-a3">
         <name>.text:CPUcpsid</name>
         <load_address>0x20012422</load_address>
         <run_address>0x20012422</run_address>
         <size>0x14</size>
         <input_file_ref idref="fl-21"/>
      </object_component>
      <object_component id="oc-47a">
         <name>.text:HwiP_inISR</name>
         <load_address>0x20012438</load_address>
         <run_address>0x20012438</run_address>
         <size>0x14</size>
         <input_file_ref idref="fl-1c"/>
      </object_component>
      <object_component id="oc-8a9">
         <name>.text:I2CSupport_masterFinish</name>
         <load_address>0x2001244c</load_address>
         <run_address>0x2001244c</run_address>
         <size>0x14</size>
[...]
         <value>0x2001227b</value>
         <object_component_ref idref="oc-895"/>
      </symbol>
      <symbol id="sm-c87">
         <name>I2CFIFODataPutNonBlocking</name>
         <value>0x20011e5b</value>
         <object_component_ref idref="oc-6c3"/>
      </symbol>
      <symbol id="sm-c88">
         <name>I2CMasterBusBusy</name>
         <value>0x2001221b</value>
         <object_component_ref idref="oc-8a1"/>
      </symbol>
      <symbol id="sm-c89">
         <name>I2CMasterIntDisableEx</name>
         <value>0x20012233</value>
         <object_component_ref idref="oc-6b1"/>
      </symbol>
      <symbol id="sm-c8a">
         <name>I2CMasterBurstLengthSet</name>
         <value>0x200123b5</value>
         <object_component_ref idref="oc-876"/>
      </symbol>
      <symbol id="sm-c8b">
         <name>I2CMasterIntClearEx</name>
         <value>0x200124eb</value>
         <object_component_ref idref="oc-6a5"/>
      </symbol>
      <symbol id="sm-c8c">
         <name>I2CMasterSlaveAddrSet</name>
         <value>0x20012001</value>
         <object_component_ref idref="oc-86a"/>
      </symbol>
      <symbol id="sm-c8d">
         <name>I2CMasterIntEnableEx</name>
         <value>0x2001224b</value>
         <object_component_ref idref="oc-87c"/>
      </symbol>
      <symbol id="sm-c8e">
         <name>I2CFIFOStatus</name>
         <value>0x200125c5</value>
         <object_component_ref idref="oc-6c9"/>
      </symbol>
      <symbol id="sm-c8f">
         <name>I2CMasterIntStatusEx</name>
         <value>0x200120e5</value>
         <object_component_ref idref="oc-69f"/>
      </symbol>
      <symbol id="sm-c90">
         <name>I2CFIFODataGetNonBlocking</name>
         <value>0x20011efd</value>
         <object_component_ref idref="oc-862"/>
      </symbol>
      <symbol id="sm-cd5">
         <name>IntVTableBaseSet</name>
         <value>0x20012475</value>
         <object_component_ref idref="oc-af"/>
      </symbol>
      <symbol id="sm-cd6">
         <name>IntEnable</name>
         <value>0x2000f73d</value>
         <object_component_ref idref="oc-b5"/>
      </symbol>
      <symbol id="sm-cd7">
         <name>IntMasterDisable</name>
         <value>0x20012711</value>
         <object_component_ref idref="oc-53"/>
      </symbol>
      <symbol id="sm-cd8">
         <name>IntPendSet</name>
         <value>0x2000fdf5</value>
         <object_component_ref idref="oc-938"/>
      </symbol>
      <symbol id="sm-d12">
         <name>PinModeGet</name>
         <value>0x20011bed</value>
         <object_component_ref idref="oc-2c3"/>
      </symbol>
      <symbol id="sm-d13">
         <name>PinConfigSet</name>
         <value>0x2000fe7d</value>
         <object_component_ref idref="oc-31c"/>
      </symbol>
      <symbol id="sm-d14">
         <name>PinModeSet</name>
         <value>0x200116ad</value>
         <object_component_ref idref="oc-2c9"/>
      </symbol>
      <symbol id="sm-d15">
         <name>PinToPadGet</name>
         <value>0x2001215d</value>
         <object_component_ref idref="oc-906"/>
      </symbol>
      <symbol id="sm-dde">
         <name>PRCMLPDSRestoreInfoSet</name>
         <value>0x2001144d</value>
         <object_component_ref idref="oc-91a"/>
      </symbol>
      <symbol id="sm-ddf">
         <name>PRCMPeripheralReset</name>
         <value>0x20010b7d</value>
         <object_component_ref idref="oc-2b7"/>
      </symbol>
      <symbol id="sm-de0">
         <name>PRCMLPDSEnter</name>
         <value>0x20011215</value>
         <object_component_ref idref="oc-774"/>
      </symbol>
      <symbol id="sm-de1">
         <name>PRCMPeripheralClkEnable</name>
         <value>0x2001125d</value>
         <object_component_ref idref="oc-2b1"/>
      </symbol>
      <symbol id="sm-de2">
         <name>PRCMLPDSEnterKeepDebugIf</name>
         <value>0x20011959</value>
         <object_component_ref idref="oc-77a"/>
      </symbol>
      <symbol id="sm-de3">
         <name>PRCMCC3200MCUInit</name>
         <value>0x2000ca91</value>
         <object_component_ref idref="oc-1dc"/>
      </symbol>
      <symbol id="sm-de4">
         <name>PRCMHIBRegWrite</name>
         <value>0x200123e1</value>
         <object_component_ref idref="oc-2a5"/>
      </symbol>
      <symbol id="sm-de5">
         <name>PRCMSysResetCauseGet</name>
         <value>0x20010951</value>
         <object_component_ref idref="oc-29e"/>
      </symbol>
      <symbol id="sm-de6">
         <name>PRCMPeripheralClkDisable</name>
         <value>0x20011e85</value>
         <object_component_ref idref="oc-2bd"/>
      </symbol>
      <symbol id="sm-de7">
         <name>PRCMHIBRegRead</name>
         <value>0x200123cb</value>
         <object_component_ref idref="oc-2ab"/>
      </symbol>
      <symbol id="sm-e2f">
         <name>TimerLoadSet</name>
         <value>0x20011e07</value>
         <object_component_ref idref="oc-a44"/>
      </symbol>
      <symbol id="sm-e30">
         <name>TimerDisable</name>
         <value>0x20012121</value>
         <object_component_ref idref="oc-a58"/>
      </symbol>
      <symbol id="sm-e31">
         <name>TimerEnable</name>
         <value>0x2001213f</value>
         <object_component_ref idref="oc-a51"/>
      </symbol>
      <symbol id="sm-e32">
         <name>TimerIntDisable</name>
         <value>0x200122dd</value>
         <object_component_ref idref="oc-a5e"/>
      </symbol>
      <symbol id="sm-e33">
         <name>TimerPrescaleSet</name>
         <value>0x20011e31</value>
         <object_component_ref idref="oc-a3e"/>
      </symbol>
      <symbol id="sm-e34">
         <name>TimerControlStall</name>
         <value>0x20011b19</value>
         <object_component_ref idref="oc-af6"/>
      </symbol>
      <symbol id="sm-e35">
         <name>TimerIntEnable</name>
         <value>0x200122f5</value>
         <object_component_ref idref="oc-a4b"/>
      </symbol>
      <symbol id="sm-e36">
         <name>TimerIntClear</name>
         <value>0x2001250f</value>
         <object_component_ref idref="oc-afe"/>
      </symbol>
      <symbol id="sm-e4a">
         <name>UARTBusy</name>
         <value>0x2001230d</value>
         <object_component_ref idref="oc-9c1"/>
      </symbol>
      <symbol id="sm-e4b">
         <name>UARTIntEnable</name>
         <value>0x20012325</value>
         <object_component_ref idref="oc-ad1"/>
      </symbol>
      <symbol id="sm-e4f">
         <name>UtilsDelay</name>
         <value>0x2001276b</value>
         <object_component_ref idref="oc-2a4"/>
      </symbol>
      <symbol id="sm-e5f">
         <name>FlashDisable</name>
         <value>0x20011185</value>
         <object_component_ref idref="oc-930"/>
      </symbol>
      <symbol id="sm-e8e">
         <name>snprintf</name>
         <value>0x20011139</value>
         <object_component_ref idref="oc-36b"/>
      </symbol>
      <symbol id="sm-e98">
         <name>__aeabi_d2iz</name>
         <value>0x200112ed</value>
         <object_component_ref idref="oc-3cb"/>
      </symbol>
      <symbol id="sm-ea6">
         <name>__aeabi_cfrcmple</name>
         <value>0x200109b1</value>
         <object_component_ref idref="oc-3d5"/>
      </symbol>
      <symbol id="sm-eb0">
         <name>__aeabi_fmul</name>
         <value>0x2001039f</value>
         <object_component_ref idref="oc-722"/>
      </symbol>
      <symbol id="sm-eba">
         <name>__aeabi_f2iz</name>
         <value>0x20011aa9</value>
         <object_component_ref idref="oc-727"/>
      </symbol>
      <symbol id="sm-ec5">
         <name>__aeabi_i2f</name>
         <value>0x20011ae1</value>
         <object_component_ref idref="oc-3d0"/>
      </symbol>
      <symbol id="sm-ece">
         <name>__aeabi_lmul</name>
         <value>0x2001239d</value>
         <object_component_ref idref="oc-5c7"/>
      </symbol>
      <symbol id="sm-ee9">
         <name>memcpy</name>
         <value>0x2000fb0d</value>
         <object_component_ref idref="oc-3b"/>
      </symbol>
      <symbol id="sm-eea">
         <name>__aeabi_memcpy</name>
         <value>0x2000fb0d</value>
         <object_component_ref idref="oc-3b"/>
      </symbol>
      <symbol id="sm-eeb">
         <name>__aeabi_memcpy8</name>
         <value>0x2000fb0d</value>
         <object_component_ref idref="oc-3b"/>
      </symbol>
      <symbol id="sm-eec">
         <name>__aeabi_memcpy4</name>
         <value>0x2000fb0d</value>
         <object_component_ref idref="oc-3b"/>
      </symbol>
      <symbol id="sm-ef9">
         <name>__aeabi_uldivmod</name>
         <value>0x2000fc41</value>
         <object_component_ref idref="oc-5bc"/>
      </symbol>
      <symbol id="sm-f0b">
         <name>__TI_zero_init</name>
         <value>0x200126d9</value>
         <object_component_ref idref="oc-4d"/>
      </symbol>
      <symbol id="sm-f22">
         <name>__TI_decompress_none</name>
         <value>0x200126a5</value>
         <object_component_ref idref="oc-1a"/>
      </symbol>
      <symbol id="sm-f45">
         <name>__TI_decompress_lzss</name>
         <value>0x200107b9</value>
         <object_component_ref idref="oc-14"/>
      </symbol>
      <symbol id="sm-f5d">
         <name>__difftime32</name>
         <value>0x20012085</value>
         <object_component_ref idref="oc-3c5"/>
      </symbol>
      <symbol id="sm-f5e">
         <name>difftime</name>
         <value>0x20012085</value>
         <object_component_ref idref="oc-3c5"/>
      </symbol>
      <symbol id="sm-fe7">
         <name>_sys_memory</name>
         <value>0x20004040</value>
         <object_component_ref idref="oc-2a"/>
      </symbol>
      <symbol id="sm-fe8">
         <name>free</name>
         <value>0x2000ecd1</value>
         <object_component_ref idref="oc-444"/>
      </symbol>
      <symbol id="sm-fe9">
         <name>memalign</name>
         <value>0x2000e8e5</value>
         <object_component_ref idref="oc-61b"/>
      </symbol>
      <symbol id="sm-fea">
         <name>malloc</name>
         <value>0x20012741</value>
         <object_component_ref idref="oc-49f"/>
      </symbol>
      <symbol id="sm-feb">
         <name>aligned_alloc</name>
         <value>0x2000e8e5</value>
         <object_component_ref idref="oc-61b"/>
      </symbol>
      <symbol id="sm-ffd">
         <name>__stack</name>
         <value>0x20003000</value>
         <object_component_ref idref="oc-2d"/>
      </symbol>
      <symbol id="sm-ffe">
         <name>_c_int00_noargs</name>
         <value>0x20011fdd</value>
         <object_component_ref idref="oc-c5"/>
      </symbol>
      <symbol id="sm-100c">
         <name>__time32</name>
         <value>0x20012697</value>
         <object_component_ref idref="oc-220"/>
      </symbol>
      <symbol id="sm-100d">
         <name>time</name>
         <value>0x20012697</value>
         <object_component_ref idref="oc-220"/>
      </symbol>
      <symbol id="sm-1172">
         <name>__TI_printfi</name>
         <value>0x2000c041</value>
         <object_component_ref idref="oc-4d4"/>
      </symbol>
      <symbol id="sm-117c">
         <name>__aeabi_idiv0</name>
         <value>0x20010ecb</value>
         <object_component_ref idref="oc-745"/>
      </symbol>
      <symbol id="sm-117d">
         <name>__aeabi_ldiv0</name>
         <value>0x20010ecb</value>
         <object_component_ref idref="oc-745"/>
      </symbol>
      <symbol id="sm-1194">
         <name>__aeabi_dsub</name>
         <value>0x2000d9a9</value>
         <object_component_ref idref="oc-811"/>
      </symbol>
      <symbol id="sm-1195">
         <name>__aeabi_dadd</name>
         <value>0x2000d9b3</value>
         <object_component_ref idref="oc-811"/>
      </symbol>
      <symbol id="sm-11b7">
         <name>__aeabi_cdcmpeq</name>
         <value>0x20010015</value>
         <object_component_ref idref="oc-652"/>
      </symbol>
      <symbol id="sm-11b8">
         <name>__aeabi_cdcmple</name>
         <value>0x20010015</value>
         <object_component_ref idref="oc-652"/>
      </symbol>
      <symbol id="sm-11b9">
         <name>__aeabi_cdrcmple</name>
         <value>0x2001009b</value>
         <object_component_ref idref="oc-801"/>
      </symbol>
      <symbol id="sm-11cd">
         <name>__aeabi_ddiv</name>
         <value>0x2000e201</value>
         <object_component_ref idref="oc-7fc"/>
      </symbol>
      <symbol id="sm-11d8">
         <name>__aeabi_dmul</name>
         <value>0x2000eae1</value>
         <object_component_ref idref="oc-7f7"/>
      </symbol>
      <symbol id="sm-11e2">
         <name>__aeabi_i2d</name>
         <value>0x20011d81</value>
         <object_component_ref idref="oc-80c"/>
      </symbol>
      <symbol id="sm-11ec">
         <name>__aeabi_ui2d</name>
         <value>0x200120c5</value>
         <object_component_ref idref="oc-55e"/>
      </symbol>
      <symbol id="sm-11fb">
         <name>__aeabi_memset</name>
         <value>0x2001041b</value>
         <object_component_ref idref="oc-9d"/>
      </symbol>
      <symbol id="sm-11fc">
         <name>memset</name>
         <value>0x20010421</value>
         <object_component_ref idref="oc-9d"/>
      </symbol>
      <symbol id="sm-11fd">
         <name>__aeabi_memset8</name>
         <value>0x2001041b</value>
         <object_component_ref idref="oc-9d"/>
      </symbol>
      <symbol id="sm-11fe">
         <name>__aeabi_memset4</name>
         <value>0x2001041b</value>
         <object_component_ref idref="oc-9d"/>
      </symbol>
      <symbol id="sm-11ff">
         <name>__aeabi_memclr8</name>
         <value>0x20010419</value>
         <object_component_ref idref="oc-9d"/>
      </symbol>
      <symbol id="sm-1200">
         <name>__aeabi_memclr4</name>
         <value>0x20010419</value>
         <object_component_ref idref="oc-9d"/>
      </symbol>
      <symbol id="sm-1201">
         <name>__aeabi_memclr</name>
         <value>0x20010419</value>
         <object_component_ref idref="oc-9d"/>
      </symbol>
      <symbol id="sm-1229">
         <name>__TI_auto_init_nobinit_nopinit</name>
         <value>0x200115e5</value>
         <object_component_ref idref="oc-172"/>
      </symbol>
      <symbol id="sm-1233">
         <name>_system_pre_init</name>
         <value>0x2001277d</value>
         <object_component_ref idref="oc-114"/>
      </symbol>
      <symbol id="sm-123f">
         <name>C$$EXIT</name>
         <value>0x20012781</value>
         <object_component_ref idref="oc-166"/>
      </symbol>
      <symbol id="sm-1240">
         <name>abort</name>
         <value>0x20012781</value>
         <object_component_ref idref="oc-166"/>
      </symbol>
      <symbol id="sm-1255">
         <name>_nop</name>
         <value>0x2000f023</value>
         <object_component_ref idref="oc-3ea"/>
      </symbol>
      <symbol id="sm-1256">
         <name>_lock</name>
         <value>0x20012d38</value>
         <object_component_ref idref="oc-247"/>
      </symbol>
      <symbol id="sm-1257">
         <name>_unlock</name>
         <value>0x20012d3c</value>
         <object_component_ref idref="oc-247"/>
      </symbol>
      <symbol id="sm-1266">
         <name>__TI_ltoa</name>
         <value>0x20010cd9</value>
         <object_component_ref idref="oc-806"/>
      </symbol>
      <symbol id="sm-127d">
         <name>atoi</name>
         <value>0x200110a1</value>
         <object_component_ref idref="oc-646"/>
      </symbol>
      <symbol id="sm-1288">
         <name>_ctypes_</name>
         <value>0x20012d64</value>
         <object_component_ref idref="oc-7f0"/>
      </symbol>
      <symbol id="sm-1298">
         <name>memccpy</name>
         <value>0x200121b1</value>
         <object_component_ref idref="oc-66f"/>
      </symbol>
      <symbol id="sm-12a8">
         <name>strchr</name>
         <value>0x2001240d</value>
         <object_component_ref idref="oc-83d"/>
      </symbol>
      <symbol id="sm-12b6">
         <name>strlen</name>
         <value>0x200124c5</value>
         <object_component_ref idref="oc-640"/>
      </symbol>
      <symbol id="sm-12ce">
         <name>HOSTtime</name>
         <value>0x200111cd</value>
         <object_component_ref idref="oc-3b8"/>
      </symbol>
      <symbol id="sm-12f2">
         <name>__TI_readmsg</name>
         <value>0x20011c89</value>
         <object_component_ref idref="oc-548"/>
      </symbol>
      <symbol id="sm-12f3">
         <name>C$$IO$$</name>
         <value>0x200119f7</value>
         <object_component_ref idref="oc-542"/>
      </symbol>
      <symbol id="sm-12f4">
         <name>__CIOBUF_</name>
         <value>0x200133ac</value>
         <object_component_ref idref="oc-712"/>
      </symbol>
      <symbol id="sm-12f5">
         <name>__TI_writemsg</name>
         <value>0x200119c9</value>
         <object_component_ref idref="oc-542"/>
      </symbol>
      <symbol id="sm-130b">
         <name>__aeabi_errno_addr</name>
         <value>0x20012739</value>
         <object_component_ref idref="oc-67b"/>
      </symbol>
      <symbol id="sm-130c">
         <name>errno</name>
         <value>0x20012d60</value>
         <object_component_ref idref="oc-84d"/>
      </symbol>
      <symbol id="sm-1325">
         <name>wcslen</name>
         <value>0x20012533</value>
         <object_component_ref idref="oc-675"/>
      </symbol>
      <symbol id="sm-1345">
         <name>frexpl</name>
         <value>0x20010a6d</value>
         <object_component_ref idref="oc-831"/>
      </symbol>
      <symbol id="sm-1346">
         <name>frexp</name>
         <value>0x20010a6d</value>
         <object_component_ref idref="oc-831"/>
      </symbol>
      <symbol id="sm-1364">
         <name>scalbn</name>
         <value>0x2000ee89</value>
         <object_component_ref idref="oc-837"/>
      </symbol>
      <symbol id="sm-1365">
         <name>scalbnl</name>
         <value>0x2000ee89</value>
         <object_component_ref idref="oc-837"/>
      </symbol>
      <symbol id="sm-1366">
         <name>ldexpl</name>
         <value>0x2000ee89</value>
         <object_component_ref idref="oc-837"/>
      </symbol>
      <symbol id="sm-1367">
         <name>ldexp</name>
         <value>0x2000ee89</value>
         <object_component_ref idref="oc-837"/>
      </symbol>
      <symbol id="sm-136d">
         <name>parmbuf</name>
         <value>0x20013755</value>
      </symbol>
      <symbol id="sm-1377">
         <name>copysign</name>
         <value>0x200126cd</value>
         <object_component_ref idref="oc-9ed"/>
      </symbol>
      <symbol id="sm-1378">
         <name>copysignl</name>
         <value>0x200126cd</value>
         <object_component_ref idref="oc-9ed"/>
      </symbol>
      <symbol id="sm-1379">
         <name>__TI_static_base__</name>
         <value>0x20013788</value>
      </symbol>
      <symbol id="sm-137c">
         <name>ITM_flush</name>
         <value>0x0</value>
      </symbol>
      <symbol id="sm-137d">
         <name>ITM_restore</name>
         <value>0x0</value>
      </symbol>
      <symbol id="sm-137e">
         <name>__mpu_init</name>
         <value>0x0</value>
      </symbol>
      <symbol id="sm-137f">
         <name>_system_post_cinit</name>
         <value>0x0</value>
      </symbol>
      <symbol id="sm-1380">
         <name>NoRTOS_start</name>
         <value>0x2001265f</value>
      </symbol>
   </symbol_table>
   <title>Link successful</title>
</link_info>
