******************************************************************************
                  TI ARM Linker PC v20.2.7                     
******************************************************************************
>> Linked Sun Oct 15 01:47:13 2023

OUTPUT FILE NAME:   <gpiointerrupt_CC3220S_LAUNCHXL_nortos_ccs.out>
ENTRY POINT SYMBOL: "resetISR"  address: 20012201


MEMORY CONFIGURATION

         name            origin    length      used     unused   attr    fill
----------------------  --------  ---------  --------  --------  ----  --------
  SRAM2                 20000000   00004000  0000130c  00002cf4  RW X
  SRAM                  20004000   0003c000  0000f886  0002c77a  RW X
  LOG_DATA              90000000   00040000  00000000  00040000  R   


SEGMENT ALLOCATION MAP

run origin  load origin   length   init length attrs members
----------  ----------- ---------- ----------- ----- -------
20003000    20003000    00001000   00000000    rw-
  20003000    20003000    00001000   00000000    rw- .stack
20004000    20004000    00000040   00000040    r--
  20004000    20004000    00000040   00000040    r-- .resetVecs
20004040    20004040    00008000   00000000    rw-
  20004040    20004040    00008000   00000000    rw- .sysmem
2000c040    2000c040    00006744   00006744    r-x
  2000c040    2000c040    00006744   00006744    r-x .text
20012784    20012784    000005e0   00000000    rw-
  20012784    20012784    000005e0   00000000    rw- .data
20012d64    20012d64    0000051a   0000051a    r--
  20012d64    20012d64    0000051a   0000051a    r-- .const
20013280    20013280    00000508   00000000    rw-
  20013280    20013280    00000508   00000000    rw- .bss
20013788    20013788    00000100   00000100    r--
  20013788    20013788    00000100   00000100    r-- .cinit


SECTION ALLOCATION MAP

 output                                  attributes/
section   page    origin      length       input sections
--------  ----  ----------  ----------   ----------------
.text      0    2000c040    00006744     
                  2000c040    00000a4e     rtsv7M4_T_le_eabi.lib : _printfi.c.obj (.text:__TI_printfi)
                  2000ca8e    00000002     ti_drivers_config.obj (.text:Board_initHook)
                  2000ca90    0000042c     driverlib.a : prcm.obj (.text:PRCMCC3200MCUInit)
                  2000cebc    00000288     drivers_cc32xx.a : UARTCC32XX.oem4 (.text:UARTCC32XX_open)
                  2000d144    00000268     rtsv7M4_T_le_eabi.lib : _printfi.c.obj (.text:_pconv_a)
                  2000d3ac    0000024c     gpiointerrupt.obj (.text:initI2C)
                  2000d5f8    000001e4     drivers_cc32xx.a : GPIOCC32XX.oem4 (.text:GPIO_setConfig)
                  2000d7dc    000001cc     rtsv7M4_T_le_eabi.lib : _printfi.c.obj (.text:_pconv_g)
                  2000d9a8    000001b6                           : fd_add_t2.asm.obj (.text)
                  2000db5e    00000002     drivers_cc32xx.a : I2C.oem4 (.text:I2C_init)
                  2000db60    0000019c     nortos_cc32xx.a : PowerCC32XX_nortos.oem4 (.text:PowerCC32XX_sleepPolicy)
                  2000dcfc    00000148     drivers_cc32xx.a : I2CCC32XX.oem4 (.text:I2CCC32XX_hwiFxn)
                  2000de44    00000148                      : PowerCC32XX.oem4 (.text:parkPins)
                  2000df8c    0000013c     rtsv7M4_T_le_eabi.lib : _printfi.c.obj (.text:_pconv_e)
                  2000e0c8    00000138     drivers_cc32xx.a : PowerCC32XX.oem4 (.text:Power_sleep)
                  2000e200    00000136     rtsv7M4_T_le_eabi.lib : fd_div_t2.asm.obj (.text)
                  2000e336    00000002     nortos_cc32xx.a : PowerCC32XX_nortos.oem4 (.text:PowerCC32XX_initPolicy)
                  2000e338    00000128     drivers_cc32xx.a : TimerCC32XX.oem4 (.text:TimerCC32XX_open)
                  2000e460    00000122                      : I2C.oem4 (.text:I2C_transferTimeout)
                  2000e582    00000002                      : TimerCC32XX.oem4 (.text:TimerCC32XX_init)
                  2000e584    00000120                      : UARTCC32XX.oem4 (.text:UARTCC32XX_close)
                  2000e6a4    00000120     rtsv7M4_T_le_eabi.lib : _printfi.c.obj (.text:fcvt)
                  2000e7c4    00000120     gpiointerrupt.obj (.text:readTemp)
                  2000e8e4    00000100     rtsv7M4_T_le_eabi.lib : memory.c.obj (.text:aligned_alloc)
                  2000e9e4    000000fc     drivers_cc32xx.a : I2CCC32XX.oem4 (.text:I2C_open)
                  2000eae0    000000fc     rtsv7M4_T_le_eabi.lib : fd_mul_t2.asm.obj (.text)
                  2000ebdc    000000f2     drivers_cc32xx.a : UARTCC32XX.oem4 (.text:UARTCC32XX_control)
                  2000ecce    00000002                      : UARTCC32XX.oem4 (.text:UARTCC32XX_init)
                  2000ecd0    000000e4     rtsv7M4_T_le_eabi.lib : memory.c.obj (.text:free)
                  2000edb4    000000d4     gpiointerrupt.obj (.text:task2)
                  2000ee88    000000d0     rtsv7M4_T_le_eabi.lib : s_scalbn.c.obj (.text:scalbn)
                  2000ef58    000000ca     drivers_cc32xx.a : UARTCC32XX.oem4 (.text:UARTCC32XX_write)
                  2000f022    00000002     rtsv7M4_T_le_eabi.lib : _lock.c.obj (.text:_nop)
                  2000f024    000000c4     drivers_cc32xx.a : GPIOCC32XX.oem4 (.text:GPIO_init)
                  2000f0e8    000000c0                      : PowerCC32XX.oem4 (.text:restoreParkedPins)
                  2000f1a8    000000ba                      : UARTCC32XX.oem4 (.text:UARTCC32XX_readPolling)
                  2000f262    00000002     nortos_cc32xx.a : startup_cc32xx_ccs.oem4 (.text:busFaultHandler)
                  2000f264    000000b8     drivers_cc32xx.a : UARTCC32XX.oem4 (.text:initHw)
                  2000f31c    000000b6                      : UARTCC32XX.oem4 (.text:readTaskCallback)
                  2000f3d2    000000b2                      : I2CCC32XX.oem4 (.text:I2CCC32XX_completeTransfer)
                  2000f484    000000b1     rtsv7M4_T_le_eabi.lib : _printfi.c.obj (.text:_ltostr)
                  2000f535    00000001     --HOLE-- [fill = 0]
                  2000f536    000000b0     drivers_cc32xx.a : UARTCC32XX.oem4 (.text:readTaskBlocking)
                  2000f5e6    000000ae                      : UARTCC32XX.oem4 (.text:readIsrTextBlocking)
                  2000f694    000000a8                      : I2CCC32XX.oem4 (.text:I2CCC32XX_primeWriteBurst)
                  2000f73c    000000a8     driverlib.a : interrupt.obj (.text:IntEnable)
                  2000f7e4    000000a8     drivers_cc32xx.a : PowerCC32XX.oem4 (.text:PowerCC32XX_configureWakeup)
                  2000f88c    000000a2                      : UARTCC32XX.oem4 (.text:readIsrTextCallback)
                  2000f92e    000000a2                      : UARTCC32XX.oem4 (.text:writeData)
                  2000f9d0    000000a0     nortos_cc32xx.a : SemaphoreP_nortos.oem4 (.text:SemaphoreP_pend)
                  2000fa70    0000009c     drivers_cc32xx.a : I2CCC32XX.oem4 (.text:I2CCC32XX_initHw)
                  2000fb0c    0000009c     rtsv7M4_T_le_eabi.lib : memcpy_t2.asm.obj (.text)
                  2000fba8    00000098     drivers_cc32xx.a : GPIOCC32XX.oem4 (.text:powerNotifyFxn)
                  2000fc40    00000096     rtsv7M4_T_le_eabi.lib : ull_div_t2.asm.obj (.text)
                  2000fcd6    00000002     nortos_cc32xx.a : SemaphoreP_nortos.oem4 (.text:clkFxn)
                  2000fcd8    00000090     drivers_cc32xx.a : PowerCC32XX.oem4 (.text:restoreNVICRegs)
                  2000fd68    0000008c     nortos_cc32xx.a : HwiPCC32XX_nortos.oem4 (.text:HwiP_construct)
                  2000fdf4    00000088     driverlib.a : interrupt.obj (.text:IntPendSet)
                  2000fe7c    00000088                 : pin.obj (.text:PinConfigSet)
                  2000ff04    00000088     drivers_cc32xx.a : TimerCC32XX.oem4 (.text:TimerCC32XX_setPeriod)
                  2000ff8c    00000088     gpiointerrupt.obj (.text:mainThread)
                  20010014    00000086     rtsv7M4_T_le_eabi.lib : fd_cmp_t2.asm.obj (.text:__aeabi_cdcmple)
                  2001009a    00000086                           : fd_cmp_t2.asm.obj (.text:__aeabi_cdrcmple)
                  20010120    00000084     drivers_cc32xx.a : PowerCC32XX.oem4 (.text:Power_init)
                  200101a4    00000084                      : PowerCC32XX.oem4 (.text:saveNVICRegs)
                  20010228    00000080                      : PowerCC32XX.oem4 (.text:Power_setDependency)
                  200102a8    0000007c                      : UARTCC32XX.oem4 (.text:readIsrBinaryBlocking)
                  20010324    0000007a                      : I2CCC32XX.oem4 (.text:I2CCC32XX_primeReadBurst)
                  2001039e    0000007a     rtsv7M4_T_le_eabi.lib : fs_mul_t2.asm.obj (.text)
                  20010418    0000007a                           : memset_t2.asm.obj (.text)
                  20010492    00000002     nortos_cc32xx.a : startup_cc32xx_ccs.oem4 (.text:defaultHandler)
                  20010494    00000078     drivers_cc32xx.a : GPIOCC32XX.oem4 (.text:GPIO_hwiIntFxn)
                  2001050c    00000078                      : TimerCC32XX.oem4 (.text:TimerCC32XX_start)
                  20010584    00000078                      : UARTCC32XX.oem4 (.text:readIsrBinaryCallback)
                  200105fc    00000074                      : UARTCC32XX.oem4 (.text:UARTCC32XX_hwiIntFxn)
                  20010670    00000070     rtsv7M4_T_le_eabi.lib : memory.c.obj (.text:split)
                  200106e0    0000006e                           : _printfi.c.obj (.text:_mcpy)
                  2001074e    0000006a     drivers_cc32xx.a : I2CCC32XX.oem4 (.text:I2CSupport_primeTransfer)
                  200107b8    00000068     rtsv7M4_T_le_eabi.lib : copy_decompress_lzss.c.obj (.text:decompress:lzss:__TI_decompress_lzss)
                  20010820    00000066     drivers_cc32xx.a : UARTCC32XX.oem4 (.text:UARTCC32XX_writeCancel)
                  20010886    00000002     nortos_cc32xx.a : startup_cc32xx_ccs.oem4 (.text:faultISR)
                  20010888    00000064     drivers_cc32xx.a : PowerCC32XX.oem4 (.text:PowerCC32XX_setParkState)
                  200108ec    00000062                      : UARTCC32XX.oem4 (.text:UARTCC32XX_writePolling)
                  2001094e    00000002     nortos_cc32xx.a : startup_cc32xx_ccs.oem4 (.text:nmiISR)
                  20010950    00000060     driverlib.a : prcm.obj (.text:PRCMSysResetCauseGet)
                  200109b0    00000060     rtsv7M4_T_le_eabi.lib : fs_cmp_t2.asm.obj (.text:__aeabi_cfrcmple)
                  20010a10    0000005c     drivers_cc32xx.a : GPIOCC32XX.oem4 (.text:GPIO_setCallback)
                  20010a6c    0000005c     rtsv7M4_T_le_eabi.lib : s_frexp.c.obj (.text:frexp)
                  20010ac8    0000005c     nortos_cc32xx.a : ClockPSysTick_nortos.oem4 (.text:sysTickInit)
                  20010b24    00000058     drivers_cc32xx.a : GPIOCC32XX.oem4 (.text:GPIO_write)
                  20010b7c    00000058     driverlib.a : prcm.obj (.text:PRCMPeripheralReset)
                  20010bd4    00000058     drivers_cc32xx.a : PowerCC32XX.oem4 (.text:Power_releaseDependency)
                  20010c2c    00000056                      : TimerCC32XX.oem4 (.text:TimerCC32XX_stop)
                  20010c82    00000056     rtsv7M4_T_le_eabi.lib : _printfi.c.obj (.text:_pconv_f)
                  20010cd8    00000054                           : _ltoa.c.obj (.text:__TI_ltoa)
                  20010d2c    00000054     gpiointerrupt.obj (.text:initTimer)
                  20010d80    00000054     drivers_cc32xx.a : UARTCC32XX.oem4 (.text:ringBufGet)
                  20010dd4    00000052                      : PowerCC32XX_asm.oem4 (.text:PowerCC32XX_resumeLPDS)
                  20010e26    00000052     rtsv7M4_T_le_eabi.lib : _printfi.c.obj (.text:_ecpy)
                  20010e78    00000052     drivers_cc32xx.a : TimerCC32XX.oem4 (.text:initHw)
                  20010eca    00000002     rtsv7M4_T_le_eabi.lib : div0.asm.obj (.text)
                  20010ecc    00000050     nortos_cc32xx.a : ClockPSysTick_nortos.oem4 (.text:ClockP_sysTickHandler)
                  20010f1c    00000050                     : SemaphoreP_nortos.oem4 (.text:SemaphoreP_construct)
                  20010f6c    00000050     drivers_cc32xx.a : TimerCC32XX.oem4 (.text:TimerCC32XX_allocateTimerResource)
                  20010fbc    0000004c                      : GPIOCC32XX.oem4 (.text:GPIO_enableInt)
                  20011008    0000004c                      : I2CCC32XX.oem4 (.text:I2CCC32XX_readRecieveFifo)
                  20011054    0000004c                      : PowerCC32XX.oem4 (.text:PowerCC32XX_parkPin)
                  200110a0    0000004c     rtsv7M4_T_le_eabi.lib : atoi.c.obj (.text:atoi)
                  200110ec    0000004c     drivers_cc32xx.a : PowerCC32XX.oem4 (.text:restorePeriphClocks)
                  20011138    0000004c     rtsv7M4_T_le_eabi.lib : snprintf.c.obj (.text:snprintf)
                  20011184    00000048     driverlib.a : flash.obj (.text:FlashDisable)
                  200111cc    00000048     rtsv7M4_T_le_eabi.lib : hosttime.c.obj (.text:HOSTtime)
                  20011214    00000048     driverlib.a : prcm.obj (.text:PRCMLPDSEnter)
                  2001125c    00000048                 : prcm.obj (.text:PRCMPeripheralClkEnable)
                  200112a4    00000048     drivers_cc32xx.a : PowerCC32XX.oem4 (.text:Power_releaseConstraint)
                  200112ec    00000048     rtsv7M4_T_le_eabi.lib : fd_toi_t2.asm.obj (.text)
                  20011334    00000048     gpiointerrupt.obj (.text:timerCallback)
                  2001137c    00000046     drivers_cc32xx.a : RingBuf.oem4 (.text:RingBuf_put)
                  200113c2    00000046                      : TimerCC32XX.oem4 (.text:getPrescaler)
                  20011408    00000044     nortos_cc32xx.a : ClockPSysTick_nortos.oem4 (.text:ClockP_stop)
                  2001144c    00000044     driverlib.a : prcm.obj (.text:PRCMLPDSRestoreInfoSet)
                  20011490    00000044     drivers_cc32xx.a : PowerCC32XX_asm.oem4 (.text:PowerCC32XX_enterLPDS)
                  200114d4    00000044     nortos_cc32xx.a : SemaphoreP_nortos.oem4 (.text:SemaphoreP_post)
                  20011518    00000044                     : SwiP_nortos.oem4 (.text:SwiP_restore)
                  2001155c    00000044     drivers_cc32xx.a : Timer.oem4 (.text:Timer_init)
                  200115a0    00000044                      : UART.oem4 (.text:UART_init)
                  200115e4    00000044     rtsv7M4_T_le_eabi.lib : autoinit.c.obj (.text:__TI_auto_init_nobinit_nopinit:__TI_auto_init_nobinit_nopinit)
                  20011628    00000044     gpiointerrupt.obj (.text:initUART)
                  2001166c    00000040     nortos_cc32xx.a : ClockPSysTick_nortos.oem4 (.text:ClockP_construct)
                  200116ac    00000040     driverlib.a : pin.obj (.text:PinModeSet)
                  200116ec    00000040     drivers_cc32xx.a : RingBuf.oem4 (.text:RingBuf_get)
                  2001172c    00000040                      : Timer.oem4 (.text:Timer_open)
                  2001176c    00000040                      : UARTCC32XX.oem4 (.text:UARTCC32XX_read)
                  200117ac    00000040                      : UART.oem4 (.text:UART_open)
                  200117ec    00000040     gpiointerrupt.obj (.text:task1)
                  2001182c    0000003e     rtsv7M4_T_le_eabi.lib : _printfi.c.obj (.text:_fcpy)
                  2001186a    00000002     --HOLE-- [fill = 0]
                  2001186c    0000003c     nortos_cc32xx.a : ClockPSysTick_nortos.oem4 (.text:ClockP_destruct)
                  200118a8    0000003c     drivers_cc32xx.a : PowerCC32XX.oem4 (.text:Power_setConstraint)
                  200118e4    0000003a                      : TimerCC32XX.oem4 (.text:TimerCC32XX_close)
                  2001191e    0000003a     nortos_cc32xx.a : PowerCC32XX_nortos.oem4 (.text:getCountsRTC)
                  20011958    00000038     driverlib.a : prcm.obj (.text:PRCMLPDSEnterKeepDebugIf)
                  20011990    00000038     drivers_cc32xx.a : TimerCC32XX.oem4 (.text:TimerCC32XX_hwiIntFunction)
                  200119c8    00000038     rtsv7M4_T_le_eabi.lib : trgmsg.c.obj (.text:__TI_writemsg)
                  20011a00    00000038     nortos_cc32xx.a : ClockPSysTick_nortos.oem4 (.text:addToList)
                  20011a38    00000038                     : startup_cc32xx_ccs.oem4 (.text:initVectors)
                  20011a70    00000038     drivers_cc32xx.a : PowerCC32XX.oem4 (.text:notify)
                  20011aa8    00000038     rtsv7M4_T_le_eabi.lib : fs_toi_t2.asm.obj (.text)
                  20011ae0    00000038                           : i_tofs_t2.asm.obj (.text)
                  20011b18    00000036     driverlib.a : timer.obj (.text:TimerControlStall)
                  20011b4e    00000036     drivers_cc32xx.a : UARTCC32XX.oem4 (.text:UARTCC32XX_readCancel)
                  20011b84    00000034     nortos_cc32xx.a : ClockPSysTick_nortos.oem4 (.text:ClockP_getTicksUntilInterrupt)
                  20011bb8    00000034                     : ClockPSysTick_nortos.oem4 (.text:ClockP_startup)
                  20011bec    00000034     driverlib.a : pin.obj (.text:PinModeGet)
                  20011c20    00000034     drivers_cc32xx.a : PowerCC32XX.oem4 (.text:PowerCC32XX_restoreParkState)
                  20011c54    00000034                      : TimerCC32XX.oem4 (.text:TimerCC32XX_freeTimerResource)
                  20011c88    00000034     rtsv7M4_T_le_eabi.lib : trgmsg.c.obj (.text:__TI_readmsg)
                  20011cbc    00000034     drivers_cc32xx.a : TimerCC32XX.oem4 (.text:getPowerMgrId)
                  20011cf0    00000030     nortos_cc32xx.a : ClockPSysTick_nortos.oem4 (.text:ClockP_start)
                  20011d20    00000030     drivers_cc32xx.a : PowerCC32XX.oem4 (.text:PowerCC32XX_restoreParkedPin)
                  20011d50    00000030     rtsv7M4_T_le_eabi.lib : snprintf.c.obj (.text:_outs)
                  20011d80    0000002e                           : i_tofd_t2.asm.obj (.text)
                  20011dae    00000002     --HOLE-- [fill = 0]
                  20011db0    0000002c     drivers_cc32xx.a : PowerCC32XX.oem4 (.text:PowerCC32XX_getParkState)
                  20011ddc    0000002a     nortos_cc32xx.a : HwiPCC32XX_nortos.oem4 (.text:HwiP_create)
                  20011e06    0000002a     driverlib.a : timer.obj (.text:TimerLoadSet)
                  20011e30    0000002a                 : timer.obj (.text:TimerPrescaleSet)
                  20011e5a    00000028                 : i2c.obj (.text:I2CFIFODataPutNonBlocking)
                  20011e82    00000002     --HOLE-- [fill = 0]
                  20011e84    00000028                 : prcm.obj (.text:PRCMPeripheralClkDisable)
                  20011eac    00000028     drivers_cc32xx.a : PowerCC32XX.oem4 (.text:Power_registerNotify)
                  20011ed4    00000028     rtsv7M4_T_le_eabi.lib : memory.c.obj (.text:free_list_insert)
                  20011efc    00000026     driverlib.a : i2c.obj (.text:I2CFIFODataGetNonBlocking)
                  20011f22    00000026     drivers_cc32xx.a : I2C.oem4 (.text:I2C_cancel)
                  20011f48    00000026                      : List.oem4 (.text:List_put)
                  20011f6e    00000026                      : List.oem4 (.text:List_remove)
                  20011f94    00000024     nortos_cc32xx.a : HwiPCC32XX_nortos.oem4 (.text:HwiP_dispatch)
                  20011fb8    00000024     drivers_cc32xx.a : PowerCC32XX.oem4 (.text:PowerCC32XX_reset)
                  20011fdc    00000024     rtsv7M4_T_le_eabi.lib : boot_cortex_m.c.obj (.text:_c_int00_noargs:_c_int00_noargs)
                  20012000    00000022     driverlib.a : i2c.obj (.text:I2CMasterSlaveAddrSet)
                  20012022    00000020     nortos_cc32xx.a : HwiPCC32XX_nortos.oem4 (.text:HwiP_destruct)
                  20012042    00000002     --HOLE-- [fill = 0]
                  20012044    00000020     drivers_cc32xx.a : PowerCC32XX.oem4 (.text:Power_unregisterNotify)
                  20012064    00000020                      : RingBuf.oem4 (.text:RingBuf_peek)
                  20012084    00000020     rtsv7M4_T_le_eabi.lib : difftime.c.obj (.text:__difftime32)
                  200120a4    00000020     drivers_cc32xx.a : UARTCC32XX.oem4 (.text:getPowerMgrId)
                  200120c4    00000020     rtsv7M4_T_le_eabi.lib : u_tofd_t2.asm.obj (.text)
                  200120e4    0000001e     driverlib.a : i2c.obj (.text:I2CMasterIntStatusEx)
                  20012102    0000001e     nortos_cc32xx.a : SemaphoreP_nortos.oem4 (.text:SemaphoreP_constructBinary)
                  20012120    0000001e     driverlib.a : timer.obj (.text:TimerDisable)
                  2001213e    0000001e                 : timer.obj (.text:TimerEnable)
                  2001215c    0000001c                 : pin.obj (.text:PinToPadGet)
                  20012178    0000001c     nortos_cc32xx.a : SwiP_nortos.oem4 (.text:SwiP_disable)
                  20012194    0000001c     rtsv7M4_T_le_eabi.lib : memory.c.obj (.text:free_list_remove)
                  200121b0    0000001c                           : memccpy.c.obj (.text:memccpy)
                  200121cc    0000001a     nortos_cc32xx.a : ClockPSysTick_nortos.oem4 (.text:ClockP_create)
                  200121e6    0000001a                     : SemaphoreP_nortos.oem4 (.text:SemaphoreP_createBinary)
                  20012200    0000001a                     : startup_cc32xx_ccs.oem4 (.text:resetISR)
                  2001221a    00000018     driverlib.a : i2c.obj (.text:I2CMasterBusBusy)
                  20012232    00000018                 : i2c.obj (.text:I2CMasterIntDisableEx)
                  2001224a    00000018                 : i2c.obj (.text:I2CMasterIntEnableEx)
                  20012262    00000018                 : i2c.obj (.text:I2CRxFIFOFlush)
                  2001227a    00000018                 : i2c.obj (.text:I2CTxFIFOFlush)
                  20012292    00000002     --HOLE-- [fill = 0]
                  20012294    00000018     drivers_cc32xx.a : PowerCC32XX.oem4 (.text:Power_getTransitionLatency)
                  200122ac    00000018                      : PowerCC32XX.oem4 (.text:Power_idleFunc)
                  200122c4    00000018                      : TimerCC32XX.oem4 (.text:TimerCC32XX_getCount)
                  200122dc    00000018     driverlib.a : timer.obj (.text:TimerIntDisable)
                  200122f4    00000018                 : timer.obj (.text:TimerIntEnable)
                  2001230c    00000018                 : uart.obj (.text:UARTBusy)
                  20012324    00000018                 : uart.obj (.text:UARTIntEnable)
                  2001233c    00000018     drivers_cc32xx.a : UART.oem4 (.text:UART_Params_init)
                  20012354    00000018     rtsv7M4_T_le_eabi.lib : snprintf.c.obj (.text:_outc)
                  2001236c    00000018     gpiointerrupt.obj (.text:gpioButtonFxn0)
                  20012384    00000018     gpiointerrupt.obj (.text:gpioButtonFxn1)
                  2001239c    00000018     rtsv7M4_T_le_eabi.lib : ll_mul_t2.asm.obj (.text)
                  200123b4    00000016     driverlib.a : i2c.obj (.text:I2CMasterBurstLengthSet)
                  200123ca    00000016                 : prcm.obj (.text:PRCMHIBRegRead)
                  200123e0    00000016                 : prcm.obj (.text:PRCMHIBRegWrite)
                  200123f6    00000016     nortos_cc32xx.a : SemaphoreP_nortos.oem4 (.text:SemaphoreP_create)
                  2001240c    00000016     rtsv7M4_T_le_eabi.lib : strchr.c.obj (.text:strchr)
                  20012422    00000014     driverlib.a : cpu.obj (.text:CPUcpsid)
                  20012436    00000002     --HOLE-- [fill = 0]
                  20012438    00000014     nortos_cc32xx.a : HwiPCC32XX_nortos.oem4 (.text:HwiP_inISR)
                  2001244c    00000014     drivers_cc32xx.a : I2CCC32XX.oem4 (.text:I2CSupport_masterFinish)
                  20012460    00000014                      : I2C.oem4 (.text:I2C_transfer)
                  20012474    00000014     driverlib.a : interrupt.obj (.text:IntVTableBaseSet)
                  20012488    00000014     drivers_cc32xx.a : PowerCC32XX.oem4 (.text:Power_disablePolicy)
                  2001249c    00000014                      : PowerCC32XX.oem4 (.text:Power_getDependencyCount)
                  200124b0    00000014                      : UARTCC32XX.oem4 (.text:releasePowerConstraint)
                  200124c4    00000014     rtsv7M4_T_le_eabi.lib : strlen.c.obj (.text:strlen)
                  200124d8    00000012     nortos_cc32xx.a : HwiPCC32XX_nortos.oem4 (.text:HwiP_Params_init)
                  200124ea    00000012     driverlib.a : i2c.obj (.text:I2CMasterIntClearEx)
                  200124fc    00000012     drivers_cc32xx.a : RingBuf.oem4 (.text:RingBuf_construct)
                  2001250e    00000012     driverlib.a : timer.obj (.text:TimerIntClear)
                  20012520    00000012     main_nortos.obj (.text:main)
                  20012532    00000012     rtsv7M4_T_le_eabi.lib : wcslen.c.obj (.text:wcslen)
                  20012544    00000010     ti_drivers_config.obj (.text:Board_init)
                  20012554    00000010     nortos_cc32xx.a : ClockPSysTick_nortos.oem4 (.text:ClockP_add)
                  20012564    00000010                     : ClockPSysTick_nortos.oem4 (.text:ClockP_delete)
                  20012574    00000010                     : ClockPSysTick_nortos.oem4 (.text:ClockP_getCpuFreq)
                  20012584    00000010                     : ClockPSysTick_nortos.oem4 (.text:ClockP_getSystemTicks)
                  20012594    00000010                     : ClockPSysTick_nortos.oem4 (.text:ClockP_setTicks)
                  200125a4    00000010                     : HwiPCC32XX_nortos.oem4 (.text:HwiP_delete)
                  200125b4    00000010                     : HwiPCC32XX_nortos.oem4 (.text:HwiP_restore)
                  200125c4    00000010     driverlib.a : i2c.obj (.text:I2CFIFOStatus)
                  200125d4    00000010     drivers_cc32xx.a : I2C.oem4 (.text:I2C_Params_init)
                  200125e4    00000010                      : PowerCC32XX.oem4 (.text:Power_enablePolicy)
                  200125f4    00000010     nortos_cc32xx.a : SemaphoreP_nortos.oem4 (.text:SemaphoreP_Params_init)
                  20012604    00000010     drivers_cc32xx.a : Timer.oem4 (.text:Timer_Params_init)
                  20012614    00000010                      : UARTCC32XX.oem4 (.text:readBlockingTimeout)
                  20012624    00000010     gpiointerrupt.obj (.text:updateTemperature)
                  20012634    0000000e     nortos_cc32xx.a : HwiPCC32XX_nortos.oem4 (.text:HwiP_clearInterrupt)
                  20012642    0000000e                     : HwiPCC32XX_nortos.oem4 (.text:HwiP_disable)
                  20012650    0000000e                     : HwiPCC32XX_nortos.oem4 (.text:HwiP_disableInterrupt)
                  2001265e    0000000e                     : HwiPCC32XX_nortos.oem4 (.text:HwiP_enable)
                  2001266c    0000000e                     : HwiPCC32XX_nortos.oem4 (.text:HwiP_enableInterrupt)
                  2001267a    0000000e     drivers_cc32xx.a : I2CCC32XX.oem4 (.text:I2CCC32XX_updateReg)
                  20012688    0000000e                      : RingBuf.oem4 (.text:RingBuf_isFull)
                  20012696    0000000e     rtsv7M4_T_le_eabi.lib : time.c.obj (.text:__time32)
                  200126a4    0000000e                           : copy_decompress_none.c.obj (.text:decompress:none:__TI_decompress_none)
                  200126b2    0000000c     drivers_cc32xx.a : I2CCC32XX.oem4 (.text:I2CCC32XX_postNotify)
                  200126be    00000002     --HOLE-- [fill = 0]
                  200126c0    0000000c                      : PowerCC32XX.oem4 (.text:Power_getConstraintMask)
                  200126cc    0000000c     rtsv7M4_T_le_eabi.lib : s_copysign.c.obj (.text:copysign)
                  200126d8    0000000c                           : copy_zero_init.c.obj (.text:decompress:ZI:__TI_zero_init)
                  200126e4    0000000c     drivers_cc32xx.a : TimerCC32XX.oem4 (.text:postNotifyFxn)
                  200126f0    0000000c                      : UARTCC32XX.oem4 (.text:postNotifyFxn)
                  200126fc    0000000a     nortos_cc32xx.a : ClockPSysTick_nortos.oem4 (.text:ClockP_Params_init)
                  20012706    0000000a                     : ClockPSysTick_nortos.oem4 (.text:ClockP_isActive)
                  20012710    0000000a     driverlib.a : interrupt.obj (.text:IntMasterDisable)
                  2001271a    0000000a     drivers_cc32xx.a : Timer.oem4 (.text:Timer_start)
                  20012724    0000000a                      : UART.oem4 (.text:UART_write)
                  2001272e    00000008                      : I2CCC32XX.oem4 (.text:I2CCC32XX_blockingCallback)
                  20012736    00000002     --HOLE-- [fill = 0]
                  20012738    00000008     rtsv7M4_T_le_eabi.lib : errno.c.obj (.text:__aeabi_errno_addr)
                  20012740    00000008                           : memory.c.obj (.text:malloc)
                  20012748    00000008     drivers_cc32xx.a : UARTCC32XX.oem4 (.text:readSemCallback)
                  20012750    00000008                      : UARTCC32XX.oem4 (.text:writeSemCallback)
                  20012758    00000006                      : I2CCC32XX.oem4 (.text:I2CSupport_powerRelConstraint)
                  2001275e    00000006                      : I2CCC32XX.oem4 (.text:I2CSupport_powerSetConstraint)
                  20012764    00000006                      : TimerCC32XX.oem4 (.text:TimerCC32XX_control)
                  2001276a    00000006     driverlib.a : utils.obj (.text:UtilsDelay)
                  20012770    00000004     nortos_cc32xx.a : ClockPSysTick_nortos.oem4 (.text:ClockP_setTimeout)
                  20012774    00000004                     : HwiPCC32XX_nortos.oem4 (.text:HwiP_post)
                  20012778    00000004                     : SemaphoreP_nortos.oem4 (.text:SemaphoreP_delete)
                  2001277c    00000004     rtsv7M4_T_le_eabi.lib : pre_init.c.obj (.text:_system_pre_init)
                  20012780    00000004                           : exit.c.obj (.text:abort:abort)

.const     0    20012d64    0000051a     
                  20012d64    00000101     rtsv7M4_T_le_eabi.lib : ctype.c.obj (.const:.string:_ctypes_)
                  20012e65    00000003     --HOLE-- [fill = 0]
                  20012e68    00000100     driverlib.a : pin.obj (.const:g_ulPinToPadMap)
                  20012f68    000000a8                 : prcm.obj (.const:PRCM_PeriphRegsList)
                  20013010    00000044     ti_drivers_config.obj (.const:PowerCC32XX_config)
                  20013054    00000028     drivers_cc32xx.a : UARTCC32XX.oem4 (.const:UARTCC32XX_fxnTable)
                  2001307c    00000024                      : UART.oem4 (.const:UART_defaultParams)
                  200130a0    00000024     ti_drivers_config.obj (.const:uartCC32XXHWAttrs0)
                  200130c4    00000021     drivers_cc32xx.a : GPIOCC32XX.oem4 (.const:.string:pinTable)
                  200130e5    00000003     --HOLE-- [fill = 0]
                  200130e8    00000020                      : TimerCC32XX.oem4 (.const:TimerCC32XX_fxnTable)
                  20013108    00000020                      : UARTCC32XX.oem4 (.const:staticFxnTable)
                  20013128    00000018     driverlib.a : interrupt.obj (.const:g_pulEnRegs)
                  20013140    00000018                 : interrupt.obj (.const:g_pulPendRegs)
                  20013158    00000018     gpiointerrupt.obj (.const:sensors)
                  20013170    00000014     ti_drivers_config.obj (.const:GPIOCC32XX_config)
                  20013184    00000014     drivers_cc32xx.a : GPIOCC32XX.oem4 (.const:gpioBaseAddresses)
                  20013198    00000014     ti_drivers_config.obj (.const:i2cCC32XXHWAttrs)
                  200131ac    00000014     drivers_cc32xx.a : UARTCC32XX.oem4 (.const:parityType)
                  200131c0    00000014                      : GPIOCC32XX.oem4 (.const:powerResources)
                  200131d4    00000010                      : I2C.oem4 (.const:I2C_defaultParams)
                  200131e4    00000010                      : I2CCC32XX.oem4 (.const:I2C_defaultParams)
                  200131f4    00000010                      : UARTCC32XX.oem4 (.const:dataLength)
                  20013204    00000010     ti_drivers_config.obj (.const:timerCC32XXHWAttrs)
                  20013214    0000000c     gpiointerrupt.obj (.const:.string)
                  20013220    0000000c     ti_drivers_config.obj (.const:Timer_config)
                  2001322c    0000000c     ti_drivers_config.obj (.const:UART_config)
                  20013238    0000000c     drivers_cc32xx.a : Timer.oem4 (.const:defaultParams)
                  20013244    00000009     ti_drivers_config.obj (.const)
                  2001324d    00000003     --HOLE-- [fill = 0]
                  20013250    00000008     ti_drivers_config.obj (.const:I2C_config)
                  20013258    00000008     drivers_cc32xx.a : GPIOCC32XX.oem4 (.const:outPinTypes)
                  20013260    00000008                      : UARTCC32XX.oem4 (.const:stopBits)
                  20013268    00000006                      : GPIOCC32XX.oem4 (.const:.string:interruptType)
                  2001326e    00000006                      : GPIOCC32XX.oem4 (.const:inPinTypes)
                  20013274    00000006                      : GPIOCC32XX.oem4 (.const:outPinStrengths)
                  2001327a    00000004                      : GPIOCC32XX.oem4 (.const:.string:portInterruptIds)

.cinit     0    20013788    00000100     
                  20013788    000000d8     (.cinit..data.load) [load image, compression = lzss]
                  20013860    0000000c     (__TI_handler_table)
                  2001386c    00000004     --HOLE-- [fill = 0]
                  20013870    00000008     (.cinit..bss.load) [load image, compression = zero_init]
                  20013878    00000010     (__TI_cinit_table)

.init_array 
*          0    20004000    00000000     UNINITIALIZED

.ramVecs   0    20000000    0000030c     NOLOAD SECTION
                  20000000    0000030c     nortos_cc32xx.a : startup_cc32xx_ccs.oem4 (.ramVecs)

.stack     0    20003000    00001000     UNINITIALIZED
                  20003000    00000004     rtsv7M4_T_le_eabi.lib : boot_cortex_m.c.obj (.stack)
                  20003004    00000ffc     --HOLE--

.resetVecs 
*          0    20004000    00000040     
                  20004000    00000040     nortos_cc32xx.a : startup_cc32xx_ccs.oem4 (.resetVecs:retain)

.sysmem    0    20004040    00008000     UNINITIALIZED
                  20004040    00000010     rtsv7M4_T_le_eabi.lib : memory.c.obj (.sysmem)
                  20004050    00007ff0     --HOLE--

.data      0    20012784    000005e0     UNINITIALIZED
                  20012784    0000030c     nortos_cc32xx.a : HwiPCC32XX_nortos.oem4 (.data:HwiP_dispatchTable)
                  20012a90    0000016c     drivers_cc32xx.a : PowerCC32XX.oem4 (.data:PowerCC32XX_module)
                  20012bfc    000000f8     ti_drivers_config.obj (.data:parkInfo)
                  20012cf4    00000020     gpiointerrupt.obj (.data)
                  20012d14    0000000c     ti_drivers_config.obj (.data:gpioCallbackFunctions)
                  20012d20    0000000c     ti_drivers_config.obj (.data:gpioPinConfigs)
                  20012d2c    00000009     drivers_cc32xx.a : GPIOCC32XX.oem4 (.data)
                  20012d35    00000003     nortos_cc32xx.a : SemaphoreP_nortos.oem4 (.data)
                  20012d38    00000008     rtsv7M4_T_le_eabi.lib : _lock.c.obj (.data:$O1$$)
                  20012d40    00000008                           : memory.c.obj (.data:$O1$$)
                  20012d48    00000008     nortos_cc32xx.a : SemaphoreP_nortos.oem4 (.data:SemaphoreP_defaultParams)
                  20012d50    00000008                     : HwiPCC32XX_nortos.oem4 (.data)
                  20012d58    00000005                     : ClockPSysTick_nortos.oem4 (.data)
                  20012d5d    00000001     drivers_cc32xx.a : Timer.oem4 (.data)
                  20012d5e    00000001                      : UART.oem4 (.data)
                  20012d5f    00000001     --HOLE--
                  20012d60    00000004     rtsv7M4_T_le_eabi.lib : errno.c.obj (.data)

.bss       0    20013280    00000508     UNINITIALIZED
                  20013280    0000012c     (.common:PowerCC32XX_contextSave)
                  200133ac    00000120     rtsv7M4_T_le_eabi.lib : trgmsg.c.obj (.bss:_CIOBUF_)
                  200134cc    000000fc     (.common:i2cCC32XXObjects)
                  200135c8    00000084     (.common:uartCC32XXObjects0)
                  2001364c    00000040     (.common:output)
                  2001368c    00000034     (.common:timerCC32XXObjects)
                  200136c0    00000020     drivers_cc32xx.a : GPIOCC32XX.oem4 (.bss:gpioCallbackInfo)
                  200136e0    00000020     ti_drivers_config.obj (.bss:uartCC32XXRingBuffer0)
                  20013700    00000020     (.common:i2cTransaction)
                  20013720    00000014     drivers_cc32xx.a : GPIOCC32XX.oem4 (.bss:powerNotifyObj)
                  20013734    00000004                      : GPIOCC32XX.oem4 (.bss)
                  20013738    00000010     (.common:ClockP_ctrl)
                  20013748    0000000d     nortos_cc32xx.a : SwiP_nortos.oem4 (.bss)
                  20013755    00000008     (.common:parmbuf)
                  2001375d    00000003     --HOLE--
                  20013760    00000004                     : ClockPSysTick_nortos.oem4 (.bss)
                  20013764    00000004     drivers_cc32xx.a : TimerCC32XX.oem4 (.bss:timerState)
                  20013768    00000004     (.common:currentTime)
                  2001376c    00000004     (.common:i2c)
                  20013770    00000004     (.common:rxBuffer)
                  20013774    00000004     (.common:startTime)
                  20013778    00000004     (.common:tempUpdateTime)
                  2001377c    00000004     (.common:timer0)
                  20013780    00000004     (.common:txBuffer)
                  20013784    00000004     (.common:uart)

.log_data 
*          0    90000000    00000000     COPY SECTION

__llvm_prf_cnts 
*          0    20004000    00000000     UNINITIALIZED

MODULE SUMMARY

       Module                       code    ro data   rw data
       ------                       ----    -------   -------
    .\
       gpiointerrupt.obj            1576    36        160    
       main_nortos.obj              18      0         0      
    +--+----------------------------+-------+---------+---------+
       Total:                       1594    36        160    
                                                             
    .\syscfg\
       ti_drivers_config.obj        18      201       740    
    +--+----------------------------+-------+---------+---------+
       Total:                       18      201       740    
                                                             
    C:/ti/simplelink_cc32xx_sdk_4_30_00_06/kernel/nortos/lib/ccs/m4/nortos_cc32xx.a
       HwiPCC32XX_nortos.oem4       394     0         788    
       startup_cc32xx_ccs.oem4      90      64        780    
       ClockPSysTick_nortos.oem4    702     0         25     
       PowerCC32XX_nortos.oem4      472     0         0      
       SemaphoreP_nortos.oem4       408     0         11     
       SwiP_nortos.oem4             96      0         13     
    +--+----------------------------+-------+---------+---------+
       Total:                       2162    64        1617   
                                                             
    C:/ti/simplelink_cc32xx_sdk_4_30_00_06/source/ti/devices/cc32xx/driverlib/ccs/Release/driverlib.a
       prcm.obj                     1604    168       0      
       pin.obj                      280     256       0      
       interrupt.obj                334     48        0      
       i2c.obj                      318     0         0      
       timer.obj                    264     0         0      
       flash.obj                    72      0         0      
       uart.obj                     48      0         0      
       cpu.obj                      20      0         0      
       utils.obj                    6       0         0      
    +--+----------------------------+-------+---------+---------+
       Total:                       2946    472       0      
                                                             
    C:/ti/simplelink_cc32xx_sdk_4_30_00_06/source/ti/drivers/lib/ccs/m4/drivers_cc32xx.a
       UARTCC32XX.oem4              3466    116       0      
       PowerCC32XX.oem4             2432    0         664    
       I2CCC32XX.oem4               1452    16        0      
       GPIOCC32XX.oem4              1208    103       65     
       TimerCC32XX.oem4             1132    32        4      
       I2C.oem4                     366     16        0      
       UART.oem4                    166     36        1      
       RingBuf.oem4                 198     0         0      
       Timer.oem4                   158     12        1      
       PowerCC32XX_asm.oem4         150     0         0      
       List.oem4                    76      0         0      
    +--+----------------------------+-------+---------+---------+
       Total:                       10804   331       735    
                                                             
    C:\ti\ccs1250\ccs\tools\compiler\ti-cgt-arm_20.2.7.LTS\lib\rtsv7M4_T_le_eabi.lib
       _printfi.c.obj               4835    0         0      
       memory.c.obj                 672     0         8      
       fd_add_t2.asm.obj            438     0         0      
       trgmsg.c.obj                 108     0         288    
       fd_div_t2.asm.obj            310     0         0      
       fd_cmp_t2.asm.obj            268     0         0      
       ctype.c.obj                  0       257       0      
       fd_mul_t2.asm.obj            252     0         0      
       s_scalbn.c.obj               208     0         0      
       memcpy_t2.asm.obj            156     0         0      
       ull_div_t2.asm.obj           150     0         0      
       snprintf.c.obj               148     0         0      
       fs_mul_t2.asm.obj            122     0         0      
       memset_t2.asm.obj            122     0         0      
       copy_decompress_lzss.c.obj   104     0         0      
       fs_cmp_t2.asm.obj            96      0         0      
       s_frexp.c.obj                92      0         0      
       _ltoa.c.obj                  84      0         0      
       atoi.c.obj                   76      0         0      
       fd_toi_t2.asm.obj            72      0         0      
       hosttime.c.obj               72      0         0      
       autoinit.c.obj               68      0         0      
       fs_toi_t2.asm.obj            56      0         0      
       i_tofs_t2.asm.obj            56      0         0      
       i_tofd_t2.asm.obj            46      0         0      
       boot_cortex_m.c.obj          36      0         0      
       difftime.c.obj               32      0         0      
       u_tofd_t2.asm.obj            32      0         0      
       memccpy.c.obj                28      0         0      
       ll_mul_t2.asm.obj            24      0         0      
       strchr.c.obj                 22      0         0      
       strlen.c.obj                 20      0         0      
       wcslen.c.obj                 18      0         0      
       copy_decompress_none.c.obj   14      0         0      
       time.c.obj                   14      0         0      
       copy_zero_init.c.obj         12      0         0      
       errno.c.obj                  8       0         4      
       s_copysign.c.obj             12      0         0      
       _lock.c.obj                  2       0         8      
       hostopen.c.obj               0       0         8      
       exit.c.obj                   4       0         0      
       pre_init.c.obj               4       0         0      
       div0.asm.obj                 2       0         0      
    +--+----------------------------+-------+---------+---------+
       Total:                       8895    257       316    
                                                             
       Heap:                        0       0         32768  
       Stack:                       0       0         4096   
       Linker Generated:            0       252       0      
    +--+----------------------------+-------+---------+---------+
       Grand Total:                 26419   1613      40432  


LINKER GENERATED COPY TABLES

__TI_cinit_table @ 20013878 records: 2, size/record: 8, table size: 16
	.data: load addr=20013788, load size=000000d8 bytes, run addr=20012784, run size=000005e0 bytes, compression=lzss
	.bss: load addr=20013870, load size=00000008 bytes, run addr=20013280, run size=00000508 bytes, compression=zero_init


LINKER GENERATED HANDLER TABLE

__TI_handler_table @ 20013860 records: 3, size/record: 4, table size: 12
	index: 0, handler: __TI_decompress_lzss
	index: 1, handler: __TI_decompress_none
	index: 2, handler: __TI_zero_init


GLOBAL SYMBOLS: SORTED ALPHABETICALLY BY Name 

address   name                             
-------   ----                             
20012545  Board_init                       
2000ca8f  Board_initHook                   
20012781  C$$EXIT                          
200119f7  C$$IO$$                          
20013244  CONFIG_GPIO_BUTTON_0_CONST       
20013245  CONFIG_GPIO_BUTTON_1_CONST       
20013246  CONFIG_GPIO_LED_0_CONST          
20013247  CONFIG_I2C_0_CONST               
20013249  CONFIG_TIMER_0_CONST             
2001324b  CONFIG_UART_0_CONST              
20012423  CPUcpsid                         
200126fd  ClockP_Params_init               
20012555  ClockP_add                       
2001166d  ClockP_construct                 
200121cd  ClockP_create                    
20013738  ClockP_ctrl                      
20012565  ClockP_delete                    
2001186d  ClockP_destruct                  
20010ecd  ClockP_doTick                    
20012575  ClockP_getCpuFreq                
20012585  ClockP_getSystemTicks            
20011b85  ClockP_getTicksUntilInterrupt    
20012707  ClockP_isActive                  
20012595  ClockP_setTicks                  
20012771  ClockP_setTimeout                
20011cf1  ClockP_start                     
20011bb9  ClockP_startup                   
20011409  ClockP_stop                      
20010ecd  ClockP_sysTickHandler            
20012d58  ClockP_tickPeriod                
20011185  FlashDisable                     
20013170  GPIOCC32XX_config                
20010fbd  GPIO_enableInt                   
20010495  GPIO_hwiIntFxn                   
2000f025  GPIO_init                        
20010a11  GPIO_setCallback                 
2000d5f9  GPIO_setConfig                   
20010b25  GPIO_write                       
200111cd  HOSTtime                         
200124d9  HwiP_Params_init                 
20012635  HwiP_clearInterrupt              
2000fd69  HwiP_construct                   
20011ddd  HwiP_create                      
200125a5  HwiP_delete                      
20012023  HwiP_destruct                    
20012643  HwiP_disable                     
20012651  HwiP_disableInterrupt            
20011f95  HwiP_dispatch                    
2001265f  HwiP_enable                      
2001266d  HwiP_enableInterrupt             
20012439  HwiP_inISR                       
20012d50  HwiP_key                         
20012775  HwiP_post                        
200125b5  HwiP_restore                     
20012d54  HwiP_swiPIntNum                  
20011efd  I2CFIFODataGetNonBlocking        
20011e5b  I2CFIFODataPutNonBlocking        
200125c5  I2CFIFOStatus                    
200123b5  I2CMasterBurstLengthSet          
2001221b  I2CMasterBusBusy                 
200124eb  I2CMasterIntClearEx              
20012233  I2CMasterIntDisableEx            
2001224b  I2CMasterIntEnableEx             
200120e5  I2CMasterIntStatusEx             
20012001  I2CMasterSlaveAddrSet            
20012263  I2CRxFIFOFlush                   
2001244d  I2CSupport_masterFinish          
20012759  I2CSupport_powerRelConstraint    
2001275f  I2CSupport_powerSetConstraint    
2001074f  I2CSupport_primeTransfer         
2001227b  I2CTxFIFOFlush                   
200125d5  I2C_Params_init                  
20011f23  I2C_cancel                       
20013250  I2C_config                       
20013248  I2C_count                        
200131d4  I2C_defaultParams                
2000db5f  I2C_init                         
2000e9e5  I2C_open                         
20012461  I2C_transfer                     
2000e461  I2C_transferTimeout              
UNDEFED   ITM_flush                        
UNDEFED   ITM_restore                      
2000f73d  IntEnable                        
20012711  IntMasterDisable                 
2000fdf5  IntPendSet                       
20012475  IntVTableBaseSet                 
20011f49  List_put                         
20011f6f  List_remove                      
2001265f  NoRTOS_start                     
2000ca91  PRCMCC3200MCUInit                
200123cb  PRCMHIBRegRead                   
200123e1  PRCMHIBRegWrite                  
20011215  PRCMLPDSEnter                    
20011959  PRCMLPDSEnterKeepDebugIf         
2001144d  PRCMLPDSRestoreInfoSet           
20011e85  PRCMPeripheralClkDisable         
2001125d  PRCMPeripheralClkEnable          
20010b7d  PRCMPeripheralReset              
20010951  PRCMSysResetCauseGet             
2000fe7d  PinConfigSet                     
20011bed  PinModeGet                       
200116ad  PinModeSet                       
2001215d  PinToPadGet                      
20013010  PowerCC32XX_config               
2000f7e5  PowerCC32XX_configureWakeup      
20013280  PowerCC32XX_contextSave          
20011491  PowerCC32XX_enterLPDS            
20011db1  PowerCC32XX_getParkState         
2000e337  PowerCC32XX_initPolicy           
20012a90  PowerCC32XX_module               
20011055  PowerCC32XX_parkPin              
20011fb9  PowerCC32XX_reset                
20011c21  PowerCC32XX_restoreParkState     
20011d21  PowerCC32XX_restoreParkedPin     
20010dd5  PowerCC32XX_resumeLPDS           
20010889  PowerCC32XX_setParkState         
2000db61  PowerCC32XX_sleepPolicy          
20012489  Power_disablePolicy              
200125e5  Power_enablePolicy               
200126c1  Power_getConstraintMask          
2001249d  Power_getDependencyCount         
20012295  Power_getTransitionLatency       
200122ad  Power_idleFunc                   
20010121  Power_init                       
20011ead  Power_registerNotify             
200112a5  Power_releaseConstraint          
20010bd5  Power_releaseDependency          
200118a9  Power_setConstraint              
20010229  Power_setDependency              
2000e0c9  Power_sleep                      
20012045  Power_unregisterNotify           
200124fd  RingBuf_construct                
200116ed  RingBuf_get                      
20012689  RingBuf_isFull                   
20012065  RingBuf_peek                     
2001137d  RingBuf_put                      
200125f5  SemaphoreP_Params_init           
20010f1d  SemaphoreP_construct             
20012103  SemaphoreP_constructBinary       
200123f7  SemaphoreP_create                
200121e7  SemaphoreP_createBinary          
20012d48  SemaphoreP_defaultParams         
20012779  SemaphoreP_delete                
2000f9d1  SemaphoreP_pend                  
200114d5  SemaphoreP_post                  
20012179  SwiP_disable                     
20011519  SwiP_restore                     
20010f6d  TimerCC32XX_allocateTimerResource
200118e5  TimerCC32XX_close                
20012765  TimerCC32XX_control              
20011c55  TimerCC32XX_freeTimerResource    
200130e8  TimerCC32XX_fxnTable             
200122c5  TimerCC32XX_getCount             
2000e583  TimerCC32XX_init                 
2000e339  TimerCC32XX_open                 
2000ff05  TimerCC32XX_setPeriod            
2001050d  TimerCC32XX_start                
20010c2d  TimerCC32XX_stop                 
20011b19  TimerControlStall                
20012121  TimerDisable                     
2001213f  TimerEnable                      
20012d0c  TimerFlag                        
20012d0d  TimerFlag2                       
2001250f  TimerIntClear                    
200122dd  TimerIntDisable                  
200122f5  TimerIntEnable                   
20011e07  TimerLoadSet                     
20011e31  TimerPrescaleSet                 
20012605  Timer_Params_init                
20013220  Timer_config                     
2001324a  Timer_count                      
2001155d  Timer_init                       
2001172d  Timer_open                       
2001271b  Timer_start                      
2001230d  UARTBusy                         
2000e585  UARTCC32XX_close                 
2000ebdd  UARTCC32XX_control               
20013054  UARTCC32XX_fxnTable              
2000eccf  UARTCC32XX_init                  
2000cebd  UARTCC32XX_open                  
2001176d  UARTCC32XX_read                  
20011b4f  UARTCC32XX_readCancel            
2000f1a9  UARTCC32XX_readPolling           
2000ef59  UARTCC32XX_write                 
20010821  UARTCC32XX_writeCancel           
200108ed  UARTCC32XX_writePolling          
20012325  UARTIntEnable                    
2001233d  UART_Params_init                 
2001322c  UART_config                      
2001324c  UART_count                       
2001307c  UART_defaultParams               
200115a1  UART_init                        
200117ad  UART_open                        
20012725  UART_write                       
2001276b  UtilsDelay                       
200133ac  __CIOBUF_                        
20004000  __STACK_END                      
00001000  __STACK_SIZE                     
00008000  __SYSMEM_SIZE                    
20013878  __TI_CINIT_Base                  
20013888  __TI_CINIT_Limit                 
20013860  __TI_Handler_Table_Base          
2001386c  __TI_Handler_Table_Limit         
200115e5  __TI_auto_init_nobinit_nopinit   
200107b9  __TI_decompress_lzss             
200126a5  __TI_decompress_none             
20010cd9  __TI_ltoa                        
ffffffff  __TI_pprof_out_hndl              
2000c041  __TI_printfi                     
ffffffff  __TI_prof_data_size              
ffffffff  __TI_prof_data_start             
20011c89  __TI_readmsg                     
20013788  __TI_static_base__               
200119c9  __TI_writemsg                    
200126d9  __TI_zero_init                   
20010015  __aeabi_cdcmpeq                  
20010015  __aeabi_cdcmple                  
2001009b  __aeabi_cdrcmple                 
200109b1  __aeabi_cfrcmple                 
200112ed  __aeabi_d2iz                     
2000d9b3  __aeabi_dadd                     
2000e201  __aeabi_ddiv                     
2000eae1  __aeabi_dmul                     
2000d9a9  __aeabi_dsub                     
20012739  __aeabi_errno_addr               
20011aa9  __aeabi_f2iz                     
2001039f  __aeabi_fmul                     
20011d81  __aeabi_i2d                      
20011ae1  __aeabi_i2f                      
20010ecb  __aeabi_idiv0                    
20010ecb  __aeabi_ldiv0                    
2001239d  __aeabi_lmul                     
20010419  __aeabi_memclr                   
20010419  __aeabi_memclr4                  
20010419  __aeabi_memclr8                  
2000fb0d  __aeabi_memcpy                   
2000fb0d  __aeabi_memcpy4                  
2000fb0d  __aeabi_memcpy8                  
2001041b  __aeabi_memset                   
2001041b  __aeabi_memset4                  
2001041b  __aeabi_memset8                  
200120c5  __aeabi_ui2d                     
2000fc41  __aeabi_uldivmod                 
ffffffff  __binit__                        
ffffffff  __c_args__                       
20012085  __difftime32                     
UNDEFED   __mpu_init                       
20003000  __stack                          
20004000  __start___llvm_prf_cnts          
20004000  __stop___llvm_prf_cnts           
20012697  __time32                         
20011fdd  _c_int00_noargs                  
20012d64  _ctypes_                         
20012d38  _lock                            
2000f023  _nop                             
20004040  _sys_memory                      
UNDEFED   _system_post_cinit               
2001277d  _system_pre_init                 
20012d3c  _unlock                          
20012781  abort                            
2000e8e5  aligned_alloc                    
200110a1  atoi                             
ffffffff  binit                            
20012cf8  buttonFlag                       
2000fcd7  clkFxn                           
200126cd  copysign                         
200126cd  copysignl                        
20013768  currentTime                      
20012085  difftime                         
20012d60  errno                            
2000ecd1  free                             
20010a6d  frexp                            
20010a6d  frexpl                           
2001236d  gpioButtonFxn0                   
20012385  gpioButtonFxn1                   
20012d14  gpioCallbackFunctions            
20012d20  gpioPinConfigs                   
20012d04  heat                             
2001376c  i2c                              
20013198  i2cCC32XXHWAttrs                 
200134cc  i2cCC32XXObjects                 
20013700  i2cTransaction                   
2001326e  inPinTypes                       
2000d3ad  initI2C                          
20010d2d  initTimer                        
20011629  initUART                         
20011a39  initVectors                      
2000ee89  ldexp                            
2000ee89  ldexpl                           
20012521  main                             
2000ff8d  mainThread                       
20012741  malloc                           
2000e8e5  memalign                         
200121b1  memccpy                          
2000fb0d  memcpy                           
20010421  memset                           
20013274  outPinStrengths                  
20013258  outPinTypes                      
2001364c  output                           
20012bfc  parkInfo                         
20013755  parmbuf                          
2000e7c5  readTemp                         
20012201  resetISR                         
20012214  resetVectorAddr                  
20004000  resetVectors                     
20013770  rxBuffer                         
2000ee89  scalbn                           
2000ee89  scalbnl                          
20012d00  seconds                          
20012d08  setpoint                         
20011139  snprintf                         
20013774  startTime                        
2001240d  strchr                           
200124c5  strlen                           
200117ed  task1                            
2000edb5  task2                            
20012d10  tempUpdateInterval               
20013778  tempUpdateTime                   
20012cf4  temperature                      
20012697  time                             
20012cfc  timer                            
2001377c  timer0                           
20013204  timerCC32XXHWAttrs               
2001368c  timerCC32XXObjects               
20011335  timerCallback                    
20013780  txBuffer                         
20013784  uart                             
200135c8  uartCC32XXObjects0               
20012625  updateTemperature                
20012533  wcslen                           


GLOBAL SYMBOLS: SORTED BY Symbol Address 

address   name                             
-------   ----                             
00001000  __STACK_SIZE                     
00008000  __SYSMEM_SIZE                    
20003000  __stack                          
20004000  __STACK_END                      
20004000  __start___llvm_prf_cnts          
20004000  __stop___llvm_prf_cnts           
20004000  resetVectors                     
20004040  _sys_memory                      
2000c041  __TI_printfi                     
2000ca8f  Board_initHook                   
2000ca91  PRCMCC3200MCUInit                
2000cebd  UARTCC32XX_open                  
2000d3ad  initI2C                          
2000d5f9  GPIO_setConfig                   
2000d9a9  __aeabi_dsub                     
2000d9b3  __aeabi_dadd                     
2000db5f  I2C_init                         
2000db61  PowerCC32XX_sleepPolicy          
2000e0c9  Power_sleep                      
2000e201  __aeabi_ddiv                     
2000e337  PowerCC32XX_initPolicy           
2000e339  TimerCC32XX_open                 
2000e461  I2C_transferTimeout              
2000e583  TimerCC32XX_init                 
2000e585  UARTCC32XX_close                 
2000e7c5  readTemp                         
2000e8e5  aligned_alloc                    
2000e8e5  memalign                         
2000e9e5  I2C_open                         
2000eae1  __aeabi_dmul                     
2000ebdd  UARTCC32XX_control               
2000eccf  UARTCC32XX_init                  
2000ecd1  free                             
2000edb5  task2                            
2000ee89  ldexp                            
2000ee89  ldexpl                           
2000ee89  scalbn                           
2000ee89  scalbnl                          
2000ef59  UARTCC32XX_write                 
2000f023  _nop                             
2000f025  GPIO_init                        
2000f1a9  UARTCC32XX_readPolling           
2000f73d  IntEnable                        
2000f7e5  PowerCC32XX_configureWakeup      
2000f9d1  SemaphoreP_pend                  
2000fb0d  __aeabi_memcpy                   
2000fb0d  __aeabi_memcpy4                  
2000fb0d  __aeabi_memcpy8                  
2000fb0d  memcpy                           
2000fc41  __aeabi_uldivmod                 
2000fcd7  clkFxn                           
2000fd69  HwiP_construct                   
2000fdf5  IntPendSet                       
2000fe7d  PinConfigSet                     
2000ff05  TimerCC32XX_setPeriod            
2000ff8d  mainThread                       
20010015  __aeabi_cdcmpeq                  
20010015  __aeabi_cdcmple                  
2001009b  __aeabi_cdrcmple                 
20010121  Power_init                       
20010229  Power_setDependency              
2001039f  __aeabi_fmul                     
20010419  __aeabi_memclr                   
20010419  __aeabi_memclr4                  
20010419  __aeabi_memclr8                  
2001041b  __aeabi_memset                   
2001041b  __aeabi_memset4                  
2001041b  __aeabi_memset8                  
20010421  memset                           
20010495  GPIO_hwiIntFxn                   
2001050d  TimerCC32XX_start                
2001074f  I2CSupport_primeTransfer         
200107b9  __TI_decompress_lzss             
20010821  UARTCC32XX_writeCancel           
20010889  PowerCC32XX_setParkState         
200108ed  UARTCC32XX_writePolling          
20010951  PRCMSysResetCauseGet             
200109b1  __aeabi_cfrcmple                 
20010a11  GPIO_setCallback                 
20010a6d  frexp                            
20010a6d  frexpl                           
20010b25  GPIO_write                       
20010b7d  PRCMPeripheralReset              
20010bd5  Power_releaseDependency          
20010c2d  TimerCC32XX_stop                 
20010cd9  __TI_ltoa                        
20010d2d  initTimer                        
20010dd5  PowerCC32XX_resumeLPDS           
20010ecb  __aeabi_idiv0                    
20010ecb  __aeabi_ldiv0                    
20010ecd  ClockP_doTick                    
20010ecd  ClockP_sysTickHandler            
20010f1d  SemaphoreP_construct             
20010f6d  TimerCC32XX_allocateTimerResource
20010fbd  GPIO_enableInt                   
20011055  PowerCC32XX_parkPin              
200110a1  atoi                             
20011139  snprintf                         
20011185  FlashDisable                     
200111cd  HOSTtime                         
20011215  PRCMLPDSEnter                    
2001125d  PRCMPeripheralClkEnable          
200112a5  Power_releaseConstraint          
200112ed  __aeabi_d2iz                     
20011335  timerCallback                    
2001137d  RingBuf_put                      
20011409  ClockP_stop                      
2001144d  PRCMLPDSRestoreInfoSet           
20011491  PowerCC32XX_enterLPDS            
200114d5  SemaphoreP_post                  
20011519  SwiP_restore                     
2001155d  Timer_init                       
200115a1  UART_init                        
200115e5  __TI_auto_init_nobinit_nopinit   
20011629  initUART                         
2001166d  ClockP_construct                 
200116ad  PinModeSet                       
200116ed  RingBuf_get                      
2001172d  Timer_open                       
2001176d  UARTCC32XX_read                  
200117ad  UART_open                        
200117ed  task1                            
2001186d  ClockP_destruct                  
200118a9  Power_setConstraint              
200118e5  TimerCC32XX_close                
20011959  PRCMLPDSEnterKeepDebugIf         
200119c9  __TI_writemsg                    
200119f7  C$$IO$$                          
20011a39  initVectors                      
20011aa9  __aeabi_f2iz                     
20011ae1  __aeabi_i2f                      
20011b19  TimerControlStall                
20011b4f  UARTCC32XX_readCancel            
20011b85  ClockP_getTicksUntilInterrupt    
20011bb9  ClockP_startup                   
20011bed  PinModeGet                       
20011c21  PowerCC32XX_restoreParkState     
20011c55  TimerCC32XX_freeTimerResource    
20011c89  __TI_readmsg                     
20011cf1  ClockP_start                     
20011d21  PowerCC32XX_restoreParkedPin     
20011d81  __aeabi_i2d                      
20011db1  PowerCC32XX_getParkState         
20011ddd  HwiP_create                      
20011e07  TimerLoadSet                     
20011e31  TimerPrescaleSet                 
20011e5b  I2CFIFODataPutNonBlocking        
20011e85  PRCMPeripheralClkDisable         
20011ead  Power_registerNotify             
20011efd  I2CFIFODataGetNonBlocking        
20011f23  I2C_cancel                       
20011f49  List_put                         
20011f6f  List_remove                      
20011f95  HwiP_dispatch                    
20011fb9  PowerCC32XX_reset                
20011fdd  _c_int00_noargs                  
20012001  I2CMasterSlaveAddrSet            
20012023  HwiP_destruct                    
20012045  Power_unregisterNotify           
20012065  RingBuf_peek                     
20012085  __difftime32                     
20012085  difftime                         
200120c5  __aeabi_ui2d                     
200120e5  I2CMasterIntStatusEx             
20012103  SemaphoreP_constructBinary       
20012121  TimerDisable                     
2001213f  TimerEnable                      
2001215d  PinToPadGet                      
20012179  SwiP_disable                     
200121b1  memccpy                          
200121cd  ClockP_create                    
200121e7  SemaphoreP_createBinary          
20012201  resetISR                         
20012214  resetVectorAddr                  
2001221b  I2CMasterBusBusy                 
20012233  I2CMasterIntDisableEx            
2001224b  I2CMasterIntEnableEx             
20012263  I2CRxFIFOFlush                   
2001227b  I2CTxFIFOFlush                   
20012295  Power_getTransitionLatency       
200122ad  Power_idleFunc                   
200122c5  TimerCC32XX_getCount             
200122dd  TimerIntDisable                  
200122f5  TimerIntEnable                   
2001230d  UARTBusy                         
20012325  UARTIntEnable                    
2001233d  UART_Params_init                 
2001236d  gpioButtonFxn0                   
20012385  gpioButtonFxn1                   
2001239d  __aeabi_lmul                     
200123b5  I2CMasterBurstLengthSet          
200123cb  PRCMHIBRegRead                   
200123e1  PRCMHIBRegWrite                  
200123f7  SemaphoreP_create                
2001240d  strchr                           
20012423  CPUcpsid                         
20012439  HwiP_inISR                       
2001244d  I2CSupport_masterFinish          
20012461  I2C_transfer                     
20012475  IntVTableBaseSet                 
20012489  Power_disablePolicy              
2001249d  Power_getDependencyCount         
200124c5  strlen                           
200124d9  HwiP_Params_init                 
200124eb  I2CMasterIntClearEx              
200124fd  RingBuf_construct                
2001250f  TimerIntClear                    
20012521  main                             
20012533  wcslen                           
20012545  Board_init                       
20012555  ClockP_add                       
20012565  ClockP_delete                    
20012575  ClockP_getCpuFreq                
20012585  ClockP_getSystemTicks            
20012595  ClockP_setTicks                  
200125a5  HwiP_delete                      
200125b5  HwiP_restore                     
200125c5  I2CFIFOStatus                    
200125d5  I2C_Params_init                  
200125e5  Power_enablePolicy               
200125f5  SemaphoreP_Params_init           
20012605  Timer_Params_init                
20012625  updateTemperature                
20012635  HwiP_clearInterrupt              
20012643  HwiP_disable                     
20012651  HwiP_disableInterrupt            
2001265f  HwiP_enable                      
2001265f  NoRTOS_start                     
2001266d  HwiP_enableInterrupt             
20012689  RingBuf_isFull                   
20012697  __time32                         
20012697  time                             
200126a5  __TI_decompress_none             
200126c1  Power_getConstraintMask          
200126cd  copysign                         
200126cd  copysignl                        
200126d9  __TI_zero_init                   
200126fd  ClockP_Params_init               
20012707  ClockP_isActive                  
20012711  IntMasterDisable                 
2001271b  Timer_start                      
20012725  UART_write                       
20012739  __aeabi_errno_addr               
20012741  malloc                           
20012759  I2CSupport_powerRelConstraint    
2001275f  I2CSupport_powerSetConstraint    
20012765  TimerCC32XX_control              
2001276b  UtilsDelay                       
20012771  ClockP_setTimeout                
20012775  HwiP_post                        
20012779  SemaphoreP_delete                
2001277d  _system_pre_init                 
20012781  C$$EXIT                          
20012781  abort                            
20012a90  PowerCC32XX_module               
20012bfc  parkInfo                         
20012cf4  temperature                      
20012cf8  buttonFlag                       
20012cfc  timer                            
20012d00  seconds                          
20012d04  heat                             
20012d08  setpoint                         
20012d0c  TimerFlag                        
20012d0d  TimerFlag2                       
20012d10  tempUpdateInterval               
20012d14  gpioCallbackFunctions            
20012d20  gpioPinConfigs                   
20012d38  _lock                            
20012d3c  _unlock                          
20012d48  SemaphoreP_defaultParams         
20012d50  HwiP_key                         
20012d54  HwiP_swiPIntNum                  
20012d58  ClockP_tickPeriod                
20012d60  errno                            
20012d64  _ctypes_                         
20013010  PowerCC32XX_config               
20013054  UARTCC32XX_fxnTable              
2001307c  UART_defaultParams               
200130e8  TimerCC32XX_fxnTable             
20013170  GPIOCC32XX_config                
20013198  i2cCC32XXHWAttrs                 
200131d4  I2C_defaultParams                
20013204  timerCC32XXHWAttrs               
20013220  Timer_config                     
2001322c  UART_config                      
20013244  CONFIG_GPIO_BUTTON_0_CONST       
20013245  CONFIG_GPIO_BUTTON_1_CONST       
20013246  CONFIG_GPIO_LED_0_CONST          
20013247  CONFIG_I2C_0_CONST               
20013248  I2C_count                        
20013249  CONFIG_TIMER_0_CONST             
2001324a  Timer_count                      
2001324b  CONFIG_UART_0_CONST              
2001324c  UART_count                       
20013250  I2C_config                       
20013258  outPinTypes                      
2001326e  inPinTypes                       
20013274  outPinStrengths                  
20013280  PowerCC32XX_contextSave          
200133ac  __CIOBUF_                        
200134cc  i2cCC32XXObjects                 
200135c8  uartCC32XXObjects0               
2001364c  output                           
2001368c  timerCC32XXObjects               
20013700  i2cTransaction                   
20013738  ClockP_ctrl                      
20013755  parmbuf                          
20013768  currentTime                      
2001376c  i2c                              
20013770  rxBuffer                         
20013774  startTime                        
20013778  tempUpdateTime                   
2001377c  timer0                           
20013780  txBuffer                         
20013784  uart                             
20013788  __TI_static_base__               
20013860  __TI_Handler_Table_Base          
2001386c  __TI_Handler_Table_Limit         
20013878  __TI_CINIT_Base                  
20013888  __TI_CINIT_Limit                 
ffffffff  __TI_pprof_out_hndl              
ffffffff  __TI_prof_data_size              
ffffffff  __TI_prof_data_start             
ffffffff  __binit__                        
ffffffff  __c_args__                       
ffffffff  binit                            
UNDEFED   ITM_flush                        
UNDEFED   ITM_restore                      
UNDEFED   __mpu_init                       
UNDEFED   _system_post_cinit               

[330 symbols]
