<?xml version="1.0" encoding="ISO-8859-1" ?>
<link_info>
   <banner>TI ARM Linker PC v20.2.7.LTS</banner>
   <copyright>Copyright (c) 1996-2018 Texas Instruments Incorporated</copyright>
   <link_time>0x6514a10a</link_time>
   <link_errors>0x0</link_errors>
   <output_file>gpiointerrupt_CC3220S_LAUNCHXL_nortos_ccs.out</output_file>
   <entry_point>
      <name>resetISR</name>
      <address>0x2000eb19</address>
   </entry_point>
   <input_file_list>
      <input_file id="fl-2">
         <path>.\</path>
         <kind>object</kind>
         <file>gpiointerrupt.obj</file>
         <name>gpiointerrupt.obj</name>
      </input_file>
      <input_file id="fl-3">
         <path>.\syscfg\</path>
         <kind>object</kind>
         <file>ti_drivers_config.obj</file>
         <name>ti_drivers_config.obj</name>
      </input_file>
      <input_file id="fl-4">
         <path>.\</path>
         <kind>object</kind>
         <file>main_nortos.obj</file>
         <name>main_nortos.obj</name>
      </input_file>
      <input_file id="fl-d">
         <kind>object</kind>
         <file>&lt;internal&gt;</file>
         <name>&lt;internal&gt;</name>
      </input_file>
      <input_file id="fl-e">
         <path>C:\ti\simplelink_cc32xx_sdk_4_30_00_06\source\ti\drivers\lib\ccs\m4\</path>
         <kind>archive</kind>
         <file>drivers_cc32xx.a</file>
         <name>Timer.oem4</name>
      </input_file>
      <input_file id="fl-f">
         <path>C:\ti\simplelink_cc32xx_sdk_4_30_00_06\source\ti\drivers\lib\ccs\m4\</path>
         <kind>archive</kind>
         <file>drivers_cc32xx.a</file>
         <name>GPIOCC32XX.oem4</name>
      </input_file>
      <input_file id="fl-10">
         <path>C:\ti\simplelink_cc32xx_sdk_4_30_00_06\source\ti\drivers\lib\ccs\m4\</path>
         <kind>archive</kind>
         <file>drivers_cc32xx.a</file>
         <name>PowerCC32XX.oem4</name>
      </input_file>
      <input_file id="fl-11">
         <path>C:\ti\simplelink_cc32xx_sdk_4_30_00_06\source\ti\drivers\lib\ccs\m4\</path>
         <kind>archive</kind>
         <file>drivers_cc32xx.a</file>
         <name>PowerCC32XX_asm.oem4</name>
      </input_file>
      <input_file id="fl-12">
         <path>C:\ti\simplelink_cc32xx_sdk_4_30_00_06\source\ti\drivers\lib\ccs\m4\</path>
         <kind>archive</kind>
         <file>drivers_cc32xx.a</file>
         <name>TimerCC32XX.oem4</name>
      </input_file>
      <input_file id="fl-13">
         <path>C:\ti\simplelink_cc32xx_sdk_4_30_00_06\source\ti\drivers\lib\ccs\m4\</path>
         <kind>archive</kind>
         <file>drivers_cc32xx.a</file>
         <name>List.oem4</name>
      </input_file>
      <input_file id="fl-14">
         <path>C:\ti\simplelink_cc32xx_sdk_4_30_00_06\kernel\nortos\lib\ccs\m4\</path>
         <kind>archive</kind>
         <file>nortos_cc32xx.a</file>
         <name>posix_sleep.oem4</name>
      </input_file>
      <input_file id="fl-15">
         <path>C:\ti\simplelink_cc32xx_sdk_4_30_00_06\kernel\nortos\lib\ccs\m4\</path>
         <kind>archive</kind>
         <file>nortos_cc32xx.a</file>
         <name>NoRTOS.oem4</name>
      </input_file>
      <input_file id="fl-16">
         <path>C:\ti\simplelink_cc32xx_sdk_4_30_00_06\kernel\nortos\lib\ccs\m4\</path>
         <kind>archive</kind>
         <file>nortos_cc32xx.a</file>
         <name>SemaphoreP_nortos.oem4</name>
      </input_file>
      <input_file id="fl-17">
         <path>C:\ti\simplelink_cc32xx_sdk_4_30_00_06\kernel\nortos\lib\ccs\m4\</path>
         <kind>archive</kind>
         <file>nortos_cc32xx.a</file>
         <name>ClockPSysTick_nortos.oem4</name>
      </input_file>
      <input_file id="fl-18">
         <path>C:\ti\simplelink_cc32xx_sdk_4_30_00_06\kernel\nortos\lib\ccs\m4\</path>
         <kind>archive</kind>
         <file>nortos_cc32xx.a</file>
         <name>HwiPCC32XX_nortos.oem4</name>
      </input_file>
      <input_file id="fl-19">
         <path>C:\ti\simplelink_cc32xx_sdk_4_30_00_06\kernel\nortos\lib\ccs\m4\</path>
         <kind>archive</kind>
         <file>nortos_cc32xx.a</file>
         <name>PowerCC32XX_nortos.oem4</name>
      </input_file>
      <input_file id="fl-1a">
         <path>C:\ti\simplelink_cc32xx_sdk_4_30_00_06\kernel\nortos\lib\ccs\m4\</path>
         <kind>archive</kind>
         <file>nortos_cc32xx.a</file>
         <name>startup_cc32xx_ccs.oem4</name>
      </input_file>
      <input_file id="fl-1b">
         <path>C:\ti\simplelink_cc32xx_sdk_4_30_00_06\kernel\nortos\lib\ccs\m4\</path>
         <kind>archive</kind>
         <file>nortos_cc32xx.a</file>
         <name>SwiP_nortos.oem4</name>
      </input_file>
      <input_file id="fl-1c">
         <path>C:\ti\simplelink_cc32xx_sdk_4_30_00_06\kernel\nortos\lib\ccs\m4\</path>
         <kind>archive</kind>
         <file>nortos_cc32xx.a</file>
         <name>QueueP_nortos.oem4</name>
      </input_file>
      <input_file id="fl-1d">
         <path>C:\ti\simplelink_cc32xx_sdk_4_30_00_06\source\ti\devices\cc32xx\driverlib\ccs\Release\</path>
         <kind>archive</kind>
         <file>driverlib.a</file>
         <name>cpu.obj</name>
      </input_file>
      <input_file id="fl-1e">
         <path>C:\ti\simplelink_cc32xx_sdk_4_30_00_06\source\ti\devices\cc32xx\driverlib\ccs\Release\</path>
         <kind>archive</kind>
         <file>driverlib.a</file>
         <name>interrupt.obj</name>
      </input_file>
      <input_file id="fl-1f">
         <path>C:\ti\simplelink_cc32xx_sdk_4_30_00_06\source\ti\devices\cc32xx\driverlib\ccs\Release\</path>
         <kind>archive</kind>
         <file>driverlib.a</file>
         <name>pin.obj</name>
      </input_file>
      <input_file id="fl-20">
         <path>C:\ti\simplelink_cc32xx_sdk_4_30_00_06\source\ti\devices\cc32xx\driverlib\ccs\Release\</path>
         <kind>archive</kind>
         <file>driverlib.a</file>
         <name>prcm.obj</name>
      </input_file>
      <input_file id="fl-21">
         <path>C:\ti\simplelink_cc32xx_sdk_4_30_00_06\source\ti\devices\cc32xx\driverlib\ccs\Release\</path>
         <kind>archive</kind>
         <file>driverlib.a</file>
         <name>timer.obj</name>
      </input_file>
      <input_file id="fl-22">
         <path>C:\ti\simplelink_cc32xx_sdk_4_30_00_06\source\ti\devices\cc32xx\driverlib\ccs\Release\</path>
         <kind>archive</kind>
         <file>driverlib.a</file>
         <name>utils.obj</name>
      </input_file>
      <input_file id="fl-23">
         <path>C:\ti\simplelink_cc32xx_sdk_4_30_00_06\source\ti\devices\cc32xx\driverlib\ccs\Release\</path>
         <kind>archive</kind>
         <file>driverlib.a</file>
         <name>flash.obj</name>
      </input_file>
      <input_file id="fl-d9">
         <path>C:\ti\ccs1240\ccs\tools\compiler\ti-cgt-arm_20.2.7.LTS\lib\</path>
         <kind>archive</kind>
         <file>rtsv7M4_T_le_eabi.lib</file>
         <name>ll_mul_t2.asm.obj</name>
      </input_file>
      <input_file id="fl-da">
         <path>C:\ti\ccs1240\ccs\tools\compiler\ti-cgt-arm_20.2.7.LTS\lib\</path>
         <kind>archive</kind>
         <file>rtsv7M4_T_le_eabi.lib</file>
         <name>memcpy_t2.asm.obj</name>
      </input_file>
      <input_file id="fl-db">
         <path>C:\ti\ccs1240\ccs\tools\compiler\ti-cgt-arm_20.2.7.LTS\lib\</path>
         <kind>archive</kind>
         <file>rtsv7M4_T_le_eabi.lib</file>
         <name>ull_div_t2.asm.obj</name>
      </input_file>
      <input_file id="fl-dc">
         <path>C:\ti\ccs1240\ccs\tools\compiler\ti-cgt-arm_20.2.7.LTS\lib\</path>
         <kind>archive</kind>
         <file>rtsv7M4_T_le_eabi.lib</file>
         <name>copy_zero_init.c.obj</name>
      </input_file>
      <input_file id="fl-dd">
         <path>C:\ti\ccs1240\ccs\tools\compiler\ti-cgt-arm_20.2.7.LTS\lib\</path>
         <kind>archive</kind>
         <file>rtsv7M4_T_le_eabi.lib</file>
         <name>copy_decompress_none.c.obj</name>
      </input_file>
      <input_file id="fl-de">
         <path>C:\ti\ccs1240\ccs\tools\compiler\ti-cgt-arm_20.2.7.LTS\lib\</path>
         <kind>archive</kind>
         <file>rtsv7M4_T_le_eabi.lib</file>
         <name>copy_decompress_lzss.c.obj</name>
      </input_file>
      <input_file id="fl-df">
         <path>C:\ti\ccs1240\ccs\tools\compiler\ti-cgt-arm_20.2.7.LTS\lib\</path>
         <kind>archive</kind>
         <file>rtsv7M4_T_le_eabi.lib</file>
         <name>memory.c.obj</name>
      </input_file>
      <input_file id="fl-e0">
         <path>C:\ti\ccs1240\ccs\tools\compiler\ti-cgt-arm_20.2.7.LTS\lib\</path>
         <kind>archive</kind>
         <file>rtsv7M4_T_le_eabi.lib</file>
         <name>boot_cortex_m.c.obj</name>
      </input_file>
      <input_file id="fl-e1">
         <path>C:\ti\ccs1240\ccs\tools\compiler\ti-cgt-arm_20.2.7.LTS\lib\</path>
         <kind>archive</kind>
         <file>rtsv7M4_T_le_eabi.lib</file>
         <name>div0.asm.obj</name>
      </input_file>
      <input_file id="fl-e2">
         <path>C:\ti\ccs1240\ccs\tools\compiler\ti-cgt-arm_20.2.7.LTS\lib\</path>
         <kind>archive</kind>
         <file>rtsv7M4_T_le_eabi.lib</file>
         <name>memset_t2.asm.obj</name>
      </input_file>
      <input_file id="fl-e3">
         <path>C:\ti\ccs1240\ccs\tools\compiler\ti-cgt-arm_20.2.7.LTS\lib\</path>
         <kind>archive</kind>
         <file>rtsv7M4_T_le_eabi.lib</file>
         <name>autoinit.c.obj</name>
      </input_file>
      <input_file id="fl-e4">
         <path>C:\ti\ccs1240\ccs\tools\compiler\ti-cgt-arm_20.2.7.LTS\lib\</path>
         <kind>archive</kind>
         <file>rtsv7M4_T_le_eabi.lib</file>
         <name>pre_init.c.obj</name>
      </input_file>
      <input_file id="fl-e5">
         <path>C:\ti\ccs1240\ccs\tools\compiler\ti-cgt-arm_20.2.7.LTS\lib\</path>
         <kind>archive</kind>
         <file>rtsv7M4_T_le_eabi.lib</file>
         <name>cpy_tbl.c.obj</name>
      </input_file>
      <input_file id="fl-e6">
         <path>C:\ti\ccs1240\ccs\tools\compiler\ti-cgt-arm_20.2.7.LTS\lib\</path>
         <kind>archive</kind>
         <file>rtsv7M4_T_le_eabi.lib</file>
         <name>exit.c.obj</name>
      </input_file>
      <input_file id="fl-e7">
         <path>C:\ti\ccs1240\ccs\tools\compiler\ti-cgt-arm_20.2.7.LTS\lib\</path>
         <kind>archive</kind>
         <file>rtsv7M4_T_le_eabi.lib</file>
         <name>_lock.c.obj</name>
      </input_file>
      <input_file id="fl-e8">
         <path>C:\ti\ccs1240\ccs\tools\compiler\ti-cgt-arm_20.2.7.LTS\lib\</path>
         <kind>archive</kind>
         <file>rtsv7M4_T_le_eabi.lib</file>
         <name>args_main.c.obj</name>
      </input_file>
   </input_file_list>
   <object_component_list>
      <object_component id="oc-1ba">
         <name>.text:PRCMCC3200MCUInit</name>
         <load_address>0x2000c040</load_address>
         <run_address>0x2000c040</run_address>
         <size>0x42c</size>
         <input_file_ref idref="fl-20"/>
      </object_component>
      <object_component id="oc-1d4">
         <name>.text:GPIO_setConfig</name>
         <load_address>0x2000c46c</load_address>
         <run_address>0x2000c46c</run_address>
         <size>0x1e4</size>
         <input_file_ref idref="fl-f"/>
      </object_component>
      <object_component id="oc-362">
         <name>.text:PowerCC32XX_sleepPolicy</name>
         <load_address>0x2000c650</load_address>
         <run_address>0x2000c650</run_address>
         <size>0x19c</size>
         <input_file_ref idref="fl-19"/>
      </object_component>
      <object_component id="oc-310">
         <name>.text:timerCallback</name>
         <load_address>0x2000c7ec</load_address>
         <run_address>0x2000c7ec</run_address>
         <size>0x174</size>
         <input_file_ref idref="fl-2"/>
      </object_component>
      <object_component id="oc-522">
         <name>.text:parkPins</name>
         <load_address>0x2000c960</load_address>
         <run_address>0x2000c960</run_address>
         <size>0x148</size>
         <input_file_ref idref="fl-10"/>
      </object_component>
      <object_component id="oc-46e">
         <name>.text:Power_sleep</name>
         <load_address>0x2000caa8</load_address>
         <run_address>0x2000caa8</run_address>
         <size>0x138</size>
         <input_file_ref idref="fl-10"/>
      </object_component>
      <object_component id="oc-593">
         <name>.text:TimerCC32XX_open</name>
         <load_address>0x2000cbe0</load_address>
         <run_address>0x2000cbe0</run_address>
         <size>0x128</size>
         <input_file_ref idref="fl-12"/>
      </object_component>
      <object_component id="oc-4cd">
         <name>.text:aligned_alloc</name>
         <load_address>0x2000cd08</load_address>
         <run_address>0x2000cd08</run_address>
         <size>0x100</size>
         <input_file_ref idref="fl-df"/>
      </object_component>
      <object_component id="oc-37e">
         <name>.text:free</name>
         <load_address>0x2000ce08</load_address>
         <run_address>0x2000ce08</run_address>
         <size>0xe4</size>
         <input_file_ref idref="fl-df"/>
      </object_component>
      <object_component id="oc-1ce">
         <name>.text:GPIO_init</name>
         <load_address>0x2000ceec</load_address>
         <run_address>0x2000ceec</run_address>
         <size>0xc4</size>
         <input_file_ref idref="fl-f"/>
      </object_component>
      <object_component id="oc-53f">
         <name>.text:restoreParkedPins</name>
         <load_address>0x2000cfb0</load_address>
         <run_address>0x2000cfb0</run_address>
         <size>0xc0</size>
         <input_file_ref idref="fl-10"/>
      </object_component>
      <object_component id="oc-b5">
         <name>.text:IntEnable</name>
         <load_address>0x2000d070</load_address>
         <run_address>0x2000d070</run_address>
         <size>0xa8</size>
         <input_file_ref idref="fl-1e"/>
      </object_component>
      <object_component id="oc-272">
         <name>.text:PowerCC32XX_configureWakeup</name>
         <load_address>0x2000d118</load_address>
         <run_address>0x2000d118</run_address>
         <size>0xa8</size>
         <input_file_ref idref="fl-10"/>
      </object_component>
      <object_component id="oc-298">
         <name>.text:SemaphoreP_pend</name>
         <load_address>0x2000d1c0</load_address>
         <run_address>0x2000d1c0</run_address>
         <size>0xa0</size>
         <input_file_ref idref="fl-16"/>
      </object_component>
      <object_component id="oc-3b">
         <name>.text</name>
         <load_address>0x2000d260</load_address>
         <run_address>0x2000d260</run_address>
         <size>0x9c</size>
         <input_file_ref idref="fl-da"/>
      </object_component>
      <object_component id="oc-2b4">
         <name>.text:powerNotifyFxn</name>
         <load_address>0x2000d2fc</load_address>
         <run_address>0x2000d2fc</run_address>
         <size>0x98</size>
         <input_file_ref idref="fl-f"/>
      </object_component>
      <object_component id="oc-469">
         <name>.text</name>
         <load_address>0x2000d394</load_address>
         <run_address>0x2000d394</run_address>
         <size>0x96</size>
         <input_file_ref idref="fl-db"/>
      </object_component>
      <object_component id="oc-1c6">
         <name>.text:Board_initHook</name>
         <load_address>0x2000d42a</load_address>
         <run_address>0x2000d42a</run_address>
         <size>0x2</size>
         <input_file_ref idref="fl-3"/>
      </object_component>
      <object_component id="oc-533">
         <name>.text:restoreNVICRegs</name>
         <load_address>0x2000d42c</load_address>
         <run_address>0x2000d42c</run_address>
         <size>0x90</size>
         <input_file_ref idref="fl-10"/>
      </object_component>
      <object_component id="oc-3df">
         <name>.text:HwiP_construct</name>
         <load_address>0x2000d4bc</load_address>
         <run_address>0x2000d4bc</run_address>
         <size>0x8c</size>
         <input_file_ref idref="fl-18"/>
      </object_component>
      <object_component id="oc-603">
         <name>.text:IntPendSet</name>
         <load_address>0x2000d548</load_address>
         <run_address>0x2000d548</run_address>
         <size>0x88</size>
         <input_file_ref idref="fl-1e"/>
      </object_component>
      <object_component id="oc-2be">
         <name>.text:PinConfigSet</name>
         <load_address>0x2000d5d0</load_address>
         <run_address>0x2000d5d0</run_address>
         <size>0x88</size>
         <input_file_ref idref="fl-1f"/>
      </object_component>
      <object_component id="oc-599">
         <name>.text:TimerCC32XX_setPeriod</name>
         <load_address>0x2000d658</load_address>
         <run_address>0x2000d658</run_address>
         <size>0x88</size>
         <input_file_ref idref="fl-12"/>
      </object_component>
      <object_component id="oc-1c0">
         <name>.text:Power_init</name>
         <load_address>0x2000d6e0</load_address>
         <run_address>0x2000d6e0</run_address>
         <size>0x84</size>
         <input_file_ref idref="fl-10"/>
      </object_component>
      <object_component id="oc-528">
         <name>.text:saveNVICRegs</name>
         <load_address>0x2000d764</load_address>
         <run_address>0x2000d764</run_address>
         <size>0x84</size>
         <input_file_ref idref="fl-10"/>
      </object_component>
      <object_component id="oc-2c4">
         <name>.text:Power_setDependency</name>
         <load_address>0x2000d7e8</load_address>
         <run_address>0x2000d7e8</run_address>
         <size>0x80</size>
         <input_file_ref idref="fl-10"/>
      </object_component>
      <object_component id="oc-2e8">
         <name>.text:GPIO_hwiIntFxn</name>
         <load_address>0x2000d868</load_address>
         <run_address>0x2000d868</run_address>
         <size>0x78</size>
         <input_file_ref idref="fl-f"/>
      </object_component>
      <object_component id="oc-59f">
         <name>.text:TimerCC32XX_start</name>
         <load_address>0x2000d8e0</load_address>
         <run_address>0x2000d8e0</run_address>
         <size>0x78</size>
         <input_file_ref idref="fl-12"/>
      </object_component>
      <object_component id="oc-56f">
         <name>.text:split</name>
         <load_address>0x2000d958</load_address>
         <run_address>0x2000d958</run_address>
         <size>0x70</size>
         <input_file_ref idref="fl-df"/>
      </object_component>
      <object_component id="oc-14">
         <name>.text:decompress:lzss:__TI_decompress_lzss</name>
         <load_address>0x2000d9c8</load_address>
         <run_address>0x2000d9c8</run_address>
         <size>0x68</size>
         <input_file_ref idref="fl-de"/>
      </object_component>
      <object_component id="oc-3cd">
         <name>.text:PowerCC32XX_setParkState</name>
         <load_address>0x2000da30</load_address>
         <run_address>0x2000da30</run_address>
         <size>0x64</size>
         <input_file_ref idref="fl-10"/>
      </object_component>
      <object_component id="oc-15e">
         <name>.text:mainThread</name>
         <load_address>0x2000da94</load_address>
         <run_address>0x2000da94</run_address>
         <size>0x64</size>
         <input_file_ref idref="fl-2"/>
      </object_component>
      <object_component id="oc-240">
         <name>.text:PRCMSysResetCauseGet</name>
         <load_address>0x2000daf8</load_address>
         <run_address>0x2000daf8</run_address>
         <size>0x60</size>
         <input_file_ref idref="fl-20"/>
      </object_component>
      <object_component id="oc-4f7">
         <name>.text:getTimeUsec</name>
         <load_address>0x2000db58</load_address>
         <run_address>0x2000db58</run_address>
         <size>0x60</size>
         <input_file_ref idref="fl-17"/>
      </object_component>
      <object_component id="oc-1da">
         <name>.text:GPIO_setCallback</name>
         <load_address>0x2000dbb8</load_address>
         <run_address>0x2000dbb8</run_address>
         <size>0x5c</size>
         <input_file_ref idref="fl-f"/>
      </object_component>
      <object_component id="oc-5af">
         <name>.text:sysTickInit</name>
         <load_address>0x2000dc14</load_address>
         <run_address>0x2000dc14</run_address>
         <size>0x5c</size>
         <input_file_ref idref="fl-17"/>
      </object_component>
      <object_component id="oc-40e">
         <name>.text:GPIO_write</name>
         <load_address>0x2000dc70</load_address>
         <run_address>0x2000dc70</run_address>
         <size>0x58</size>
         <input_file_ref idref="fl-f"/>
      </object_component>
      <object_component id="oc-259">
         <name>.text:PRCMPeripheralReset</name>
         <load_address>0x2000dcc8</load_address>
         <run_address>0x2000dcc8</run_address>
         <size>0x58</size>
         <input_file_ref idref="fl-20"/>
      </object_component>
      <object_component id="oc-6a7">
         <name>.text:Power_releaseDependency</name>
         <load_address>0x2000dd20</load_address>
         <run_address>0x2000dd20</run_address>
         <size>0x58</size>
         <input_file_ref idref="fl-10"/>
      </object_component>
      <object_component id="oc-5a5">
         <name>.text:TimerCC32XX_stop</name>
         <load_address>0x2000dd78</load_address>
         <run_address>0x2000dd78</run_address>
         <size>0x56</size>
         <input_file_ref idref="fl-12"/>
      </object_component>
      <object_component id="oc-5e0">
         <name>.text:PowerCC32XX_resumeLPDS</name>
         <load_address>0x2000ddce</load_address>
         <run_address>0x2000ddce</run_address>
         <size>0x52</size>
         <input_file_ref idref="fl-11"/>
      </object_component>
      <object_component id="oc-63d">
         <name>.text:initHw</name>
         <load_address>0x2000de20</load_address>
         <run_address>0x2000de20</run_address>
         <size>0x52</size>
         <input_file_ref idref="fl-12"/>
      </object_component>
      <object_component id="oc-35c">
         <name>.text:PowerCC32XX_initPolicy</name>
         <load_address>0x2000de72</load_address>
         <run_address>0x2000de72</run_address>
         <size>0x2</size>
         <input_file_ref idref="fl-19"/>
      </object_component>
      <object_component id="oc-79">
         <name>.text:ClockP_sysTickHandler</name>
         <load_address>0x2000de74</load_address>
         <run_address>0x2000de74</run_address>
         <size>0x50</size>
         <input_file_ref idref="fl-17"/>
      </object_component>
      <object_component id="oc-48f">
         <name>.text:SemaphoreP_construct</name>
         <load_address>0x2000dec4</load_address>
         <run_address>0x2000dec4</run_address>
         <size>0x50</size>
         <input_file_ref idref="fl-16"/>
      </object_component>
      <object_component id="oc-631">
         <name>.text:TimerCC32XX_allocateTimerResource</name>
         <load_address>0x2000df14</load_address>
         <run_address>0x2000df14</run_address>
         <size>0x50</size>
         <input_file_ref idref="fl-12"/>
      </object_component>
      <object_component id="oc-1e6">
         <name>.text:initTimer</name>
         <load_address>0x2000df64</load_address>
         <run_address>0x2000df64</run_address>
         <size>0x50</size>
         <input_file_ref idref="fl-2"/>
      </object_component>
      <object_component id="oc-1e0">
         <name>.text:GPIO_enableInt</name>
         <load_address>0x2000dfb4</load_address>
         <run_address>0x2000dfb4</run_address>
         <size>0x4c</size>
         <input_file_ref idref="fl-f"/>
      </object_component>
      <object_component id="oc-5d7">
         <name>.text:PowerCC32XX_parkPin</name>
         <load_address>0x2000e000</load_address>
         <run_address>0x2000e000</run_address>
         <size>0x4c</size>
         <input_file_ref idref="fl-10"/>
      </object_component>
      <object_component id="oc-539">
         <name>.text:restorePeriphClocks</name>
         <load_address>0x2000e04c</load_address>
         <run_address>0x2000e04c</run_address>
         <size>0x4c</size>
         <input_file_ref idref="fl-10"/>
      </object_component>
      <object_component id="oc-414">
         <name>.text:ClockP_usleep</name>
         <load_address>0x2000e098</load_address>
         <run_address>0x2000e098</run_address>
         <size>0x48</size>
         <input_file_ref idref="fl-17"/>
      </object_component>
      <object_component id="oc-5fb">
         <name>.text:FlashDisable</name>
         <load_address>0x2000e0e0</load_address>
         <run_address>0x2000e0e0</run_address>
         <size>0x48</size>
         <input_file_ref idref="fl-23"/>
      </object_component>
      <object_component id="oc-545">
         <name>.text:PRCMLPDSEnter</name>
         <load_address>0x2000e128</load_address>
         <run_address>0x2000e128</run_address>
         <size>0x48</size>
         <input_file_ref idref="fl-20"/>
      </object_component>
      <object_component id="oc-253">
         <name>.text:PRCMPeripheralClkEnable</name>
         <load_address>0x2000e170</load_address>
         <run_address>0x2000e170</run_address>
         <size>0x48</size>
         <input_file_ref idref="fl-20"/>
      </object_component>
      <object_component id="oc-67c">
         <name>.text:Power_releaseConstraint</name>
         <load_address>0x2000e1b8</load_address>
         <run_address>0x2000e1b8</run_address>
         <size>0x48</size>
         <input_file_ref idref="fl-10"/>
      </object_component>
      <object_component id="oc-637">
         <name>.text:getPrescaler</name>
         <load_address>0x2000e200</load_address>
         <run_address>0x2000e200</run_address>
         <size>0x46</size>
         <input_file_ref idref="fl-12"/>
      </object_component>
      <object_component id="oc-5ba">
         <name>.text:SemaphoreP_destruct</name>
         <load_address>0x2000e246</load_address>
         <run_address>0x2000e246</run_address>
         <size>0x2</size>
         <input_file_ref idref="fl-16"/>
      </object_component>
      <object_component id="oc-4b7">
         <name>.text:ClockP_stop</name>
         <load_address>0x2000e248</load_address>
         <run_address>0x2000e248</run_address>
         <size>0x44</size>
         <input_file_ref idref="fl-17"/>
      </object_component>
      <object_component id="oc-5e5">
         <name>.text:PRCMLPDSRestoreInfoSet</name>
         <load_address>0x2000e28c</load_address>
         <run_address>0x2000e28c</run_address>
         <size>0x44</size>
         <input_file_ref idref="fl-20"/>
      </object_component>
      <object_component id="oc-52e">
         <name>.text:PowerCC32XX_enterLPDS</name>
         <load_address>0x2000e2d0</load_address>
         <run_address>0x2000e2d0</run_address>
         <size>0x44</size>
         <input_file_ref idref="fl-11"/>
      </object_component>
      <object_component id="oc-2a4">
         <name>.text:SemaphoreP_post</name>
         <load_address>0x2000e314</load_address>
         <run_address>0x2000e314</run_address>
         <size>0x44</size>
         <input_file_ref idref="fl-16"/>
      </object_component>
      <object_component id="oc-47f">
         <name>.text:SwiP_restore</name>
         <load_address>0x2000e358</load_address>
         <run_address>0x2000e358</run_address>
         <size>0x44</size>
         <input_file_ref idref="fl-1b"/>
      </object_component>
      <object_component id="oc-2f8">
         <name>.text:Timer_init</name>
         <load_address>0x2000e39c</load_address>
         <run_address>0x2000e39c</run_address>
         <size>0x44</size>
         <input_file_ref idref="fl-e"/>
      </object_component>
      <object_component id="oc-171">
         <name>.text:__TI_auto_init_nobinit_nopinit:__TI_auto_init_nobinit_nopinit</name>
         <load_address>0x2000e3e0</load_address>
         <run_address>0x2000e3e0</run_address>
         <size>0x44</size>
         <input_file_ref idref="fl-e3"/>
      </object_component>
      <object_component id="oc-26b">
         <name>.text:PinModeSet</name>
         <load_address>0x2000e424</load_address>
         <run_address>0x2000e424</run_address>
         <size>0x40</size>
         <input_file_ref idref="fl-1f"/>
      </object_component>
      <object_component id="oc-304">
         <name>.text:Timer_open</name>
         <load_address>0x2000e464</load_address>
         <run_address>0x2000e464</run_address>
         <size>0x40</size>
         <input_file_ref idref="fl-e"/>
      </object_component>
      <object_component id="oc-39d">
         <name>.text:ClockP_destruct</name>
         <load_address>0x2000e4a4</load_address>
         <run_address>0x2000e4a4</run_address>
         <size>0x3c</size>
         <input_file_ref idref="fl-17"/>
      </object_component>
      <object_component id="oc-663">
         <name>.text:Power_setConstraint</name>
         <load_address>0x2000e4e0</load_address>
         <run_address>0x2000e4e0</run_address>
         <size>0x3c</size>
         <input_file_ref idref="fl-10"/>
      </object_component>
      <object_component id="oc-57b">
         <name>.text:TimerCC32XX_close</name>
         <load_address>0x2000e51c</load_address>
         <run_address>0x2000e51c</run_address>
         <size>0x3a</size>
         <input_file_ref idref="fl-12"/>
      </object_component>
      <object_component id="oc-463">
         <name>.text:getCountsRTC</name>
         <load_address>0x2000e556</load_address>
         <run_address>0x2000e556</run_address>
         <size>0x3a</size>
         <input_file_ref idref="fl-19"/>
      </object_component>
      <object_component id="oc-54b">
         <name>.text:PRCMLPDSEnterKeepDebugIf</name>
         <load_address>0x2000e590</load_address>
         <run_address>0x2000e590</run_address>
         <size>0x38</size>
         <input_file_ref idref="fl-20"/>
      </object_component>
      <object_component id="oc-649">
         <name>.text:TimerCC32XX_hwiIntFunction</name>
         <load_address>0x2000e5c8</load_address>
         <run_address>0x2000e5c8</run_address>
         <size>0x38</size>
         <input_file_ref idref="fl-12"/>
      </object_component>
      <object_component id="oc-db">
         <name>.text:addToList</name>
         <load_address>0x2000e600</load_address>
         <run_address>0x2000e600</run_address>
         <size>0x38</size>
         <input_file_ref idref="fl-17"/>
      </object_component>
      <object_component id="oc-59">
         <name>.text:initVectors</name>
         <load_address>0x2000e638</load_address>
         <run_address>0x2000e638</run_address>
         <size>0x38</size>
         <input_file_ref idref="fl-1a"/>
      </object_component>
      <object_component id="oc-51c">
         <name>.text:notify</name>
         <load_address>0x2000e670</load_address>
         <run_address>0x2000e670</run_address>
         <size>0x38</size>
         <input_file_ref idref="fl-10"/>
      </object_component>
      <object_component id="oc-6b3">
         <name>.text:TimerControlStall</name>
         <load_address>0x2000e6a8</load_address>
         <run_address>0x2000e6a8</run_address>
         <size>0x36</size>
         <input_file_ref idref="fl-21"/>
      </object_component>
      <object_component id="oc-58d">
         <name>.text:TimerCC32XX_init</name>
         <load_address>0x2000e6de</load_address>
         <run_address>0x2000e6de</run_address>
         <size>0x2</size>
         <input_file_ref idref="fl-12"/>
      </object_component>
      <object_component id="oc-451">
         <name>.text:ClockP_getTicksUntilInterrupt</name>
         <load_address>0x2000e6e0</load_address>
         <run_address>0x2000e6e0</run_address>
         <size>0x34</size>
         <input_file_ref idref="fl-17"/>
      </object_component>
      <object_component id="oc-4f1">
         <name>.text:ClockP_startup</name>
         <load_address>0x2000e714</load_address>
         <run_address>0x2000e714</run_address>
         <size>0x34</size>
         <input_file_ref idref="fl-17"/>
      </object_component>
      <object_component id="oc-265">
         <name>.text:PinModeGet</name>
         <load_address>0x2000e748</load_address>
         <run_address>0x2000e748</run_address>
         <size>0x34</size>
         <input_file_ref idref="fl-1f"/>
      </object_component>
      <object_component id="oc-627">
         <name>.text:TimerCC32XX_freeTimerResource</name>
         <load_address>0x2000e77c</load_address>
         <run_address>0x2000e77c</run_address>
         <size>0x34</size>
         <input_file_ref idref="fl-12"/>
      </object_component>
      <object_component id="oc-6a1">
         <name>.text:getPowerMgrId</name>
         <load_address>0x2000e7b0</load_address>
         <run_address>0x2000e7b0</run_address>
         <size>0x34</size>
         <input_file_ref idref="fl-12"/>
      </object_component>
      <object_component id="oc-38b">
         <name>.text:ClockP_start</name>
         <load_address>0x2000e7e4</load_address>
         <run_address>0x2000e7e4</run_address>
         <size>0x30</size>
         <input_file_ref idref="fl-17"/>
      </object_component>
      <object_component id="oc-5f4">
         <name>.text:PowerCC32XX_restoreParkedPin</name>
         <load_address>0x2000e814</load_address>
         <run_address>0x2000e814</run_address>
         <size>0x30</size>
         <input_file_ref idref="fl-10"/>
      </object_component>
      <object_component id="oc-2d0">
         <name>.text:HwiP_create</name>
         <load_address>0x2000e844</load_address>
         <run_address>0x2000e844</run_address>
         <size>0x2a</size>
         <input_file_ref idref="fl-18"/>
      </object_component>
      <object_component id="oc-656">
         <name>.text:TimerLoadSet</name>
         <load_address>0x2000e86e</load_address>
         <run_address>0x2000e86e</run_address>
         <size>0x2a</size>
         <input_file_ref idref="fl-21"/>
      </object_component>
      <object_component id="oc-650">
         <name>.text:TimerPrescaleSet</name>
         <load_address>0x2000e898</load_address>
         <run_address>0x2000e898</run_address>
         <size>0x2a</size>
         <input_file_ref idref="fl-21"/>
      </object_component>
      <object_component id="oc-329">
         <name>.text:_nop</name>
         <load_address>0x2000e8c2</load_address>
         <run_address>0x2000e8c2</run_address>
         <size>0x2</size>
         <input_file_ref idref="fl-e7"/>
      </object_component>
      <object_component id="oc-25f">
         <name>.text:PRCMPeripheralClkDisable</name>
         <load_address>0x2000e8c4</load_address>
         <run_address>0x2000e8c4</run_address>
         <size>0x28</size>
         <input_file_ref idref="fl-20"/>
      </object_component>
      <object_component id="oc-29e">
         <name>.text:Power_registerNotify</name>
         <load_address>0x2000e8ec</load_address>
         <run_address>0x2000e8ec</run_address>
         <size>0x28</size>
         <input_file_ref idref="fl-10"/>
      </object_component>
      <object_component id="oc-4af">
         <name>.text:free_list_insert</name>
         <load_address>0x2000e914</load_address>
         <run_address>0x2000e914</run_address>
         <size>0x28</size>
         <input_file_ref idref="fl-df"/>
      </object_component>
      <object_component id="oc-3ad">
         <name>.text:List_put</name>
         <load_address>0x2000e93c</load_address>
         <run_address>0x2000e93c</run_address>
         <size>0x26</size>
         <input_file_ref idref="fl-13"/>
      </object_component>
      <object_component id="oc-692">
         <name>.text:List_remove</name>
         <load_address>0x2000e962</load_address>
         <run_address>0x2000e962</run_address>
         <size>0x26</size>
         <input_file_ref idref="fl-13"/>
      </object_component>
      <object_component id="oc-4d7">
         <name>.text:HwiP_dispatch</name>
         <load_address>0x2000e988</load_address>
         <run_address>0x2000e988</run_address>
         <size>0x24</size>
         <input_file_ref idref="fl-18"/>
      </object_component>
      <object_component id="oc-c5">
         <name>.text:_c_int00_noargs:_c_int00_noargs</name>
         <load_address>0x2000e9ac</load_address>
         <run_address>0x2000e9ac</run_address>
         <size>0x24</size>
         <input_file_ref idref="fl-e0"/>
      </object_component>
      <object_component id="oc-4fd">
         <name>.text:sleepTicks</name>
         <load_address>0x2000e9d0</load_address>
         <run_address>0x2000e9d0</run_address>
         <size>0x24</size>
         <input_file_ref idref="fl-17"/>
      </object_component>
      <object_component id="oc-69a">
         <name>.text:HwiP_destruct</name>
         <load_address>0x2000e9f4</load_address>
         <run_address>0x2000e9f4</run_address>
         <size>0x20</size>
         <input_file_ref idref="fl-18"/>
      </object_component>
      <object_component id="oc-615">
         <name>.text:Power_unregisterNotify</name>
         <load_address>0x2000ea14</load_address>
         <run_address>0x2000ea14</run_address>
         <size>0x20</size>
         <input_file_ref idref="fl-10"/>
      </object_component>
      <object_component id="oc-670">
         <name>.text:TimerDisable</name>
         <load_address>0x2000ea34</load_address>
         <run_address>0x2000ea34</run_address>
         <size>0x1e</size>
         <input_file_ref idref="fl-21"/>
      </object_component>
      <object_component id="oc-669">
         <name>.text:TimerEnable</name>
         <load_address>0x2000ea52</load_address>
         <run_address>0x2000ea52</run_address>
         <size>0x1e</size>
         <input_file_ref idref="fl-21"/>
      </object_component>
      <object_component id="oc-5d1">
         <name>.text:PinToPadGet</name>
         <load_address>0x2000ea70</load_address>
         <run_address>0x2000ea70</run_address>
         <size>0x1c</size>
         <input_file_ref idref="fl-1f"/>
      </object_component>
      <object_component id="oc-445">
         <name>.text:SwiP_disable</name>
         <load_address>0x2000ea8c</load_address>
         <run_address>0x2000ea8c</run_address>
         <size>0x1c</size>
         <input_file_ref idref="fl-1b"/>
      </object_component>
      <object_component id="oc-31f">
         <name>.text:changeState</name>
         <load_address>0x2000eaa8</load_address>
         <run_address>0x2000eaa8</run_address>
         <size>0x1c</size>
         <input_file_ref idref="fl-2"/>
      </object_component>
      <object_component id="oc-47">
         <name>.text:decompress:ZI:__TI_zero_init_nomemset:__TI_zero_init_nomemset</name>
         <load_address>0x2000eac4</load_address>
         <run_address>0x2000eac4</run_address>
         <size>0x1c</size>
         <input_file_ref idref="fl-dc"/>
      </object_component>
      <object_component id="oc-4a9">
         <name>.text:free_list_remove</name>
         <load_address>0x2000eae0</load_address>
         <run_address>0x2000eae0</run_address>
         <size>0x1c</size>
         <input_file_ref idref="fl-df"/>
      </object_component>
      <object_component id="oc-280">
         <name>.text:SemaphoreP_createBinary</name>
         <load_address>0x2000eafc</load_address>
         <run_address>0x2000eafc</run_address>
         <size>0x1a</size>
         <input_file_ref idref="fl-16"/>
      </object_component>
      <object_component id="oc-73">
         <name>.text:busFaultHandler</name>
         <load_address>0x2000eb16</load_address>
         <run_address>0x2000eb16</run_address>
         <size>0x2</size>
         <input_file_ref idref="fl-1a"/>
      </object_component>
      <object_component id="oc-21">
         <name>.text:resetISR</name>
         <load_address>0x2000eb18</load_address>
         <run_address>0x2000eb18</run_address>
         <size>0x1a</size>
         <input_file_ref idref="fl-1a"/>
      </object_component>
      <object_component id="oc-3a3">
         <name>.text:clkFxn</name>
         <load_address>0x2000eb32</load_address>
         <run_address>0x2000eb32</run_address>
         <size>0x2</size>
         <input_file_ref idref="fl-16"/>
      </object_component>
      <object_component id="oc-457">
         <name>.text:Power_getTransitionLatency</name>
         <load_address>0x2000eb34</load_address>
         <run_address>0x2000eb34</run_address>
         <size>0x18</size>
         <input_file_ref idref="fl-10"/>
      </object_component>
      <object_component id="oc-55e">
         <name>.text:Power_idleFunc</name>
         <load_address>0x2000eb4c</load_address>
         <run_address>0x2000eb4c</run_address>
         <size>0x18</size>
         <input_file_ref idref="fl-10"/>
      </object_component>
      <object_component id="oc-587">
         <name>.text:TimerCC32XX_getCount</name>
         <load_address>0x2000eb64</load_address>
         <run_address>0x2000eb64</run_address>
         <size>0x18</size>
         <input_file_ref idref="fl-12"/>
      </object_component>
      <object_component id="oc-676">
         <name>.text:TimerIntDisable</name>
         <load_address>0x2000eb7c</load_address>
         <run_address>0x2000eb7c</run_address>
         <size>0x18</size>
         <input_file_ref idref="fl-21"/>
      </object_component>
      <object_component id="oc-65d">
         <name>.text:TimerIntEnable</name>
         <load_address>0x2000eb94</load_address>
         <run_address>0x2000eb94</run_address>
         <size>0x18</size>
         <input_file_ref idref="fl-21"/>
      </object_component>
      <object_component id="oc-474">
         <name>.text</name>
         <load_address>0x2000ebac</load_address>
         <run_address>0x2000ebac</run_address>
         <size>0x18</size>
         <input_file_ref idref="fl-d9"/>
      </object_component>
      <object_component id="oc-24d">
         <name>.text:PRCMHIBRegRead</name>
         <load_address>0x2000ebc4</load_address>
         <run_address>0x2000ebc4</run_address>
         <size>0x16</size>
         <input_file_ref idref="fl-20"/>
      </object_component>
      <object_component id="oc-247">
         <name>.text:PRCMHIBRegWrite</name>
         <load_address>0x2000ebda</load_address>
         <run_address>0x2000ebda</run_address>
         <size>0x16</size>
         <input_file_ref idref="fl-20"/>
      </object_component>
      <object_component id="oc-373">
         <name>.text:SemaphoreP_create</name>
         <load_address>0x2000ebf0</load_address>
         <run_address>0x2000ebf0</run_address>
         <size>0x16</size>
         <input_file_ref idref="fl-16"/>
      </object_component>
      <object_component id="oc-a3">
         <name>.text:CPUcpsid</name>
         <load_address>0x2000ec06</load_address>
         <run_address>0x2000ec06</run_address>
         <size>0x14</size>
         <input_file_ref idref="fl-1d"/>
      </object_component>
      <object_component id="oc-6d">
         <name>.text:defaultHandler</name>
         <load_address>0x2000ec1a</load_address>
         <run_address>0x2000ec1a</run_address>
         <size>0x2</size>
         <input_file_ref idref="fl-1a"/>
      </object_component>
      <object_component id="oc-3b4">
         <name>.text:HwiP_inISR</name>
         <load_address>0x2000ec1c</load_address>
         <run_address>0x2000ec1c</run_address>
         <size>0x14</size>
         <input_file_ref idref="fl-18"/>
      </object_component>
      <object_component id="oc-af">
         <name>.text:IntVTableBaseSet</name>
         <load_address>0x2000ec30</load_address>
         <run_address>0x2000ec30</run_address>
         <size>0x14</size>
         <input_file_ref idref="fl-1e"/>
      </object_component>
      <object_component id="oc-3ba">
         <name>.text:Power_disablePolicy</name>
         <load_address>0x2000ec44</load_address>
         <run_address>0x2000ec44</run_address>
         <size>0x14</size>
         <input_file_ref idref="fl-10"/>
      </object_component>
      <object_component id="oc-5ed">
         <name>.text:Power_getDependencyCount</name>
         <load_address>0x2000ec58</load_address>
         <run_address>0x2000ec58</run_address>
         <size>0x14</size>
         <input_file_ref idref="fl-10"/>
      </object_component>
      <object_component id="oc-2ca">
         <name>.text:HwiP_Params_init</name>
         <load_address>0x2000ec6c</load_address>
         <run_address>0x2000ec6c</run_address>
         <size>0x12</size>
         <input_file_ref idref="fl-18"/>
      </object_component>
      <object_component id="oc-6bb">
         <name>.text:TimerIntClear</name>
         <load_address>0x2000ec7e</load_address>
         <run_address>0x2000ec7e</run_address>
         <size>0x12</size>
         <input_file_ref idref="fl-21"/>
      </object_component>
      <object_component id="oc-11a">
         <name>.text:main</name>
         <load_address>0x2000ec90</load_address>
         <run_address>0x2000ec90</run_address>
         <size>0x12</size>
         <input_file_ref idref="fl-4"/>
      </object_component>
      <object_component id="oc-152">
         <name>.text:Board_init</name>
         <load_address>0x2000eca2</load_address>
         <run_address>0x2000eca2</run_address>
         <size>0x10</size>
         <input_file_ref idref="fl-3"/>
      </object_component>
      <object_component id="oc-385">
         <name>.text:ClockP_add</name>
         <load_address>0x2000ecb2</load_address>
         <run_address>0x2000ecb2</run_address>
         <size>0x10</size>
         <input_file_ref idref="fl-17"/>
      </object_component>
      <object_component id="oc-67">
         <name>.text:faultISR</name>
         <load_address>0x2000ecc2</load_address>
         <run_address>0x2000ecc2</run_address>
         <size>0x2</size>
         <input_file_ref idref="fl-1a"/>
      </object_component>
      <object_component id="oc-43f">
         <name>.text:ClockP_getCpuFreq</name>
         <load_address>0x2000ecc4</load_address>
         <run_address>0x2000ecc4</run_address>
         <size>0x10</size>
         <input_file_ref idref="fl-17"/>
      </object_component>
      <object_component id="oc-45d">
         <name>.text:ClockP_getSystemTicks</name>
         <load_address>0x2000ecd4</load_address>
         <run_address>0x2000ecd4</run_address>
         <size>0x10</size>
         <input_file_ref idref="fl-17"/>
      </object_component>
      <object_component id="oc-479">
         <name>.text:ClockP_setTicks</name>
         <load_address>0x2000ece4</load_address>
         <run_address>0x2000ece4</run_address>
         <size>0x10</size>
         <input_file_ref idref="fl-17"/>
      </object_component>
      <object_component id="oc-621">
         <name>.text:HwiP_delete</name>
         <load_address>0x2000ecf4</load_address>
         <run_address>0x2000ecf4</run_address>
         <size>0x10</size>
         <input_file_ref idref="fl-18"/>
      </object_component>
      <object_component id="oc-28c">
         <name>.text:HwiP_restore</name>
         <load_address>0x2000ed04</load_address>
         <run_address>0x2000ed04</run_address>
         <size>0x10</size>
         <input_file_ref idref="fl-18"/>
      </object_component>
      <object_component id="oc-391">
         <name>.text:Power_enablePolicy</name>
         <load_address>0x2000ed14</load_address>
         <run_address>0x2000ed14</run_address>
         <size>0x10</size>
         <input_file_ref idref="fl-10"/>
      </object_component>
      <object_component id="oc-36d">
         <name>.text:SemaphoreP_Params_init</name>
         <load_address>0x2000ed24</load_address>
         <run_address>0x2000ed24</run_address>
         <size>0x10</size>
         <input_file_ref idref="fl-16"/>
      </object_component>
      <object_component id="oc-2fe">
         <name>.text:Timer_Params_init</name>
         <load_address>0x2000ed34</load_address>
         <run_address>0x2000ed34</run_address>
         <size>0x10</size>
         <input_file_ref idref="fl-e"/>
      </object_component>
      <object_component id="oc-61b">
         <name>.text:HwiP_clearInterrupt</name>
         <load_address>0x2000ed44</load_address>
         <run_address>0x2000ed44</run_address>
         <size>0xe</size>
         <input_file_ref idref="fl-18"/>
      </object_component>
      <object_component id="oc-286">
         <name>.text:HwiP_disable</name>
         <load_address>0x2000ed52</load_address>
         <run_address>0x2000ed52</run_address>
         <size>0xe</size>
         <input_file_ref idref="fl-18"/>
      </object_component>
      <object_component id="oc-158">
         <name>.text:HwiP_enable</name>
         <load_address>0x2000ed60</load_address>
         <run_address>0x2000ed60</run_address>
         <size>0xe</size>
         <input_file_ref idref="fl-18"/>
      </object_component>
      <object_component id="oc-1a">
         <name>.text:decompress:none:__TI_decompress_none</name>
         <load_address>0x2000ed6e</load_address>
         <run_address>0x2000ed6e</run_address>
         <size>0xe</size>
         <input_file_ref idref="fl-dd"/>
      </object_component>
      <object_component id="oc-44b">
         <name>.text:Power_getConstraintMask</name>
         <load_address>0x2000ed7c</load_address>
         <run_address>0x2000ed7c</run_address>
         <size>0xc</size>
         <input_file_ref idref="fl-10"/>
      </object_component>
      <object_component id="oc-1ef">
         <name>.text:gpioButtonFxn0</name>
         <load_address>0x2000ed88</load_address>
         <run_address>0x2000ed88</run_address>
         <size>0xc</size>
         <input_file_ref idref="fl-2"/>
      </object_component>
      <object_component id="oc-1f5">
         <name>.text:gpioButtonFxn1</name>
         <load_address>0x2000ed94</load_address>
         <run_address>0x2000ed94</run_address>
         <size>0xc</size>
         <input_file_ref idref="fl-2"/>
      </object_component>
      <object_component id="oc-643">
         <name>.text:postNotifyFxn</name>
         <load_address>0x2000eda0</load_address>
         <run_address>0x2000eda0</run_address>
         <size>0xc</size>
         <input_file_ref idref="fl-12"/>
      </object_component>
      <object_component id="oc-397">
         <name>.text:ClockP_isActive</name>
         <load_address>0x2000edac</load_address>
         <run_address>0x2000edac</run_address>
         <size>0xa</size>
         <input_file_ref idref="fl-17"/>
      </object_component>
      <object_component id="oc-53">
         <name>.text:IntMasterDisable</name>
         <load_address>0x2000edb6</load_address>
         <run_address>0x2000edb6</run_address>
         <size>0xa</size>
         <input_file_ref idref="fl-1e"/>
      </object_component>
      <object_component id="oc-30a">
         <name>.text:Timer_start</name>
         <load_address>0x2000edc0</load_address>
         <run_address>0x2000edc0</run_address>
         <size>0xa</size>
         <input_file_ref idref="fl-e"/>
      </object_component>
      <object_component id="oc-3d9">
         <name>.text:malloc</name>
         <load_address>0x2000edca</load_address>
         <run_address>0x2000edca</run_address>
         <size>0x8</size>
         <input_file_ref idref="fl-df"/>
      </object_component>
      <object_component id="oc-581">
         <name>.text:TimerCC32XX_control</name>
         <load_address>0x2000edd2</load_address>
         <run_address>0x2000edd2</run_address>
         <size>0x6</size>
         <input_file_ref idref="fl-12"/>
      </object_component>
      <object_component id="oc-246">
         <name>.text:UtilsDelay</name>
         <load_address>0x2000edd8</load_address>
         <run_address>0x2000edd8</run_address>
         <size>0x6</size>
         <input_file_ref idref="fl-22"/>
      </object_component>
      <object_component id="oc-554">
         <name>.text:HwiP_post</name>
         <load_address>0x2000edde</load_address>
         <run_address>0x2000edde</run_address>
         <size>0x4</size>
         <input_file_ref idref="fl-18"/>
      </object_component>
      <object_component id="oc-292">
         <name>.text:SemaphoreP_delete</name>
         <load_address>0x2000ede2</load_address>
         <run_address>0x2000ede2</run_address>
         <size>0x4</size>
         <input_file_ref idref="fl-16"/>
      </object_component>
      <object_component id="oc-114">
         <name>.text:_system_pre_init</name>
         <load_address>0x2000ede6</load_address>
         <run_address>0x2000ede6</run_address>
         <size>0x4</size>
         <input_file_ref idref="fl-e4"/>
      </object_component>
      <object_component id="oc-165">
         <name>.text:abort:abort</name>
         <load_address>0x2000edea</load_address>
         <run_address>0x2000edea</run_address>
         <size>0x4</size>
         <input_file_ref idref="fl-e6"/>
      </object_component>
      <object_component id="oc-61">
         <name>.text:nmiISR</name>
         <load_address>0x2000edee</load_address>
         <run_address>0x2000edee</run_address>
         <size>0x2</size>
         <input_file_ref idref="fl-1a"/>
      </object_component>
      <object_component id="oc-516">
         <name>.text</name>
         <load_address>0x2000edf0</load_address>
         <run_address>0x2000edf0</run_address>
         <size>0x2</size>
         <input_file_ref idref="fl-e1"/>
      </object_component>
      <object_component id="oc-352">
         <name>.const:g_ulPinToPadMap</name>
         <load_address>0x2000f3dc</load_address>
         <run_address>0x2000f3dc</run_address>
         <size>0x100</size>
         <input_file_ref idref="fl-1f"/>
      </object_component>
      <object_component id="oc-34b">
         <name>.const:PRCM_PeriphRegsList</name>
         <load_address>0x2000f4dc</load_address>
         <run_address>0x2000f4dc</run_address>
         <size>0xa8</size>
         <input_file_ref idref="fl-20"/>
      </object_component>
      <object_component id="oc-27b">
         <name>.const:PowerCC32XX_config</name>
         <load_address>0x2000f584</load_address>
         <run_address>0x2000f584</run_address>
         <size>0x44</size>
         <input_file_ref idref="fl-3"/>
      </object_component>
      <object_component id="oc-2d6">
         <name>.const:.string:pinTable</name>
         <load_address>0x2000f5c8</load_address>
         <run_address>0x2000f5c8</run_address>
         <size>0x21</size>
         <input_file_ref idref="fl-f"/>
      </object_component>
      <object_component id="oc-4e5">
         <name>.const:TimerCC32XX_fxnTable</name>
         <load_address>0x2000f5ec</load_address>
         <run_address>0x2000f5ec</run_address>
         <size>0x20</size>
         <input_file_ref idref="fl-12"/>
      </object_component>
      <object_component id="oc-10e">
         <name>.const:g_pulEnRegs</name>
         <load_address>0x2000f60c</load_address>
         <run_address>0x2000f60c</run_address>
         <size>0x18</size>
         <input_file_ref idref="fl-1e"/>
      </object_component>
      <object_component id="oc-68e">
         <name>.const:g_pulPendRegs</name>
         <load_address>0x2000f624</load_address>
         <run_address>0x2000f624</run_address>
         <size>0x18</size>
         <input_file_ref idref="fl-1e"/>
      </object_component>
      <object_component id="oc-317">
         <name>.const:.string</name>
         <load_address>0x2000f63c</load_address>
         <run_address>0x2000f63c</run_address>
         <size>0x14</size>
         <input_file_ref idref="fl-2"/>
      </object_component>
      <object_component id="oc-2ae">
         <name>.const:GPIOCC32XX_config</name>
         <load_address>0x2000f650</load_address>
         <run_address>0x2000f650</run_address>
         <size>0x14</size>
         <input_file_ref idref="fl-3"/>
      </object_component>
      <object_component id="oc-2f1">
         <name>.const:gpioBaseAddresses</name>
         <load_address>0x2000f664</load_address>
         <run_address>0x2000f664</run_address>
         <size>0x14</size>
         <input_file_ref idref="fl-f"/>
      </object_component>
      <object_component id="oc-2d9">
         <name>.const:powerResources</name>
         <load_address>0x2000f678</load_address>
         <run_address>0x2000f678</run_address>
         <size>0x14</size>
         <input_file_ref idref="fl-f"/>
      </object_component>
      <object_component id="oc-4e9">
         <name>.const:timerCC32XXHWAttrs</name>
         <load_address>0x2000f68c</load_address>
         <run_address>0x2000f68c</run_address>
         <size>0x10</size>
         <input_file_ref idref="fl-3"/>
      </object_component>
      <object_component id="oc-404">
         <name>.const:Timer_config</name>
         <load_address>0x2000f69c</load_address>
         <run_address>0x2000f69c</run_address>
         <size>0xc</size>
         <input_file_ref idref="fl-3"/>
      </object_component>
      <object_component id="oc-408">
         <name>.const:defaultParams</name>
         <load_address>0x2000f6a8</load_address>
         <run_address>0x2000f6a8</run_address>
         <size>0xc</size>
         <input_file_ref idref="fl-e"/>
      </object_component>
      <object_component id="oc-2df">
         <name>.const:outPinTypes</name>
         <load_address>0x2000f6b4</load_address>
         <run_address>0x2000f6b4</run_address>
         <size>0x8</size>
         <input_file_ref idref="fl-f"/>
      </object_component>
      <object_component id="oc-2ee">
         <name>.const:.string:interruptType</name>
         <load_address>0x2000f6bc</load_address>
         <run_address>0x2000f6bc</run_address>
         <size>0x6</size>
         <input_file_ref idref="fl-f"/>
      </object_component>
      <object_component id="oc-2e2">
         <name>.const:inPinTypes</name>
         <load_address>0x2000f6c2</load_address>
         <run_address>0x2000f6c2</run_address>
         <size>0x6</size>
         <input_file_ref idref="fl-f"/>
      </object_component>
      <object_component id="oc-2dc">
         <name>.const:outPinStrengths</name>
         <load_address>0x2000f6c8</load_address>
         <run_address>0x2000f6c8</run_address>
         <size>0x6</size>
         <input_file_ref idref="fl-f"/>
      </object_component>
      <object_component id="oc-401">
         <name>.const</name>
         <load_address>0x2000f6ce</load_address>
         <run_address>0x2000f6ce</run_address>
         <size>0x6</size>
         <input_file_ref idref="fl-3"/>
      </object_component>
      <object_component id="oc-2e5">
         <name>.const:.string:portInterruptIds</name>
         <load_address>0x2000f6d4</load_address>
         <run_address>0x2000f6d4</run_address>
         <size>0x4</size>
         <input_file_ref idref="fl-f"/>
      </object_component>
      <object_component id="oc-706">
         <name>.cinit..data.load</name>
         <load_address>0x2000f898</load_address>
         <run_address>0x2000f898</run_address>
         <size>0xe5</size>
      </object_component>
      <object_component id="oc-704">
         <name>__TI_handler_table</name>
         <load_address>0x2000f980</load_address>
         <run_address>0x2000f980</run_address>
         <size>0xc</size>
      </object_component>
      <object_component id="oc-707">
         <name>.cinit..bss.load</name>
         <load_address>0x2000f990</load_address>
         <run_address>0x2000f990</run_address>
         <size>0x8</size>
      </object_component>
      <object_component id="oc-705">
         <name>__TI_cinit_table</name>
         <load_address>0x2000f998</load_address>
         <run_address>0x2000f998</run_address>
         <size>0x10</size>
      </object_component>
      <object_component id="oc-1ec">
         <name>.data</name>
         <load_address>0x2000f364</load_address>
         <run_address>0x2000f364</run_address>
         <size>0x24</size>
         <input_file_ref idref="fl-2"/>
      </object_component>
      <object_component id="oc-3c3">
         <name>.data:gpioPinConfigs</name>
         <load_address>0x2000f398</load_address>
         <run_address>0x2000f398</run_address>
         <size>0x10</size>
         <input_file_ref idref="fl-3"/>
      </object_component>
      <object_component id="oc-3c6">
         <name>.data:gpioCallbackFunctions</name>
         <load_address>0x2000f388</load_address>
         <run_address>0x2000f388</run_address>
         <size>0x10</size>
         <input_file_ref idref="fl-3"/>
      </object_component>
      <object_component id="oc-368">
         <name>.data:parkInfo</name>
         <load_address>0x2000f26c</load_address>
         <run_address>0x2000f26c</run_address>
         <size>0xf8</size>
         <input_file_ref idref="fl-3"/>
      </object_component>
      <object_component id="oc-3fe">
         <name>.data</name>
         <load_address>0x2000f3d9</load_address>
         <run_address>0x2000f3d9</run_address>
         <size>0x1</size>
         <input_file_ref idref="fl-e"/>
      </object_component>
      <object_component id="oc-2ab">
         <name>.data</name>
         <load_address>0x2000f3a8</load_address>
         <run_address>0x2000f3a8</run_address>
         <size>0x9</size>
         <input_file_ref idref="fl-f"/>
      </object_component>
      <object_component id="oc-278">
         <name>.data:PowerCC32XX_module</name>
         <load_address>0x2000f100</load_address>
         <run_address>0x2000f100</run_address>
         <size>0x16c</size>
         <input_file_ref idref="fl-10"/>
      </object_component>
      <object_component id="oc-3a9">
         <name>.data</name>
         <load_address>0x2000f3b1</load_address>
         <run_address>0x2000f3b1</run_address>
         <size>0x3</size>
         <input_file_ref idref="fl-16"/>
      </object_component>
      <object_component id="oc-48b">
         <name>.data:SemaphoreP_defaultParams</name>
         <load_address>0x2000f3c4</load_address>
         <run_address>0x2000f3c4</run_address>
         <size>0x8</size>
         <input_file_ref idref="fl-16"/>
      </object_component>
      <object_component id="oc-485">
         <name>.data</name>
         <load_address>0x2000f3d4</load_address>
         <run_address>0x2000f3d4</run_address>
         <size>0x5</size>
         <input_file_ref idref="fl-17"/>
      </object_component>
      <object_component id="oc-4d4">
         <name>.data:HwiP_dispatchTable</name>
         <load_address>0x2000edf4</load_address>
         <run_address>0x2000edf4</run_address>
         <size>0x30c</size>
         <input_file_ref idref="fl-18"/>
      </object_component>
      <object_component id="oc-4dd">
         <name>.data</name>
         <load_address>0x2000f3cc</load_address>
         <run_address>0x2000f3cc</run_address>
         <size>0x8</size>
         <input_file_ref idref="fl-18"/>
      </object_component>
      <object_component id="oc-567">
         <name>.data:$O1$$</name>
         <load_address>0x2000f3bc</load_address>
         <run_address>0x2000f3bc</run_address>
         <size>0x8</size>
         <input_file_ref idref="fl-df"/>
      </object_component>
      <object_component id="oc-200">
         <name>.data:$O1$$</name>
         <load_address>0x2000f3b4</load_address>
         <run_address>0x2000f3b4</run_address>
         <size>0x8</size>
         <input_file_ref idref="fl-e7"/>
      </object_component>
      <object_component id="oc-2ba">
         <name>.bss:gpioCallbackInfo</name>
         <uninitialized>true</uninitialized>
         <run_address>0x2000f838</run_address>
         <size>0x20</size>
         <input_file_ref idref="fl-f"/>
      </object_component>
      <object_component id="oc-2b1">
         <name>.bss:powerNotifyObj</name>
         <uninitialized>true</uninitialized>
         <run_address>0x2000f858</run_address>
         <size>0x14</size>
         <input_file_ref idref="fl-f"/>
      </object_component>
      <object_component id="oc-2aa">
         <name>.bss</name>
         <uninitialized>true</uninitialized>
         <run_address>0x2000f86c</run_address>
         <size>0x4</size>
         <input_file_ref idref="fl-f"/>
      </object_component>
      <object_component id="oc-6ad">
         <name>.bss:timerState</name>
         <uninitialized>true</uninitialized>
         <run_address>0x2000f894</run_address>
         <size>0x4</size>
         <input_file_ref idref="fl-12"/>
      </object_component>
      <object_component id="oc-5b5">
         <name>.bss</name>
         <uninitialized>true</uninitialized>
         <run_address>0x2000f890</run_address>
         <size>0x4</size>
         <input_file_ref idref="fl-17"/>
      </object_component>
      <object_component id="oc-507">
         <name>.bss</name>
         <uninitialized>true</uninitialized>
         <run_address>0x2000f880</run_address>
         <size>0xd</size>
         <input_file_ref idref="fl-1b"/>
      </object_component>
      <object_component id="oc-4e8">
         <name>.common:timerCC32XXObjects</name>
         <uninitialized>true</uninitialized>
         <run_address>0x2000f804</run_address>
         <size>0x34</size>
      </object_component>
      <object_component id="oc-5de">
         <name>.common:PowerCC32XX_contextSave</name>
         <uninitialized>true</uninitialized>
         <run_address>0x2000f6d8</run_address>
         <size>0x12c</size>
      </object_component>
      <object_component id="oc-e1">
         <name>.common:ClockP_ctrl</name>
         <uninitialized>true</uninitialized>
         <run_address>0x2000f870</run_address>
         <size>0x10</size>
      </object_component>
      <object_component id="oc-2a">
         <name>.sysmem</name>
         <uninitialized>true</uninitialized>
         <run_address>0x20004040</run_address>
         <size>0x10</size>
         <input_file_ref idref="fl-df"/>
      </object_component>
      <object_component id="oc-70a">
         <name>.sysmem</name>
         <uninitialized>true</uninitialized>
         <run_address>0x20004040</run_address>
         <size>0x0</size>
      </object_component>
      <object_component id="oc-2d">
         <name>.stack</name>
         <uninitialized>true</uninitialized>
         <run_address>0x20003000</run_address>
         <size>0x4</size>
         <input_file_ref idref="fl-e0"/>
      </object_component>
      <object_component id="oc-709">
         <name>.stack</name>
         <uninitialized>true</uninitialized>
         <run_address>0x20003000</run_address>
         <size>0x0</size>
      </object_component>
      <object_component id="oc-27">
         <name>.resetVecs:retain</name>
         <load_address>0x20004000</load_address>
         <run_address>0x20004000</run_address>
         <size>0x40</size>
         <input_file_ref idref="fl-1a"/>
      </object_component>
      <object_component id="oc-bb">
         <name>.ramVecs</name>
         <uninitialized>true</uninitialized>
         <run_address>0x20000000</run_address>
         <size>0x30c</size>
         <input_file_ref idref="fl-1a"/>
      </object_component>
      <object_component id="oc-14d">
         <name>.debug_info</name>
         <load_address>0x0</load_address>
         <run_address>0x0</run_address>
         <size>0x3ee</size>
         <input_file_ref idref="fl-2"/>
      </object_component>
      <object_component id="oc-1ed">
         <name>.debug_info</name>
         <load_address>0x3ee</load_address>
         <run_address>0x3ee</run_address>
         <size>0x1f5</size>
         <input_file_ref idref="fl-2"/>
      </object_component>
      <object_component id="oc-312">
         <name>.debug_info</name>
         <load_address>0x5e3</load_address>
         <run_address>0x5e3</run_address>
         <size>0x2ab</size>
         <input_file_ref idref="fl-2"/>
      </object_component>
      <object_component id="oc-1e8">
         <name>.debug_info</name>
         <load_address>0x88e</load_address>
         <run_address>0x88e</run_address>
         <size>0x1ab</size>
         <input_file_ref idref="fl-2"/>
      </object_component>
      <object_component id="oc-320">
         <name>.debug_info</name>
         <load_address>0xa39</load_address>
         <run_address>0xa39</run_address>
         <size>0x137</size>
         <input_file_ref idref="fl-2"/>
      </object_component>
      <object_component id="oc-1f1">
         <name>.debug_info</name>
         <load_address>0xb70</load_address>
         <run_address>0xb70</run_address>
         <size>0x176</size>
         <input_file_ref idref="fl-2"/>
      </object_component>
      <object_component id="oc-1f7">
         <name>.debug_info</name>
         <load_address>0xce6</load_address>
         <run_address>0xce6</run_address>
         <size>0x176</size>
         <input_file_ref idref="fl-2"/>
      </object_component>
      <object_component id="oc-160">
         <name>.debug_info</name>
         <load_address>0xe5c</load_address>
         <run_address>0xe5c</run_address>
         <size>0x228</size>
         <input_file_ref idref="fl-2"/>
      </object_component>
      <object_component id="oc-1a9">
         <name>.debug_info</name>
         <load_address>0x1084</load_address>
         <run_address>0x1084</run_address>
         <size>0x2a9</size>
         <input_file_ref idref="fl-2"/>
      </object_component>
      <object_component id="oc-e7">
         <name>.debug_info</name>
         <load_address>0x132d</load_address>
         <run_address>0x132d</run_address>
         <size>0x26b</size>
         <input_file_ref idref="fl-2"/>
      </object_component>
      <object_component id="oc-31a">
         <name>.debug_info</name>
         <load_address>0x1598</load_address>
         <run_address>0x1598</run_address>
         <size>0x3f</size>
         <input_file_ref idref="fl-2"/>
      </object_component>
      <object_component id="oc-36">
         <name>.debug_info</name>
         <load_address>0x15d7</load_address>
         <run_address>0x15d7</run_address>
         <size>0x84</size>
         <input_file_ref idref="fl-2"/>
      </object_component>
      <object_component id="oc-1b3">
         <name>.debug_info</name>
         <load_address>0x165b</load_address>
         <run_address>0x165b</run_address>
         <size>0x3b</size>
         <input_file_ref idref="fl-2"/>
      </object_component>
      <object_component id="oc-148">
         <name>.debug_info</name>
         <load_address>0x1696</load_address>
         <run_address>0x1696</run_address>
         <size>0x2a4</size>
         <input_file_ref idref="fl-2"/>
      </object_component>
      <object_component id="oc-1ae">
         <name>.debug_info</name>
         <load_address>0x193a</load_address>
         <run_address>0x193a</run_address>
         <size>0xef</size>
         <input_file_ref idref="fl-2"/>
      </object_component>
      <object_component id="oc-12f">
         <name>.debug_info</name>
         <load_address>0x1a29</load_address>
         <run_address>0x1a29</run_address>
         <size>0xbb</size>
         <input_file_ref idref="fl-2"/>
      </object_component>
      <object_component id="oc-60c">
         <name>.debug_info</name>
         <load_address>0x1ae4</load_address>
         <run_address>0x1ae4</run_address>
         <size>0x53</size>
         <input_file_ref idref="fl-2"/>
      </object_component>
      <object_component id="oc-1a3">
         <name>.debug_info</name>
         <load_address>0x1b37</load_address>
         <run_address>0x1b37</run_address>
         <size>0x4b0</size>
         <input_file_ref idref="fl-3"/>
      </object_component>
      <object_component id="oc-3c4">
         <name>.debug_info</name>
         <load_address>0x1fe7</load_address>
         <run_address>0x1fe7</run_address>
         <size>0x109</size>
         <input_file_ref idref="fl-3"/>
      </object_component>
      <object_component id="oc-3c7">
         <name>.debug_info</name>
         <load_address>0x20f0</load_address>
         <run_address>0x20f0</run_address>
         <size>0x117</size>
         <input_file_ref idref="fl-3"/>
      </object_component>
      <object_component id="oc-402">
         <name>.debug_info</name>
         <load_address>0x2207</load_address>
         <run_address>0x2207</run_address>
         <size>0x244</size>
         <input_file_ref idref="fl-3"/>
      </object_component>
      <object_component id="oc-2af">
         <name>.debug_info</name>
         <load_address>0x244b</load_address>
         <run_address>0x244b</run_address>
         <size>0x10f</size>
         <input_file_ref idref="fl-3"/>
      </object_component>
      <object_component id="oc-27c">
         <name>.debug_info</name>
         <load_address>0x255a</load_address>
         <run_address>0x255a</run_address>
         <size>0x111</size>
         <input_file_ref idref="fl-3"/>
      </object_component>
      <object_component id="oc-4ea">
         <name>.debug_info</name>
         <load_address>0x266b</load_address>
         <run_address>0x266b</run_address>
         <size>0x111</size>
         <input_file_ref idref="fl-3"/>
      </object_component>
      <object_component id="oc-405">
         <name>.debug_info</name>
         <load_address>0x277c</load_address>
         <run_address>0x277c</run_address>
         <size>0x105</size>
         <input_file_ref idref="fl-3"/>
      </object_component>
      <object_component id="oc-369">
         <name>.debug_info</name>
         <load_address>0x2881</load_address>
         <run_address>0x2881</run_address>
         <size>0xfd</size>
         <input_file_ref idref="fl-3"/>
      </object_component>
      <object_component id="oc-1c7">
         <name>.debug_info</name>
         <load_address>0x297e</load_address>
         <run_address>0x297e</run_address>
         <size>0x155</size>
         <input_file_ref idref="fl-3"/>
      </object_component>
      <object_component id="oc-153">
         <name>.debug_info</name>
         <load_address>0x2ad3</load_address>
         <run_address>0x2ad3</run_address>
         <size>0x18b</size>
         <input_file_ref idref="fl-3"/>
      </object_component>
      <object_component id="oc-228">
         <name>.debug_info</name>
         <load_address>0x2c5e</load_address>
         <run_address>0x2c5e</run_address>
         <size>0x183</size>
         <input_file_ref idref="fl-3"/>
      </object_component>
      <object_component id="oc-134">
         <name>.debug_info</name>
         <load_address>0x2de1</load_address>
         <run_address>0x2de1</run_address>
         <size>0x100</size>
         <input_file_ref idref="fl-3"/>
      </object_component>
      <object_component id="oc-223">
         <name>.debug_info</name>
         <load_address>0x2ee1</load_address>
         <run_address>0x2ee1</run_address>
         <size>0x878</size>
         <input_file_ref idref="fl-3"/>
      </object_component>
      <object_component id="oc-23b">
         <name>.debug_info</name>
         <load_address>0x3759</load_address>
         <run_address>0x3759</run_address>
         <size>0xf8</size>
         <input_file_ref idref="fl-3"/>
      </object_component>
      <object_component id="oc-21e">
         <name>.debug_info</name>
         <load_address>0x3851</load_address>
         <run_address>0x3851</run_address>
         <size>0x9a</size>
         <input_file_ref idref="fl-3"/>
      </object_component>
      <object_component id="oc-236">
         <name>.debug_info</name>
         <load_address>0x38eb</load_address>
         <run_address>0x38eb</run_address>
         <size>0xb6</size>
         <input_file_ref idref="fl-3"/>
      </object_component>
      <object_component id="oc-22d">
         <name>.debug_info</name>
         <load_address>0x39a1</load_address>
         <run_address>0x39a1</run_address>
         <size>0xa1</size>
         <input_file_ref idref="fl-3"/>
      </object_component>
      <object_component id="oc-42f">
         <name>.debug_info</name>
         <load_address>0x3a42</load_address>
         <run_address>0x3a42</run_address>
         <size>0x62</size>
         <input_file_ref idref="fl-3"/>
      </object_component>
      <object_component id="oc-108">
         <name>.debug_info</name>
         <load_address>0x3aa4</load_address>
         <run_address>0x3aa4</run_address>
         <size>0x8b</size>
         <input_file_ref idref="fl-3"/>
      </object_component>
      <object_component id="oc-aa">
         <name>.debug_info</name>
         <load_address>0x3b2f</load_address>
         <run_address>0x3b2f</run_address>
         <size>0x2c</size>
         <input_file_ref idref="fl-3"/>
      </object_component>
      <object_component id="oc-11b">
         <name>.debug_info</name>
         <load_address>0x3b5b</load_address>
         <run_address>0x3b5b</run_address>
         <size>0x156</size>
         <input_file_ref idref="fl-4"/>
      </object_component>
      <object_component id="oc-1a5">
         <name>.debug_info</name>
         <load_address>0x3cb1</load_address>
         <run_address>0x3cb1</run_address>
         <size>0x2f4</size>
         <input_file_ref idref="fl-e"/>
      </object_component>
      <object_component id="oc-409">
         <name>.debug_info</name>
         <load_address>0x3fa5</load_address>
         <run_address>0x3fa5</run_address>
         <size>0xd6</size>
         <input_file_ref idref="fl-e"/>
      </object_component>
      <object_component id="oc-3ff">
         <name>.debug_info</name>
         <load_address>0x407b</load_address>
         <run_address>0x407b</run_address>
         <size>0xd6</size>
         <input_file_ref idref="fl-e"/>
      </object_component>
      <object_component id="oc-30d">
         <name>.debug_info</name>
         <load_address>0x4151</load_address>
         <run_address>0x4151</run_address>
         <size>0x12e</size>
         <input_file_ref idref="fl-e"/>
      </object_component>
[...]
         <name>TimerCC32XX_open</name>
         <value>0x2000cbe1</value>
         <object_component_ref idref="oc-593"/>
      </symbol>
      <symbol id="sm-4ed">
         <name>TimerCC32XX_init</name>
         <value>0x2000e6df</value>
         <object_component_ref idref="oc-58d"/>
      </symbol>
      <symbol id="sm-4ee">
         <name>TimerCC32XX_fxnTable</name>
         <value>0x2000f5ec</value>
         <object_component_ref idref="oc-4e5"/>
      </symbol>
      <symbol id="sm-4ef">
         <name>TimerCC32XX_setPeriod</name>
         <value>0x2000d659</value>
         <object_component_ref idref="oc-599"/>
      </symbol>
      <symbol id="sm-4f0">
         <name>TimerCC32XX_start</name>
         <value>0x2000d8e1</value>
         <object_component_ref idref="oc-59f"/>
      </symbol>
      <symbol id="sm-4f1">
         <name>TimerCC32XX_freeTimerResource</name>
         <value>0x2000e77d</value>
         <object_component_ref idref="oc-627"/>
      </symbol>
      <symbol id="sm-4f2">
         <name>TimerCC32XX_control</name>
         <value>0x2000edd3</value>
         <object_component_ref idref="oc-581"/>
      </symbol>
      <symbol id="sm-4f3">
         <name>TimerCC32XX_stop</name>
         <value>0x2000dd79</value>
         <object_component_ref idref="oc-5a5"/>
      </symbol>
      <symbol id="sm-4f4">
         <name>TimerCC32XX_close</name>
         <value>0x2000e51d</value>
         <object_component_ref idref="oc-57b"/>
      </symbol>
      <symbol id="sm-4f5">
         <name>TimerCC32XX_allocateTimerResource</name>
         <value>0x2000df15</value>
         <object_component_ref idref="oc-631"/>
      </symbol>
      <symbol id="sm-4f6">
         <name>TimerCC32XX_getCount</name>
         <value>0x2000eb65</value>
         <object_component_ref idref="oc-587"/>
      </symbol>
      <symbol id="sm-50e">
         <name>List_remove</name>
         <value>0x2000e963</value>
         <object_component_ref idref="oc-692"/>
      </symbol>
      <symbol id="sm-50f">
         <name>List_put</name>
         <value>0x2000e93d</value>
         <object_component_ref idref="oc-3ad"/>
      </symbol>
      <symbol id="sm-593">
         <name>SemaphoreP_defaultParams</name>
         <value>0x2000f3c4</value>
         <object_component_ref idref="oc-48b"/>
      </symbol>
      <symbol id="sm-594">
         <name>SemaphoreP_construct</name>
         <value>0x2000dec5</value>
         <object_component_ref idref="oc-48f"/>
      </symbol>
      <symbol id="sm-595">
         <name>SemaphoreP_create</name>
         <value>0x2000ebf1</value>
         <object_component_ref idref="oc-373"/>
      </symbol>
      <symbol id="sm-596">
         <name>SemaphoreP_destruct</name>
         <value>0x2000e247</value>
         <object_component_ref idref="oc-5ba"/>
      </symbol>
      <symbol id="sm-597">
         <name>SemaphoreP_post</name>
         <value>0x2000e315</value>
         <object_component_ref idref="oc-2a4"/>
      </symbol>
      <symbol id="sm-598">
         <name>SemaphoreP_pend</name>
         <value>0x2000d1c1</value>
         <object_component_ref idref="oc-298"/>
      </symbol>
      <symbol id="sm-599">
         <name>SemaphoreP_delete</name>
         <value>0x2000ede3</value>
         <object_component_ref idref="oc-292"/>
      </symbol>
      <symbol id="sm-59a">
         <name>SemaphoreP_createBinary</name>
         <value>0x2000eafd</value>
         <object_component_ref idref="oc-280"/>
      </symbol>
      <symbol id="sm-59b">
         <name>SemaphoreP_Params_init</name>
         <value>0x2000ed25</value>
         <object_component_ref idref="oc-36d"/>
      </symbol>
      <symbol id="sm-59c">
         <name>clkFxn</name>
         <value>0x2000eb33</value>
         <object_component_ref idref="oc-3a3"/>
      </symbol>
      <symbol id="sm-67c">
         <name>ClockP_ctrl</name>
         <value>0x2000f870</value>
      </symbol>
      <symbol id="sm-67d">
         <name>ClockP_doTick</name>
         <value>0x2000de75</value>
         <object_component_ref idref="oc-79"/>
      </symbol>
      <symbol id="sm-67e">
         <name>ClockP_startup</name>
         <value>0x2000e715</value>
         <object_component_ref idref="oc-4f1"/>
      </symbol>
      <symbol id="sm-67f">
         <name>ClockP_stop</name>
         <value>0x2000e249</value>
         <object_component_ref idref="oc-4b7"/>
      </symbol>
      <symbol id="sm-680">
         <name>ClockP_getTicksUntilInterrupt</name>
         <value>0x2000e6e1</value>
         <object_component_ref idref="oc-451"/>
      </symbol>
      <symbol id="sm-681">
         <name>ClockP_setTicks</name>
         <value>0x2000ece5</value>
         <object_component_ref idref="oc-479"/>
      </symbol>
      <symbol id="sm-682">
         <name>ClockP_tickPeriod</name>
         <value>0x2000f3d4</value>
         <object_component_ref idref="oc-485"/>
      </symbol>
      <symbol id="sm-683">
         <name>ClockP_usleep</name>
         <value>0x2000e099</value>
         <object_component_ref idref="oc-414"/>
      </symbol>
      <symbol id="sm-684">
         <name>ClockP_getSystemTicks</name>
         <value>0x2000ecd5</value>
         <object_component_ref idref="oc-45d"/>
      </symbol>
      <symbol id="sm-685">
         <name>ClockP_destruct</name>
         <value>0x2000e4a5</value>
         <object_component_ref idref="oc-39d"/>
      </symbol>
      <symbol id="sm-686">
         <name>ClockP_start</name>
         <value>0x2000e7e5</value>
         <object_component_ref idref="oc-38b"/>
      </symbol>
      <symbol id="sm-687">
         <name>ClockP_sysTickHandler</name>
         <value>0x2000de75</value>
         <object_component_ref idref="oc-79"/>
      </symbol>
      <symbol id="sm-688">
         <name>ClockP_isActive</name>
         <value>0x2000edad</value>
         <object_component_ref idref="oc-397"/>
      </symbol>
      <symbol id="sm-689">
         <name>ClockP_getCpuFreq</name>
         <value>0x2000ecc5</value>
         <object_component_ref idref="oc-43f"/>
      </symbol>
      <symbol id="sm-68a">
         <name>ClockP_add</name>
         <value>0x2000ecb3</value>
         <object_component_ref idref="oc-385"/>
      </symbol>
      <symbol id="sm-713">
         <name>HwiP_delete</name>
         <value>0x2000ecf5</value>
         <object_component_ref idref="oc-621"/>
      </symbol>
      <symbol id="sm-714">
         <name>HwiP_construct</name>
         <value>0x2000d4bd</value>
         <object_component_ref idref="oc-3df"/>
      </symbol>
      <symbol id="sm-715">
         <name>HwiP_inISR</name>
         <value>0x2000ec1d</value>
         <object_component_ref idref="oc-3b4"/>
      </symbol>
      <symbol id="sm-716">
         <name>HwiP_dispatch</name>
         <value>0x2000e989</value>
         <object_component_ref idref="oc-4d7"/>
      </symbol>
      <symbol id="sm-717">
         <name>HwiP_destruct</name>
         <value>0x2000e9f5</value>
         <object_component_ref idref="oc-69a"/>
      </symbol>
      <symbol id="sm-718">
         <name>HwiP_clearInterrupt</name>
         <value>0x2000ed45</value>
         <object_component_ref idref="oc-61b"/>
      </symbol>
      <symbol id="sm-719">
         <name>HwiP_swiPIntNum</name>
         <value>0x2000f3d0</value>
         <object_component_ref idref="oc-4dd"/>
      </symbol>
      <symbol id="sm-71a">
         <name>HwiP_Params_init</name>
         <value>0x2000ec6d</value>
         <object_component_ref idref="oc-2ca"/>
      </symbol>
      <symbol id="sm-71b">
         <name>HwiP_disable</name>
         <value>0x2000ed53</value>
         <object_component_ref idref="oc-286"/>
      </symbol>
      <symbol id="sm-71c">
         <name>HwiP_key</name>
         <value>0x2000f3cc</value>
         <object_component_ref idref="oc-4dd"/>
      </symbol>
      <symbol id="sm-71d">
         <name>HwiP_create</name>
         <value>0x2000e845</value>
         <object_component_ref idref="oc-2d0"/>
      </symbol>
      <symbol id="sm-71e">
         <name>HwiP_post</name>
         <value>0x2000eddf</value>
         <object_component_ref idref="oc-554"/>
      </symbol>
      <symbol id="sm-71f">
         <name>HwiP_enable</name>
         <value>0x2000ed61</value>
         <object_component_ref idref="oc-158"/>
      </symbol>
      <symbol id="sm-720">
         <name>HwiP_restore</name>
         <value>0x2000ed05</value>
         <object_component_ref idref="oc-28c"/>
      </symbol>
      <symbol id="sm-750">
         <name>PowerCC32XX_initPolicy</name>
         <value>0x2000de73</value>
         <object_component_ref idref="oc-35c"/>
      </symbol>
      <symbol id="sm-751">
         <name>PowerCC32XX_sleepPolicy</name>
         <value>0x2000c651</value>
         <object_component_ref idref="oc-362"/>
      </symbol>
      <symbol id="sm-7a6">
         <name>resetISR</name>
         <value>0x2000eb19</value>
         <object_component_ref idref="oc-21"/>
      </symbol>
      <symbol id="sm-7a7">
         <name>resetVectorAddr</name>
         <value>0x2000eb2c</value>
         <object_component_ref idref="oc-21"/>
      </symbol>
      <symbol id="sm-7a8">
         <name>initVectors</name>
         <value>0x2000e639</value>
         <object_component_ref idref="oc-59"/>
      </symbol>
      <symbol id="sm-7a9">
         <name>resetVectors</name>
         <value>0x20004000</value>
         <object_component_ref idref="oc-27"/>
      </symbol>
      <symbol id="sm-7d9">
         <name>SwiP_disable</name>
         <value>0x2000ea8d</value>
         <object_component_ref idref="oc-445"/>
      </symbol>
      <symbol id="sm-7da">
         <name>SwiP_restore</name>
         <value>0x2000e359</value>
         <object_component_ref idref="oc-47f"/>
      </symbol>
      <symbol id="sm-7e5">
         <name>CPUcpsid</name>
         <value>0x2000ec07</value>
         <object_component_ref idref="oc-a3"/>
      </symbol>
      <symbol id="sm-82a">
         <name>IntVTableBaseSet</name>
         <value>0x2000ec31</value>
         <object_component_ref idref="oc-af"/>
      </symbol>
      <symbol id="sm-82b">
         <name>IntEnable</name>
         <value>0x2000d071</value>
         <object_component_ref idref="oc-b5"/>
      </symbol>
      <symbol id="sm-82c">
         <name>IntMasterDisable</name>
         <value>0x2000edb7</value>
         <object_component_ref idref="oc-53"/>
      </symbol>
      <symbol id="sm-82d">
         <name>IntPendSet</name>
         <value>0x2000d549</value>
         <object_component_ref idref="oc-603"/>
      </symbol>
      <symbol id="sm-867">
         <name>PinModeGet</name>
         <value>0x2000e749</value>
         <object_component_ref idref="oc-265"/>
      </symbol>
      <symbol id="sm-868">
         <name>PinConfigSet</name>
         <value>0x2000d5d1</value>
         <object_component_ref idref="oc-2be"/>
      </symbol>
      <symbol id="sm-869">
         <name>PinModeSet</name>
         <value>0x2000e425</value>
         <object_component_ref idref="oc-26b"/>
      </symbol>
      <symbol id="sm-86a">
         <name>PinToPadGet</name>
         <value>0x2000ea71</value>
         <object_component_ref idref="oc-5d1"/>
      </symbol>
      <symbol id="sm-933">
         <name>PRCMLPDSRestoreInfoSet</name>
         <value>0x2000e28d</value>
         <object_component_ref idref="oc-5e5"/>
      </symbol>
      <symbol id="sm-934">
         <name>PRCMPeripheralReset</name>
         <value>0x2000dcc9</value>
         <object_component_ref idref="oc-259"/>
      </symbol>
      <symbol id="sm-935">
         <name>PRCMLPDSEnter</name>
         <value>0x2000e129</value>
         <object_component_ref idref="oc-545"/>
      </symbol>
      <symbol id="sm-936">
         <name>PRCMPeripheralClkEnable</name>
         <value>0x2000e171</value>
         <object_component_ref idref="oc-253"/>
      </symbol>
      <symbol id="sm-937">
         <name>PRCMLPDSEnterKeepDebugIf</name>
         <value>0x2000e591</value>
         <object_component_ref idref="oc-54b"/>
      </symbol>
      <symbol id="sm-938">
         <name>PRCMCC3200MCUInit</name>
         <value>0x2000c041</value>
         <object_component_ref idref="oc-1ba"/>
      </symbol>
      <symbol id="sm-939">
         <name>PRCMHIBRegWrite</name>
         <value>0x2000ebdb</value>
         <object_component_ref idref="oc-247"/>
      </symbol>
      <symbol id="sm-93a">
         <name>PRCMSysResetCauseGet</name>
         <value>0x2000daf9</value>
         <object_component_ref idref="oc-240"/>
      </symbol>
      <symbol id="sm-93b">
         <name>PRCMPeripheralClkDisable</name>
         <value>0x2000e8c5</value>
         <object_component_ref idref="oc-25f"/>
      </symbol>
      <symbol id="sm-93c">
         <name>PRCMHIBRegRead</name>
         <value>0x2000ebc5</value>
         <object_component_ref idref="oc-24d"/>
      </symbol>
      <symbol id="sm-984">
         <name>TimerLoadSet</name>
         <value>0x2000e86f</value>
         <object_component_ref idref="oc-656"/>
      </symbol>
      <symbol id="sm-985">
         <name>TimerDisable</name>
         <value>0x2000ea35</value>
         <object_component_ref idref="oc-670"/>
      </symbol>
      <symbol id="sm-986">
         <name>TimerEnable</name>
         <value>0x2000ea53</value>
         <object_component_ref idref="oc-669"/>
      </symbol>
      <symbol id="sm-987">
         <name>TimerIntDisable</name>
         <value>0x2000eb7d</value>
         <object_component_ref idref="oc-676"/>
      </symbol>
      <symbol id="sm-988">
         <name>TimerPrescaleSet</name>
         <value>0x2000e899</value>
         <object_component_ref idref="oc-650"/>
      </symbol>
      <symbol id="sm-989">
         <name>TimerControlStall</name>
         <value>0x2000e6a9</value>
         <object_component_ref idref="oc-6b3"/>
      </symbol>
      <symbol id="sm-98a">
         <name>TimerIntEnable</name>
         <value>0x2000eb95</value>
         <object_component_ref idref="oc-65d"/>
      </symbol>
      <symbol id="sm-98b">
         <name>TimerIntClear</name>
         <value>0x2000ec7f</value>
         <object_component_ref idref="oc-6bb"/>
      </symbol>
      <symbol id="sm-98f">
         <name>UtilsDelay</name>
         <value>0x2000edd9</value>
         <object_component_ref idref="oc-246"/>
      </symbol>
      <symbol id="sm-99f">
         <name>FlashDisable</name>
         <value>0x2000e0e1</value>
         <object_component_ref idref="oc-5fb"/>
      </symbol>
      <symbol id="sm-9a8">
         <name>__aeabi_lmul</name>
         <value>0x2000ebad</value>
         <object_component_ref idref="oc-474"/>
      </symbol>
      <symbol id="sm-9c3">
         <name>memcpy</name>
         <value>0x2000d261</value>
         <object_component_ref idref="oc-3b"/>
      </symbol>
      <symbol id="sm-9c4">
         <name>__aeabi_memcpy</name>
         <value>0x2000d261</value>
         <object_component_ref idref="oc-3b"/>
      </symbol>
      <symbol id="sm-9c5">
         <name>__aeabi_memcpy8</name>
         <value>0x2000d261</value>
         <object_component_ref idref="oc-3b"/>
      </symbol>
      <symbol id="sm-9c6">
         <name>__aeabi_memcpy4</name>
         <value>0x2000d261</value>
         <object_component_ref idref="oc-3b"/>
      </symbol>
      <symbol id="sm-9d3">
         <name>__aeabi_uldivmod</name>
         <value>0x2000d395</value>
         <object_component_ref idref="oc-469"/>
      </symbol>
      <symbol id="sm-9e7">
         <name>__TI_zero_init_nomemset</name>
         <value>0x2000eac5</value>
         <object_component_ref idref="oc-47"/>
      </symbol>
      <symbol id="sm-9fe">
         <name>__TI_decompress_none</name>
         <value>0x2000ed6f</value>
         <object_component_ref idref="oc-1a"/>
      </symbol>
      <symbol id="sm-a21">
         <name>__TI_decompress_lzss</name>
         <value>0x2000d9c9</value>
         <object_component_ref idref="oc-14"/>
      </symbol>
      <symbol id="sm-aaa">
         <name>_sys_memory</name>
         <value>0x20004040</value>
         <object_component_ref idref="oc-2a"/>
      </symbol>
      <symbol id="sm-aab">
         <name>free</name>
         <value>0x2000ce09</value>
         <object_component_ref idref="oc-37e"/>
      </symbol>
      <symbol id="sm-aac">
         <name>memalign</name>
         <value>0x2000cd09</value>
         <object_component_ref idref="oc-4cd"/>
      </symbol>
      <symbol id="sm-aad">
         <name>malloc</name>
         <value>0x2000edcb</value>
         <object_component_ref idref="oc-3d9"/>
      </symbol>
      <symbol id="sm-aae">
         <name>aligned_alloc</name>
         <value>0x2000cd09</value>
         <object_component_ref idref="oc-4cd"/>
      </symbol>
      <symbol id="sm-ac0">
         <name>__stack</name>
         <value>0x20003000</value>
         <object_component_ref idref="oc-2d"/>
      </symbol>
      <symbol id="sm-ac1">
         <name>_c_int00_noargs</name>
         <value>0x2000e9ad</value>
         <object_component_ref idref="oc-c5"/>
      </symbol>
      <symbol id="sm-acb">
         <name>__aeabi_idiv0</name>
         <value>0x2000edf1</value>
         <object_component_ref idref="oc-516"/>
      </symbol>
      <symbol id="sm-acc">
         <name>__aeabi_ldiv0</name>
         <value>0x2000edf1</value>
         <object_component_ref idref="oc-516"/>
      </symbol>
      <symbol id="sm-af5">
         <name>__TI_auto_init_nobinit_nopinit</name>
         <value>0x2000e3e1</value>
         <object_component_ref idref="oc-171"/>
      </symbol>
      <symbol id="sm-aff">
         <name>_system_pre_init</name>
         <value>0x2000ede7</value>
         <object_component_ref idref="oc-114"/>
      </symbol>
      <symbol id="sm-b0b">
         <name>C$$EXIT</name>
         <value>0x2000edeb</value>
         <object_component_ref idref="oc-165"/>
      </symbol>
      <symbol id="sm-b0c">
         <name>abort</name>
         <value>0x2000edeb</value>
         <object_component_ref idref="oc-165"/>
      </symbol>
      <symbol id="sm-b21">
         <name>_nop</name>
         <value>0x2000e8c3</value>
         <object_component_ref idref="oc-329"/>
      </symbol>
      <symbol id="sm-b22">
         <name>_lock</name>
         <value>0x2000f3b4</value>
         <object_component_ref idref="oc-200"/>
      </symbol>
      <symbol id="sm-b23">
         <name>_unlock</name>
         <value>0x2000f3b8</value>
         <object_component_ref idref="oc-200"/>
      </symbol>
      <symbol id="sm-b25">
         <name>__TI_static_base__</name>
         <value>0x2000f898</value>
      </symbol>
      <symbol id="sm-b28">
         <name>ITM_flush</name>
         <value>0x0</value>
      </symbol>
      <symbol id="sm-b29">
         <name>ITM_restore</name>
         <value>0x0</value>
      </symbol>
      <symbol id="sm-b2a">
         <name>__mpu_init</name>
         <value>0x0</value>
      </symbol>
      <symbol id="sm-b2b">
         <name>_system_post_cinit</name>
         <value>0x0</value>
      </symbol>
      <symbol id="sm-b2c">
         <name>usleep</name>
         <value>0x2000e099</value>
      </symbol>
      <symbol id="sm-b2d">
         <name>NoRTOS_start</name>
         <value>0x2000ed61</value>
      </symbol>
   </symbol_table>
   <title>Link successful</title>
</link_info>
