******************************************************************************
                  TI ARM Linker PC v20.2.7                     
******************************************************************************
>> Linked Wed Sep 27 17:39:22 2023

OUTPUT FILE NAME:   <gpiointerrupt_CC3220S_LAUNCHXL_nortos_ccs.out>
ENTRY POINT SYMBOL: "resetISR"  address: 2000eb19


MEMORY CONFIGURATION

         name            origin    length      used     unused   attr    fill
----------------------  --------  ---------  --------  --------  ----  --------
  SRAM2                 20000000   00004000  0000130c  00002cf4  RW X
  SRAM                  20004000   0003c000  0000b9a4  0003065c  RW X
  LOG_DATA              90000000   00040000  00000000  00040000  R   


SEGMENT ALLOCATION MAP

run origin  load origin   length   init length attrs members
----------  ----------- ---------- ----------- ----- -------
20003000    20003000    00001000   00000000    rw-
  20003000    20003000    00001000   00000000    rw- .stack
20004000    20004000    00000040   00000040    r--
  20004000    20004000    00000040   00000040    r-- .resetVecs
20004040    20004040    00008000   00000000    rw-
  20004040    20004040    00008000   00000000    rw- .sysmem
2000c040    2000c040    00002db2   00002db2    r-x
  2000c040    2000c040    00002db2   00002db2    r-x .text
2000edf4    2000edf4    000005e6   00000000    rw-
  2000edf4    2000edf4    000005e6   00000000    rw- .data
2000f3dc    2000f3dc    000002fc   000002fc    r--
  2000f3dc    2000f3dc    000002fc   000002fc    r-- .const
2000f6d8    2000f6d8    000001c0   00000000    rw-
  2000f6d8    2000f6d8    000001c0   00000000    rw- .bss
2000f898    2000f898    00000110   00000110    r--
  2000f898    2000f898    00000110   00000110    r-- .cinit


SECTION ALLOCATION MAP

 output                                  attributes/
section   page    origin      length       input sections
--------  ----  ----------  ----------   ----------------
.text      0    2000c040    00002db2     
                  2000c040    0000042c     driverlib.a : prcm.obj (.text:PRCMCC3200MCUInit)
                  2000c46c    000001e4     drivers_cc32xx.a : GPIOCC32XX.oem4 (.text:GPIO_setConfig)
                  2000c650    0000019c     nortos_cc32xx.a : PowerCC32XX_nortos.oem4 (.text:PowerCC32XX_sleepPolicy)
                  2000c7ec    00000174     gpiointerrupt.obj (.text:timerCallback)
                  2000c960    00000148     drivers_cc32xx.a : PowerCC32XX.oem4 (.text:parkPins)
                  2000caa8    00000138                      : PowerCC32XX.oem4 (.text:Power_sleep)
                  2000cbe0    00000128                      : TimerCC32XX.oem4 (.text:TimerCC32XX_open)
                  2000cd08    00000100     rtsv7M4_T_le_eabi.lib : memory.c.obj (.text:aligned_alloc)
                  2000ce08    000000e4                           : memory.c.obj (.text:free)
                  2000ceec    000000c4     drivers_cc32xx.a : GPIOCC32XX.oem4 (.text:GPIO_init)
                  2000cfb0    000000c0                      : PowerCC32XX.oem4 (.text:restoreParkedPins)
                  2000d070    000000a8     driverlib.a : interrupt.obj (.text:IntEnable)
                  2000d118    000000a8     drivers_cc32xx.a : PowerCC32XX.oem4 (.text:PowerCC32XX_configureWakeup)
                  2000d1c0    000000a0     nortos_cc32xx.a : SemaphoreP_nortos.oem4 (.text:SemaphoreP_pend)
                  2000d260    0000009c     rtsv7M4_T_le_eabi.lib : memcpy_t2.asm.obj (.text)
                  2000d2fc    00000098     drivers_cc32xx.a : GPIOCC32XX.oem4 (.text:powerNotifyFxn)
                  2000d394    00000096     rtsv7M4_T_le_eabi.lib : ull_div_t2.asm.obj (.text)
                  2000d42a    00000002     ti_drivers_config.obj (.text:Board_initHook)
                  2000d42c    00000090     drivers_cc32xx.a : PowerCC32XX.oem4 (.text:restoreNVICRegs)
                  2000d4bc    0000008c     nortos_cc32xx.a : HwiPCC32XX_nortos.oem4 (.text:HwiP_construct)
                  2000d548    00000088     driverlib.a : interrupt.obj (.text:IntPendSet)
                  2000d5d0    00000088                 : pin.obj (.text:PinConfigSet)
                  2000d658    00000088     drivers_cc32xx.a : TimerCC32XX.oem4 (.text:TimerCC32XX_setPeriod)
                  2000d6e0    00000084                      : PowerCC32XX.oem4 (.text:Power_init)
                  2000d764    00000084                      : PowerCC32XX.oem4 (.text:saveNVICRegs)
                  2000d7e8    00000080                      : PowerCC32XX.oem4 (.text:Power_setDependency)
                  2000d868    00000078                      : GPIOCC32XX.oem4 (.text:GPIO_hwiIntFxn)
                  2000d8e0    00000078                      : TimerCC32XX.oem4 (.text:TimerCC32XX_start)
                  2000d958    00000070     rtsv7M4_T_le_eabi.lib : memory.c.obj (.text:split)
                  2000d9c8    00000068                           : copy_decompress_lzss.c.obj (.text:decompress:lzss:__TI_decompress_lzss)
                  2000da30    00000064     drivers_cc32xx.a : PowerCC32XX.oem4 (.text:PowerCC32XX_setParkState)
                  2000da94    00000064     gpiointerrupt.obj (.text:mainThread)
                  2000daf8    00000060     driverlib.a : prcm.obj (.text:PRCMSysResetCauseGet)
                  2000db58    00000060     nortos_cc32xx.a : ClockPSysTick_nortos.oem4 (.text:getTimeUsec)
                  2000dbb8    0000005c     drivers_cc32xx.a : GPIOCC32XX.oem4 (.text:GPIO_setCallback)
                  2000dc14    0000005c     nortos_cc32xx.a : ClockPSysTick_nortos.oem4 (.text:sysTickInit)
                  2000dc70    00000058     drivers_cc32xx.a : GPIOCC32XX.oem4 (.text:GPIO_write)
                  2000dcc8    00000058     driverlib.a : prcm.obj (.text:PRCMPeripheralReset)
                  2000dd20    00000058     drivers_cc32xx.a : PowerCC32XX.oem4 (.text:Power_releaseDependency)
                  2000dd78    00000056                      : TimerCC32XX.oem4 (.text:TimerCC32XX_stop)
                  2000ddce    00000052                      : PowerCC32XX_asm.oem4 (.text:PowerCC32XX_resumeLPDS)
                  2000de20    00000052                      : TimerCC32XX.oem4 (.text:initHw)
                  2000de72    00000002     nortos_cc32xx.a : PowerCC32XX_nortos.oem4 (.text:PowerCC32XX_initPolicy)
                  2000de74    00000050                     : ClockPSysTick_nortos.oem4 (.text:ClockP_sysTickHandler)
                  2000dec4    00000050                     : SemaphoreP_nortos.oem4 (.text:SemaphoreP_construct)
                  2000df14    00000050     drivers_cc32xx.a : TimerCC32XX.oem4 (.text:TimerCC32XX_allocateTimerResource)
                  2000df64    00000050     gpiointerrupt.obj (.text:initTimer)
                  2000dfb4    0000004c     drivers_cc32xx.a : GPIOCC32XX.oem4 (.text:GPIO_enableInt)
                  2000e000    0000004c                      : PowerCC32XX.oem4 (.text:PowerCC32XX_parkPin)
                  2000e04c    0000004c                      : PowerCC32XX.oem4 (.text:restorePeriphClocks)
                  2000e098    00000048     nortos_cc32xx.a : ClockPSysTick_nortos.oem4 (.text:ClockP_usleep)
                  2000e0e0    00000048     driverlib.a : flash.obj (.text:FlashDisable)
                  2000e128    00000048                 : prcm.obj (.text:PRCMLPDSEnter)
                  2000e170    00000048                 : prcm.obj (.text:PRCMPeripheralClkEnable)
                  2000e1b8    00000048     drivers_cc32xx.a : PowerCC32XX.oem4 (.text:Power_releaseConstraint)
                  2000e200    00000046                      : TimerCC32XX.oem4 (.text:getPrescaler)
                  2000e246    00000002     nortos_cc32xx.a : SemaphoreP_nortos.oem4 (.text:SemaphoreP_destruct)
                  2000e248    00000044                     : ClockPSysTick_nortos.oem4 (.text:ClockP_stop)
                  2000e28c    00000044     driverlib.a : prcm.obj (.text:PRCMLPDSRestoreInfoSet)
                  2000e2d0    00000044     drivers_cc32xx.a : PowerCC32XX_asm.oem4 (.text:PowerCC32XX_enterLPDS)
                  2000e314    00000044     nortos_cc32xx.a : SemaphoreP_nortos.oem4 (.text:SemaphoreP_post)
                  2000e358    00000044                     : SwiP_nortos.oem4 (.text:SwiP_restore)
                  2000e39c    00000044     drivers_cc32xx.a : Timer.oem4 (.text:Timer_init)
                  2000e3e0    00000044     rtsv7M4_T_le_eabi.lib : autoinit.c.obj (.text:__TI_auto_init_nobinit_nopinit:__TI_auto_init_nobinit_nopinit)
                  2000e424    00000040     driverlib.a : pin.obj (.text:PinModeSet)
                  2000e464    00000040     drivers_cc32xx.a : Timer.oem4 (.text:Timer_open)
                  2000e4a4    0000003c     nortos_cc32xx.a : ClockPSysTick_nortos.oem4 (.text:ClockP_destruct)
                  2000e4e0    0000003c     drivers_cc32xx.a : PowerCC32XX.oem4 (.text:Power_setConstraint)
                  2000e51c    0000003a                      : TimerCC32XX.oem4 (.text:TimerCC32XX_close)
                  2000e556    0000003a     nortos_cc32xx.a : PowerCC32XX_nortos.oem4 (.text:getCountsRTC)
                  2000e590    00000038     driverlib.a : prcm.obj (.text:PRCMLPDSEnterKeepDebugIf)
                  2000e5c8    00000038     drivers_cc32xx.a : TimerCC32XX.oem4 (.text:TimerCC32XX_hwiIntFunction)
                  2000e600    00000038     nortos_cc32xx.a : ClockPSysTick_nortos.oem4 (.text:addToList)
                  2000e638    00000038                     : startup_cc32xx_ccs.oem4 (.text:initVectors)
                  2000e670    00000038     drivers_cc32xx.a : PowerCC32XX.oem4 (.text:notify)
                  2000e6a8    00000036     driverlib.a : timer.obj (.text:TimerControlStall)
                  2000e6de    00000002     drivers_cc32xx.a : TimerCC32XX.oem4 (.text:TimerCC32XX_init)
                  2000e6e0    00000034     nortos_cc32xx.a : ClockPSysTick_nortos.oem4 (.text:ClockP_getTicksUntilInterrupt)
                  2000e714    00000034                     : ClockPSysTick_nortos.oem4 (.text:ClockP_startup)
                  2000e748    00000034     driverlib.a : pin.obj (.text:PinModeGet)
                  2000e77c    00000034     drivers_cc32xx.a : TimerCC32XX.oem4 (.text:TimerCC32XX_freeTimerResource)
                  2000e7b0    00000034                      : TimerCC32XX.oem4 (.text:getPowerMgrId)
                  2000e7e4    00000030     nortos_cc32xx.a : ClockPSysTick_nortos.oem4 (.text:ClockP_start)
                  2000e814    00000030     drivers_cc32xx.a : PowerCC32XX.oem4 (.text:PowerCC32XX_restoreParkedPin)
                  2000e844    0000002a     nortos_cc32xx.a : HwiPCC32XX_nortos.oem4 (.text:HwiP_create)
                  2000e86e    0000002a     driverlib.a : timer.obj (.text:TimerLoadSet)
                  2000e898    0000002a                 : timer.obj (.text:TimerPrescaleSet)
                  2000e8c2    00000002     rtsv7M4_T_le_eabi.lib : _lock.c.obj (.text:_nop)
                  2000e8c4    00000028     driverlib.a : prcm.obj (.text:PRCMPeripheralClkDisable)
                  2000e8ec    00000028     drivers_cc32xx.a : PowerCC32XX.oem4 (.text:Power_registerNotify)
                  2000e914    00000028     rtsv7M4_T_le_eabi.lib : memory.c.obj (.text:free_list_insert)
                  2000e93c    00000026     drivers_cc32xx.a : List.oem4 (.text:List_put)
                  2000e962    00000026                      : List.oem4 (.text:List_remove)
                  2000e988    00000024     nortos_cc32xx.a : HwiPCC32XX_nortos.oem4 (.text:HwiP_dispatch)
                  2000e9ac    00000024     rtsv7M4_T_le_eabi.lib : boot_cortex_m.c.obj (.text:_c_int00_noargs:_c_int00_noargs)
                  2000e9d0    00000024     nortos_cc32xx.a : ClockPSysTick_nortos.oem4 (.text:sleepTicks)
                  2000e9f4    00000020                     : HwiPCC32XX_nortos.oem4 (.text:HwiP_destruct)
                  2000ea14    00000020     drivers_cc32xx.a : PowerCC32XX.oem4 (.text:Power_unregisterNotify)
                  2000ea34    0000001e     driverlib.a : timer.obj (.text:TimerDisable)
                  2000ea52    0000001e                 : timer.obj (.text:TimerEnable)
                  2000ea70    0000001c                 : pin.obj (.text:PinToPadGet)
                  2000ea8c    0000001c     nortos_cc32xx.a : SwiP_nortos.oem4 (.text:SwiP_disable)
                  2000eaa8    0000001c     gpiointerrupt.obj (.text:changeState)
                  2000eac4    0000001c     rtsv7M4_T_le_eabi.lib : copy_zero_init.c.obj (.text:decompress:ZI:__TI_zero_init_nomemset:__TI_zero_init_nomemset)
                  2000eae0    0000001c                           : memory.c.obj (.text:free_list_remove)
                  2000eafc    0000001a     nortos_cc32xx.a : SemaphoreP_nortos.oem4 (.text:SemaphoreP_createBinary)
                  2000eb16    00000002                     : startup_cc32xx_ccs.oem4 (.text:busFaultHandler)
                  2000eb18    0000001a                     : startup_cc32xx_ccs.oem4 (.text:resetISR)
                  2000eb32    00000002                     : SemaphoreP_nortos.oem4 (.text:clkFxn)
                  2000eb34    00000018     drivers_cc32xx.a : PowerCC32XX.oem4 (.text:Power_getTransitionLatency)
                  2000eb4c    00000018                      : PowerCC32XX.oem4 (.text:Power_idleFunc)
                  2000eb64    00000018                      : TimerCC32XX.oem4 (.text:TimerCC32XX_getCount)
                  2000eb7c    00000018     driverlib.a : timer.obj (.text:TimerIntDisable)
                  2000eb94    00000018                 : timer.obj (.text:TimerIntEnable)
                  2000ebac    00000018     rtsv7M4_T_le_eabi.lib : ll_mul_t2.asm.obj (.text)
                  2000ebc4    00000016     driverlib.a : prcm.obj (.text:PRCMHIBRegRead)
                  2000ebda    00000016                 : prcm.obj (.text:PRCMHIBRegWrite)
                  2000ebf0    00000016     nortos_cc32xx.a : SemaphoreP_nortos.oem4 (.text:SemaphoreP_create)
                  2000ec06    00000014     driverlib.a : cpu.obj (.text:CPUcpsid)
                  2000ec1a    00000002     nortos_cc32xx.a : startup_cc32xx_ccs.oem4 (.text:defaultHandler)
                  2000ec1c    00000014                     : HwiPCC32XX_nortos.oem4 (.text:HwiP_inISR)
                  2000ec30    00000014     driverlib.a : interrupt.obj (.text:IntVTableBaseSet)
                  2000ec44    00000014     drivers_cc32xx.a : PowerCC32XX.oem4 (.text:Power_disablePolicy)
                  2000ec58    00000014                      : PowerCC32XX.oem4 (.text:Power_getDependencyCount)
                  2000ec6c    00000012     nortos_cc32xx.a : HwiPCC32XX_nortos.oem4 (.text:HwiP_Params_init)
                  2000ec7e    00000012     driverlib.a : timer.obj (.text:TimerIntClear)
                  2000ec90    00000012     main_nortos.obj (.text:main)
                  2000eca2    00000010     ti_drivers_config.obj (.text:Board_init)
                  2000ecb2    00000010     nortos_cc32xx.a : ClockPSysTick_nortos.oem4 (.text:ClockP_add)
                  2000ecc2    00000002                     : startup_cc32xx_ccs.oem4 (.text:faultISR)
                  2000ecc4    00000010                     : ClockPSysTick_nortos.oem4 (.text:ClockP_getCpuFreq)
                  2000ecd4    00000010                     : ClockPSysTick_nortos.oem4 (.text:ClockP_getSystemTicks)
                  2000ece4    00000010                     : ClockPSysTick_nortos.oem4 (.text:ClockP_setTicks)
                  2000ecf4    00000010                     : HwiPCC32XX_nortos.oem4 (.text:HwiP_delete)
                  2000ed04    00000010                     : HwiPCC32XX_nortos.oem4 (.text:HwiP_restore)
                  2000ed14    00000010     drivers_cc32xx.a : PowerCC32XX.oem4 (.text:Power_enablePolicy)
                  2000ed24    00000010     nortos_cc32xx.a : SemaphoreP_nortos.oem4 (.text:SemaphoreP_Params_init)
                  2000ed34    00000010     drivers_cc32xx.a : Timer.oem4 (.text:Timer_Params_init)
                  2000ed44    0000000e     nortos_cc32xx.a : HwiPCC32XX_nortos.oem4 (.text:HwiP_clearInterrupt)
                  2000ed52    0000000e                     : HwiPCC32XX_nortos.oem4 (.text:HwiP_disable)
                  2000ed60    0000000e                     : HwiPCC32XX_nortos.oem4 (.text:HwiP_enable)
                  2000ed6e    0000000e     rtsv7M4_T_le_eabi.lib : copy_decompress_none.c.obj (.text:decompress:none:__TI_decompress_none)
                  2000ed7c    0000000c     drivers_cc32xx.a : PowerCC32XX.oem4 (.text:Power_getConstraintMask)
                  2000ed88    0000000c     gpiointerrupt.obj (.text:gpioButtonFxn0)
                  2000ed94    0000000c     gpiointerrupt.obj (.text:gpioButtonFxn1)
                  2000eda0    0000000c     drivers_cc32xx.a : TimerCC32XX.oem4 (.text:postNotifyFxn)
                  2000edac    0000000a     nortos_cc32xx.a : ClockPSysTick_nortos.oem4 (.text:ClockP_isActive)
                  2000edb6    0000000a     driverlib.a : interrupt.obj (.text:IntMasterDisable)
                  2000edc0    0000000a     drivers_cc32xx.a : Timer.oem4 (.text:Timer_start)
                  2000edca    00000008     rtsv7M4_T_le_eabi.lib : memory.c.obj (.text:malloc)
                  2000edd2    00000006     drivers_cc32xx.a : TimerCC32XX.oem4 (.text:TimerCC32XX_control)
                  2000edd8    00000006     driverlib.a : utils.obj (.text:UtilsDelay)
                  2000edde    00000004     nortos_cc32xx.a : HwiPCC32XX_nortos.oem4 (.text:HwiP_post)
                  2000ede2    00000004                     : SemaphoreP_nortos.oem4 (.text:SemaphoreP_delete)
                  2000ede6    00000004     rtsv7M4_T_le_eabi.lib : pre_init.c.obj (.text:_system_pre_init)
                  2000edea    00000004                           : exit.c.obj (.text:abort:abort)
                  2000edee    00000002     nortos_cc32xx.a : startup_cc32xx_ccs.oem4 (.text:nmiISR)
                  2000edf0    00000002     rtsv7M4_T_le_eabi.lib : div0.asm.obj (.text)

.const     0    2000f3dc    000002fc     
                  2000f3dc    00000100     driverlib.a : pin.obj (.const:g_ulPinToPadMap)
                  2000f4dc    000000a8                 : prcm.obj (.const:PRCM_PeriphRegsList)
                  2000f584    00000044     ti_drivers_config.obj (.const:PowerCC32XX_config)
                  2000f5c8    00000021     drivers_cc32xx.a : GPIOCC32XX.oem4 (.const:.string:pinTable)
                  2000f5e9    00000003     --HOLE-- [fill = 0]
                  2000f5ec    00000020                      : TimerCC32XX.oem4 (.const:TimerCC32XX_fxnTable)
                  2000f60c    00000018     driverlib.a : interrupt.obj (.const:g_pulEnRegs)
                  2000f624    00000018                 : interrupt.obj (.const:g_pulPendRegs)
                  2000f63c    00000014     gpiointerrupt.obj (.const:.string)
                  2000f650    00000014     ti_drivers_config.obj (.const:GPIOCC32XX_config)
                  2000f664    00000014     drivers_cc32xx.a : GPIOCC32XX.oem4 (.const:gpioBaseAddresses)
                  2000f678    00000014                      : GPIOCC32XX.oem4 (.const:powerResources)
                  2000f68c    00000010     ti_drivers_config.obj (.const:timerCC32XXHWAttrs)
                  2000f69c    0000000c     ti_drivers_config.obj (.const:Timer_config)
                  2000f6a8    0000000c     drivers_cc32xx.a : Timer.oem4 (.const:defaultParams)
                  2000f6b4    00000008                      : GPIOCC32XX.oem4 (.const:outPinTypes)
                  2000f6bc    00000006                      : GPIOCC32XX.oem4 (.const:.string:interruptType)
                  2000f6c2    00000006                      : GPIOCC32XX.oem4 (.const:inPinTypes)
                  2000f6c8    00000006                      : GPIOCC32XX.oem4 (.const:outPinStrengths)
                  2000f6ce    00000006     ti_drivers_config.obj (.const)
                  2000f6d4    00000004     drivers_cc32xx.a : GPIOCC32XX.oem4 (.const:.string:portInterruptIds)

.cinit     0    2000f898    00000110     
                  2000f898    000000e5     (.cinit..data.load) [load image, compression = lzss]
                  2000f97d    00000003     --HOLE-- [fill = 0]
                  2000f980    0000000c     (__TI_handler_table)
                  2000f98c    00000004     --HOLE-- [fill = 0]
                  2000f990    00000008     (.cinit..bss.load) [load image, compression = zero_init]
                  2000f998    00000010     (__TI_cinit_table)

.init_array 
*          0    20004000    00000000     UNINITIALIZED

.ramVecs   0    20000000    0000030c     NOLOAD SECTION
                  20000000    0000030c     nortos_cc32xx.a : startup_cc32xx_ccs.oem4 (.ramVecs)

.stack     0    20003000    00001000     UNINITIALIZED
                  20003000    00000004     rtsv7M4_T_le_eabi.lib : boot_cortex_m.c.obj (.stack)
                  20003004    00000ffc     --HOLE--

.resetVecs 
*          0    20004000    00000040     
                  20004000    00000040     nortos_cc32xx.a : startup_cc32xx_ccs.oem4 (.resetVecs:retain)

.sysmem    0    20004040    00008000     UNINITIALIZED
                  20004040    00000010     rtsv7M4_T_le_eabi.lib : memory.c.obj (.sysmem)
                  20004050    00007ff0     --HOLE--

.data      0    2000edf4    000005e6     UNINITIALIZED
                  2000edf4    0000030c     nortos_cc32xx.a : HwiPCC32XX_nortos.oem4 (.data:HwiP_dispatchTable)
                  2000f100    0000016c     drivers_cc32xx.a : PowerCC32XX.oem4 (.data:PowerCC32XX_module)
                  2000f26c    000000f8     ti_drivers_config.obj (.data:parkInfo)
                  2000f364    00000024     gpiointerrupt.obj (.data)
                  2000f388    00000010     ti_drivers_config.obj (.data:gpioCallbackFunctions)
                  2000f398    00000010     ti_drivers_config.obj (.data:gpioPinConfigs)
                  2000f3a8    00000009     drivers_cc32xx.a : GPIOCC32XX.oem4 (.data)
                  2000f3b1    00000003     nortos_cc32xx.a : SemaphoreP_nortos.oem4 (.data)
                  2000f3b4    00000008     rtsv7M4_T_le_eabi.lib : _lock.c.obj (.data:$O1$$)
                  2000f3bc    00000008                           : memory.c.obj (.data:$O1$$)
                  2000f3c4    00000008     nortos_cc32xx.a : SemaphoreP_nortos.oem4 (.data:SemaphoreP_defaultParams)
                  2000f3cc    00000008                     : HwiPCC32XX_nortos.oem4 (.data)
                  2000f3d4    00000005                     : ClockPSysTick_nortos.oem4 (.data)
                  2000f3d9    00000001     drivers_cc32xx.a : Timer.oem4 (.data)

.bss       0    2000f6d8    000001c0     UNINITIALIZED
                  2000f6d8    0000012c     (.common:PowerCC32XX_contextSave)
                  2000f804    00000034     (.common:timerCC32XXObjects)
                  2000f838    00000020     drivers_cc32xx.a : GPIOCC32XX.oem4 (.bss:gpioCallbackInfo)
                  2000f858    00000014                      : GPIOCC32XX.oem4 (.bss:powerNotifyObj)
                  2000f86c    00000004                      : GPIOCC32XX.oem4 (.bss)
                  2000f870    00000010     (.common:ClockP_ctrl)
                  2000f880    0000000d     nortos_cc32xx.a : SwiP_nortos.oem4 (.bss)
                  2000f88d    00000003     --HOLE--
                  2000f890    00000004                     : ClockPSysTick_nortos.oem4 (.bss)
                  2000f894    00000004     drivers_cc32xx.a : TimerCC32XX.oem4 (.bss:timerState)

.log_data 
*          0    90000000    00000000     COPY SECTION

__llvm_prf_cnts 
*          0    20004000    00000000     UNINITIALIZED

MODULE SUMMARY

       Module                       code    ro data   rw data
       ------                       ----    -------   -------
    .\
       gpiointerrupt.obj            604     20        36     
       main_nortos.obj              18      0         0      
    +--+----------------------------+-------+---------+---------+
       Total:                       622     20        36     
                                                             
    .\syscfg\
       ti_drivers_config.obj        18      122       332    
    +--+----------------------------+-------+---------+---------+
       Total:                       18      122       332    
                                                             
    C:/ti/simplelink_cc32xx_sdk_4_30_00_06/kernel/nortos/lib/ccs/m4/nortos_cc32xx.a
       HwiPCC32XX_nortos.oem4       366     0         788    
       startup_cc32xx_ccs.oem4      90      64        780    
       ClockPSysTick_nortos.oem4    786     0         25     
       PowerCC32XX_nortos.oem4      472     0         0      
       SemaphoreP_nortos.oem4       380     0         11     
       SwiP_nortos.oem4             96      0         13     
    +--+----------------------------+-------+---------+---------+
       Total:                       2190    64        1617   
                                                             
    C:/ti/simplelink_cc32xx_sdk_4_30_00_06/source/ti/devices/cc32xx/driverlib/ccs/Release/driverlib.a
       prcm.obj                     1604    168       0      
       pin.obj                      280     256       0      
       interrupt.obj                334     48        0      
       timer.obj                    264     0         0      
       flash.obj                    72      0         0      
       cpu.obj                      20      0         0      
       utils.obj                    6       0         0      
    +--+----------------------------+-------+---------+---------+
       Total:                       2580    472       0      
                                                             
    C:/ti/simplelink_cc32xx_sdk_4_30_00_06/source/ti/drivers/lib/ccs/m4/drivers_cc32xx.a
       PowerCC32XX.oem4             2300    0         664    
       GPIOCC32XX.oem4              1208    103       65     
       TimerCC32XX.oem4             1132    32        4      
       Timer.oem4                   158     12        1      
       PowerCC32XX_asm.oem4         150     0         0      
       List.oem4                    76      0         0      
    +--+----------------------------+-------+---------+---------+
       Total:                       5024    147       734    
                                                             
    C:\ti\ccs1240\ccs\tools\compiler\ti-cgt-arm_20.2.7.LTS\lib\rtsv7M4_T_le_eabi.lib
       memory.c.obj                 672     0         8      
       memcpy_t2.asm.obj            156     0         0      
       ull_div_t2.asm.obj           150     0         0      
       copy_decompress_lzss.c.obj   104     0         0      
       autoinit.c.obj               68      0         0      
       boot_cortex_m.c.obj          36      0         0      
       copy_zero_init.c.obj         28      0         0      
       ll_mul_t2.asm.obj            24      0         0      
       copy_decompress_none.c.obj   14      0         0      
       _lock.c.obj                  2       0         8      
       exit.c.obj                   4       0         0      
       pre_init.c.obj               4       0         0      
       div0.asm.obj                 2       0         0      
    +--+----------------------------+-------+---------+---------+
       Total:                       1264    0         16     
                                                             
       Heap:                        0       0         32768  
       Stack:                       0       0         4096   
       Linker Generated:            0       265       0      
    +--+----------------------------+-------+---------+---------+
       Grand Total:                 11698   1090      39599  


LINKER GENERATED COPY TABLES

__TI_cinit_table @ 2000f998 records: 2, size/record: 8, table size: 16
	.data: load addr=2000f898, load size=000000e5 bytes, run addr=2000edf4, run size=000005e6 bytes, compression=lzss
	.bss: load addr=2000f990, load size=00000008 bytes, run addr=2000f6d8, run size=000001c0 bytes, compression=zero_init


LINKER GENERATED HANDLER TABLE

__TI_handler_table @ 2000f980 records: 3, size/record: 4, table size: 12
	index: 0, handler: __TI_decompress_lzss
	index: 1, handler: __TI_decompress_none
	index: 2, handler: __TI_zero_init


GLOBAL SYMBOLS: SORTED ALPHABETICALLY BY Name 

address   name                             
-------   ----                             
2000eca3  Board_init                       
2000d42b  Board_initHook                   
2000edeb  C$$EXIT                          
2000f6ce  CONFIG_GPIO_BUTTON_0_CONST       
2000f6cf  CONFIG_GPIO_BUTTON_1_CONST       
2000f6d0  CONFIG_GPIO_LED_0_CONST          
2000f6d1  CONFIG_GPIO_LED_1_CONST          
2000f6d2  CONFIG_TIMER_0_CONST             
2000ec07  CPUcpsid                         
2000ecb3  ClockP_add                       
2000f870  ClockP_ctrl                      
2000e4a5  ClockP_destruct                  
2000de75  ClockP_doTick                    
2000ecc5  ClockP_getCpuFreq                
2000ecd5  ClockP_getSystemTicks            
2000e6e1  ClockP_getTicksUntilInterrupt    
2000edad  ClockP_isActive                  
2000ece5  ClockP_setTicks                  
2000e7e5  ClockP_start                     
2000e715  ClockP_startup                   
2000e249  ClockP_stop                      
2000de75  ClockP_sysTickHandler            
2000f3d4  ClockP_tickPeriod                
2000e099  ClockP_usleep                    
2000e0e1  FlashDisable                     
2000f650  GPIOCC32XX_config                
2000dfb5  GPIO_enableInt                   
2000d869  GPIO_hwiIntFxn                   
2000ceed  GPIO_init                        
2000dbb9  GPIO_setCallback                 
2000c46d  GPIO_setConfig                   
2000dc71  GPIO_write                       
2000ec6d  HwiP_Params_init                 
2000ed45  HwiP_clearInterrupt              
2000d4bd  HwiP_construct                   
2000e845  HwiP_create                      
2000ecf5  HwiP_delete                      
2000e9f5  HwiP_destruct                    
2000ed53  HwiP_disable                     
2000e989  HwiP_dispatch                    
2000ed61  HwiP_enable                      
2000ec1d  HwiP_inISR                       
2000f3cc  HwiP_key                         
2000eddf  HwiP_post                        
2000ed05  HwiP_restore                     
2000f3d0  HwiP_swiPIntNum                  
UNDEFED   ITM_flush                        
UNDEFED   ITM_restore                      
2000d071  IntEnable                        
2000edb7  IntMasterDisable                 
2000d549  IntPendSet                       
2000ec31  IntVTableBaseSet                 
2000e93d  List_put                         
2000e963  List_remove                      
2000ed61  NoRTOS_start                     
2000f368  OK                               
2000c041  PRCMCC3200MCUInit                
2000ebc5  PRCMHIBRegRead                   
2000ebdb  PRCMHIBRegWrite                  
2000e129  PRCMLPDSEnter                    
2000e591  PRCMLPDSEnterKeepDebugIf         
2000e28d  PRCMLPDSRestoreInfoSet           
2000e8c5  PRCMPeripheralClkDisable         
2000e171  PRCMPeripheralClkEnable          
2000dcc9  PRCMPeripheralReset              
2000daf9  PRCMSysResetCauseGet             
2000d5d1  PinConfigSet                     
2000e749  PinModeGet                       
2000e425  PinModeSet                       
2000ea71  PinToPadGet                      
2000f584  PowerCC32XX_config               
2000d119  PowerCC32XX_configureWakeup      
2000f6d8  PowerCC32XX_contextSave          
2000e2d1  PowerCC32XX_enterLPDS            
2000de73  PowerCC32XX_initPolicy           
2000f100  PowerCC32XX_module               
2000e001  PowerCC32XX_parkPin              
2000e815  PowerCC32XX_restoreParkedPin     
2000ddcf  PowerCC32XX_resumeLPDS           
2000da31  PowerCC32XX_setParkState         
2000c651  PowerCC32XX_sleepPolicy          
2000ec45  Power_disablePolicy              
2000ed15  Power_enablePolicy               
2000ed7d  Power_getConstraintMask          
2000ec59  Power_getDependencyCount         
2000eb35  Power_getTransitionLatency       
2000eb4d  Power_idleFunc                   
2000d6e1  Power_init                       
2000e8ed  Power_registerNotify             
2000e1b9  Power_releaseConstraint          
2000dd21  Power_releaseDependency          
2000e4e1  Power_setConstraint              
2000d7e9  Power_setDependency              
2000caa9  Power_sleep                      
2000ea15  Power_unregisterNotify           
2000f364  SOS                              
2000ed25  SemaphoreP_Params_init           
2000dec5  SemaphoreP_construct             
2000ebf1  SemaphoreP_create                
2000eafd  SemaphoreP_createBinary          
2000f3c4  SemaphoreP_defaultParams         
2000ede3  SemaphoreP_delete                
2000e247  SemaphoreP_destruct              
2000d1c1  SemaphoreP_pend                  
2000e315  SemaphoreP_post                  
2000ea8d  SwiP_disable                     
2000e359  SwiP_restore                     
2000df15  TimerCC32XX_allocateTimerResource
2000e51d  TimerCC32XX_close                
2000edd3  TimerCC32XX_control              
2000e77d  TimerCC32XX_freeTimerResource    
2000f5ec  TimerCC32XX_fxnTable             
2000eb65  TimerCC32XX_getCount             
2000e6df  TimerCC32XX_init                 
2000cbe1  TimerCC32XX_open                 
2000d659  TimerCC32XX_setPeriod            
2000d8e1  TimerCC32XX_start                
2000dd79  TimerCC32XX_stop                 
2000e6a9  TimerControlStall                
2000ea35  TimerDisable                     
2000ea53  TimerEnable                      
2000ec7f  TimerIntClear                    
2000eb7d  TimerIntDisable                  
2000eb95  TimerIntEnable                   
2000e86f  TimerLoadSet                     
2000e899  TimerPrescaleSet                 
2000ed35  Timer_Params_init                
2000f69c  Timer_config                     
2000f6d3  Timer_count                      
2000e39d  Timer_init                       
2000e465  Timer_open                       
2000edc1  Timer_start                      
2000edd9  UtilsDelay                       
20004000  __STACK_END                      
00001000  __STACK_SIZE                     
00008000  __SYSMEM_SIZE                    
2000f998  __TI_CINIT_Base                  
2000f9a8  __TI_CINIT_Limit                 
2000f980  __TI_Handler_Table_Base          
2000f98c  __TI_Handler_Table_Limit         
2000e3e1  __TI_auto_init_nobinit_nopinit   
2000d9c9  __TI_decompress_lzss             
2000ed6f  __TI_decompress_none             
ffffffff  __TI_pprof_out_hndl              
ffffffff  __TI_prof_data_size              
ffffffff  __TI_prof_data_start             
2000f898  __TI_static_base__               
2000eac5  __TI_zero_init_nomemset          
2000edf1  __aeabi_idiv0                    
2000edf1  __aeabi_ldiv0                    
2000ebad  __aeabi_lmul                     
2000d261  __aeabi_memcpy                   
2000d261  __aeabi_memcpy4                  
2000d261  __aeabi_memcpy8                  
2000d395  __aeabi_uldivmod                 
ffffffff  __binit__                        
ffffffff  __c_args__                       
UNDEFED   __mpu_init                       
20003000  __stack                          
20004000  __start___llvm_prf_cnts          
20004000  __stop___llvm_prf_cnts           
2000e9ad  _c_int00_noargs                  
2000f3b4  _lock                            
2000e8c3  _nop                             
20004040  _sys_memory                      
UNDEFED   _system_post_cinit               
2000ede7  _system_pre_init                 
2000f3b8  _unlock                          
2000edeb  abort                            
2000cd09  aligned_alloc                    
ffffffff  binit                            
2000eaa9  changeState                      
2000f378  charPause                        
2000eb33  clkFxn                           
2000f36c  currentState                     
2000f374  dashPause                        
2000f37c  dotPause                         
2000ce09  free                             
2000ed89  gpioButtonFxn0                   
2000ed95  gpioButtonFxn1                   
2000f388  gpioCallbackFunctions            
2000f398  gpioPinConfigs                   
2000f6c2  inPinTypes                       
2000df65  initTimer                        
2000e639  initVectors                      
2000ec91  main                             
2000da95  mainThread                       
2000edcb  malloc                           
2000cd09  memalign                         
2000d261  memcpy                           
2000f6c8  outPinStrengths                  
2000f6b4  outPinTypes                      
2000f26c  parkInfo                         
2000f384  queue                            
2000eb19  resetISR                         
2000eb2c  resetVectorAddr                  
20004000  resetVectors                     
2000f370  symbolIndex                      
2000f68c  timerCC32XXHWAttrs               
2000f804  timerCC32XXObjects               
2000c7ed  timerCallback                    
2000e099  usleep                           
2000f380  wordPause                        


GLOBAL SYMBOLS: SORTED BY Symbol Address 

address   name                             
-------   ----                             
00001000  __STACK_SIZE                     
00008000  __SYSMEM_SIZE                    
20003000  __stack                          
20004000  __STACK_END                      
20004000  __start___llvm_prf_cnts          
20004000  __stop___llvm_prf_cnts           
20004000  resetVectors                     
20004040  _sys_memory                      
2000c041  PRCMCC3200MCUInit                
2000c46d  GPIO_setConfig                   
2000c651  PowerCC32XX_sleepPolicy          
2000c7ed  timerCallback                    
2000caa9  Power_sleep                      
2000cbe1  TimerCC32XX_open                 
2000cd09  aligned_alloc                    
2000cd09  memalign                         
2000ce09  free                             
2000ceed  GPIO_init                        
2000d071  IntEnable                        
2000d119  PowerCC32XX_configureWakeup      
2000d1c1  SemaphoreP_pend                  
2000d261  __aeabi_memcpy                   
2000d261  __aeabi_memcpy4                  
2000d261  __aeabi_memcpy8                  
2000d261  memcpy                           
2000d395  __aeabi_uldivmod                 
2000d42b  Board_initHook                   
2000d4bd  HwiP_construct                   
2000d549  IntPendSet                       
2000d5d1  PinConfigSet                     
2000d659  TimerCC32XX_setPeriod            
2000d6e1  Power_init                       
2000d7e9  Power_setDependency              
2000d869  GPIO_hwiIntFxn                   
2000d8e1  TimerCC32XX_start                
2000d9c9  __TI_decompress_lzss             
2000da31  PowerCC32XX_setParkState         
2000da95  mainThread                       
2000daf9  PRCMSysResetCauseGet             
2000dbb9  GPIO_setCallback                 
2000dc71  GPIO_write                       
2000dcc9  PRCMPeripheralReset              
2000dd21  Power_releaseDependency          
2000dd79  TimerCC32XX_stop                 
2000ddcf  PowerCC32XX_resumeLPDS           
2000de73  PowerCC32XX_initPolicy           
2000de75  ClockP_doTick                    
2000de75  ClockP_sysTickHandler            
2000dec5  SemaphoreP_construct             
2000df15  TimerCC32XX_allocateTimerResource
2000df65  initTimer                        
2000dfb5  GPIO_enableInt                   
2000e001  PowerCC32XX_parkPin              
2000e099  ClockP_usleep                    
2000e099  usleep                           
2000e0e1  FlashDisable                     
2000e129  PRCMLPDSEnter                    
2000e171  PRCMPeripheralClkEnable          
2000e1b9  Power_releaseConstraint          
2000e247  SemaphoreP_destruct              
2000e249  ClockP_stop                      
2000e28d  PRCMLPDSRestoreInfoSet           
2000e2d1  PowerCC32XX_enterLPDS            
2000e315  SemaphoreP_post                  
2000e359  SwiP_restore                     
2000e39d  Timer_init                       
2000e3e1  __TI_auto_init_nobinit_nopinit   
2000e425  PinModeSet                       
2000e465  Timer_open                       
2000e4a5  ClockP_destruct                  
2000e4e1  Power_setConstraint              
2000e51d  TimerCC32XX_close                
2000e591  PRCMLPDSEnterKeepDebugIf         
2000e639  initVectors                      
2000e6a9  TimerControlStall                
2000e6df  TimerCC32XX_init                 
2000e6e1  ClockP_getTicksUntilInterrupt    
2000e715  ClockP_startup                   
2000e749  PinModeGet                       
2000e77d  TimerCC32XX_freeTimerResource    
2000e7e5  ClockP_start                     
2000e815  PowerCC32XX_restoreParkedPin     
2000e845  HwiP_create                      
2000e86f  TimerLoadSet                     
2000e899  TimerPrescaleSet                 
2000e8c3  _nop                             
2000e8c5  PRCMPeripheralClkDisable         
2000e8ed  Power_registerNotify             
2000e93d  List_put                         
2000e963  List_remove                      
2000e989  HwiP_dispatch                    
2000e9ad  _c_int00_noargs                  
2000e9f5  HwiP_destruct                    
2000ea15  Power_unregisterNotify           
2000ea35  TimerDisable                     
2000ea53  TimerEnable                      
2000ea71  PinToPadGet                      
2000ea8d  SwiP_disable                     
2000eaa9  changeState                      
2000eac5  __TI_zero_init_nomemset          
2000eafd  SemaphoreP_createBinary          
2000eb19  resetISR                         
2000eb2c  resetVectorAddr                  
2000eb33  clkFxn                           
2000eb35  Power_getTransitionLatency       
2000eb4d  Power_idleFunc                   
2000eb65  TimerCC32XX_getCount             
2000eb7d  TimerIntDisable                  
2000eb95  TimerIntEnable                   
2000ebad  __aeabi_lmul                     
2000ebc5  PRCMHIBRegRead                   
2000ebdb  PRCMHIBRegWrite                  
2000ebf1  SemaphoreP_create                
2000ec07  CPUcpsid                         
2000ec1d  HwiP_inISR                       
2000ec31  IntVTableBaseSet                 
2000ec45  Power_disablePolicy              
2000ec59  Power_getDependencyCount         
2000ec6d  HwiP_Params_init                 
2000ec7f  TimerIntClear                    
2000ec91  main                             
2000eca3  Board_init                       
2000ecb3  ClockP_add                       
2000ecc5  ClockP_getCpuFreq                
2000ecd5  ClockP_getSystemTicks            
2000ece5  ClockP_setTicks                  
2000ecf5  HwiP_delete                      
2000ed05  HwiP_restore                     
2000ed15  Power_enablePolicy               
2000ed25  SemaphoreP_Params_init           
2000ed35  Timer_Params_init                
2000ed45  HwiP_clearInterrupt              
2000ed53  HwiP_disable                     
2000ed61  HwiP_enable                      
2000ed61  NoRTOS_start                     
2000ed6f  __TI_decompress_none             
2000ed7d  Power_getConstraintMask          
2000ed89  gpioButtonFxn0                   
2000ed95  gpioButtonFxn1                   
2000edad  ClockP_isActive                  
2000edb7  IntMasterDisable                 
2000edc1  Timer_start                      
2000edcb  malloc                           
2000edd3  TimerCC32XX_control              
2000edd9  UtilsDelay                       
2000eddf  HwiP_post                        
2000ede3  SemaphoreP_delete                
2000ede7  _system_pre_init                 
2000edeb  C$$EXIT                          
2000edeb  abort                            
2000edf1  __aeabi_idiv0                    
2000edf1  __aeabi_ldiv0                    
2000f100  PowerCC32XX_module               
2000f26c  parkInfo                         
2000f364  SOS                              
2000f368  OK                               
2000f36c  currentState                     
2000f370  symbolIndex                      
2000f374  dashPause                        
2000f378  charPause                        
2000f37c  dotPause                         
2000f380  wordPause                        
2000f384  queue                            
2000f388  gpioCallbackFunctions            
2000f398  gpioPinConfigs                   
2000f3b4  _lock                            
2000f3b8  _unlock                          
2000f3c4  SemaphoreP_defaultParams         
2000f3cc  HwiP_key                         
2000f3d0  HwiP_swiPIntNum                  
2000f3d4  ClockP_tickPeriod                
2000f584  PowerCC32XX_config               
2000f5ec  TimerCC32XX_fxnTable             
2000f650  GPIOCC32XX_config                
2000f68c  timerCC32XXHWAttrs               
2000f69c  Timer_config                     
2000f6b4  outPinTypes                      
2000f6c2  inPinTypes                       
2000f6c8  outPinStrengths                  
2000f6ce  CONFIG_GPIO_BUTTON_0_CONST       
2000f6cf  CONFIG_GPIO_BUTTON_1_CONST       
2000f6d0  CONFIG_GPIO_LED_0_CONST          
2000f6d1  CONFIG_GPIO_LED_1_CONST          
2000f6d2  CONFIG_TIMER_0_CONST             
2000f6d3  Timer_count                      
2000f6d8  PowerCC32XX_contextSave          
2000f804  timerCC32XXObjects               
2000f870  ClockP_ctrl                      
2000f898  __TI_static_base__               
2000f980  __TI_Handler_Table_Base          
2000f98c  __TI_Handler_Table_Limit         
2000f998  __TI_CINIT_Base                  
2000f9a8  __TI_CINIT_Limit                 
ffffffff  __TI_pprof_out_hndl              
ffffffff  __TI_prof_data_size              
ffffffff  __TI_prof_data_start             
ffffffff  __binit__                        
ffffffff  __c_args__                       
ffffffff  binit                            
UNDEFED   ITM_flush                        
UNDEFED   ITM_restore                      
UNDEFED   __mpu_init                       
UNDEFED   _system_post_cinit               

[203 symbols]
